******************************************************************************
                  TI ARM Linker PC v16.9.3                     
******************************************************************************
>> Linked Thu Jun 29 11:06:48 2017

OUTPUT FILE NAME:   <empty_EK_TM4C123GXL_TI.out>
ENTRY POINT SYMBOL: "_c_int00"  address: 00004b11


MEMORY CONFIGURATION

         name            origin    length      used     unused   attr    fill
----------------------  --------  ---------  --------  --------  ----  --------
  FLASH                 00000000   00040000  00008cde  00037322  R  X
  SRAM                  20000000   00008000  00001dae  00006252  RW X


SEGMENT ALLOCATION MAP

run origin  load origin   length   init length attrs members
----------  ----------- ---------- ----------- ----- -------
00000000    00000000    00008ce8   00008ce8    r-x
  00000000    00000000    0000003c   0000003c    r-- .resetVecs
  00000040    00000040    00006932   00006932    r-x .text
  00006974    00006974    00002168   00002168    r-- .const
  00008ae0    00008ae0    00000208   00000208    r-- .cinit
20000000    20000000    00001db0   00000000    rw-
  20000000    20000000    00000360   00000000    rw- .vecs
  20000360    20000360    00001328   00000000    rw- .bss
  20001688    20001688    00000426   00000000    rw- .data
  20001ab0    20001ab0    00000300   00000000    rw- .stack


SECTION ALLOCATION MAP

 output                                  attributes/
section   page    origin      length       input sections
--------  ----  ----------  ----------   ----------------
.text      0    00000040    00006932     
                  00000040    00000430     sysbios.aem4f : BIOS.obj (.text:ti_sysbios_family_arm_m3_Hwi_excDumpRegs__I)
                  00000470    0000034c     ti.targets.arm.rtsarm.aem4f : System.oem4f (.text:xdc_runtime_System_doPrint__I)
                  000007bc    00000324     rtsv7M4_T_le_v4SPD16_eabi.lib : trgdrv.obj (.text)
                  00000ae0    000002c8     sysbios.aem4f : BIOS.obj (.text:ti_sysbios_knl_Semaphore_pend__E)
                  00000da8    00000258                   : BIOS.obj (.text:ti_sysbios_heaps_HeapMem_free__E)
                  00001000    00000248                   : BIOS.obj (.text:ti_sysbios_heaps_HeapMem_alloc__E)
                  00001248    00000224                   : BIOS.obj (.text:ti_sysbios_knl_Task_Instance_finalize__E)
                  0000146c    0000020c     drivers_tivaware.aem4f : UARTTiva.oem4f (.text:UARTTiva_open)
                  00001678    000001fc     sysbios.aem4f : BIOS.obj (.text:ti_sysbios_family_arm_m3_Hwi_excHandlerMax__I)
                  00001874    00000004     driverlib.lib : uart.obj (.text:UARTIntClear)
                  00001878    000001c8     sysbios.aem4f : BIOS.obj (.text:ti_sysbios_knl_Task_Instance_init__E)
                  00001a40    00000174                   : BIOS.obj (.text:ti_sysbios_family_arm_m3_Hwi_excBusFault__I)
                  00001bb4    00000004     empty_pem4f.oem4f (.text:ti_sysbios_BIOS_RtsGateProxy_enter__E)
                  00001bb8    00000164     sysbios.aem4f : BIOS.obj (.text:ti_sysbios_family_arm_m3_Hwi_excUsageFault__I)
                  00001d1c    00000004     empty_pem4f.oem4f (.text:ti_sysbios_BIOS_RtsGateProxy_leave__E)
                  00001d20    00000154     sysbios.aem4f : BIOS.obj (.text:ti_sysbios_knl_Mailbox_Instance_init__E)
                  00001e74    00000150     drivers_tivaware.aem4f : GPIOTiva.oem4f (.text:GPIO_setConfig)
                  00001fc4    00000004     sysbios.aem4f : BIOS.obj (.text:ti_sysbios_family_arm_lm4_Timer_masterEnable__I)
                  00001fc8    00000148                   : BIOS.obj (.text:ti_sysbios_family_arm_m3_Hwi_excMemFault__I)
                  00002110    0000013c                   : BIOS.obj (.text:ti_sysbios_heaps_HeapMem_Instance_init__E)
                  0000224c    00000130     driverlib.lib : gpio.obj (.text:GPIOPadConfigSet)
                  0000237c    00000120     empty.obj (.text:main)
                  0000249c    00000004     empty_pem4f.oem4f (.text:ti_sysbios_family_arm_m3_Hwi_destruct)
                  000024a0    00000120     sysbios.aem4f : BIOS.obj (.text:ti_sysbios_family_arm_lm4_Timer_start__E)
                  000025c0    0000011c                   : BIOS.obj (.text:ti_sysbios_knl_Clock_Instance_init__E)
                  000026dc    00000118     ti.targets.arm.rtsarm.aem4f : Error.oem4f (.text:xdc_runtime_Error_policyDefault__E)
                  000027f4    00000100     Boot.aem4f : Boot_sysctl.oem4f (.text:ti_catalog_arm_cortexm4_tiva_ce_Boot_sysCtlClockSetI__I)
                  000028f4    00000100     ti.targets.arm.rtsarm.aem4f : Core-mem.oem4f (.text:xdc_runtime_Core_createObject__I)
                  000029f4    000000f8                                 : Startup.oem4f (.text:xdc_runtime_Startup_startMods__I)
                  00002aec    000000f8     empty_pem4f.oem4f (.text:xdc_runtime_System_printfExtend__I)
                  00002be4    000000f4     sysbios.aem4f : m3_Hwi_asm.obj (.text:ti_sysbios_family_arm_m3_Hwi_dispatch__I)
                  00002cd8    000000ec                   : BIOS.obj (.text:ti_sysbios_knl_Semaphore_post__E)
                  00002dc4    000000cc     ti.targets.arm.rtsarm.aem4f : Core-smem.oem4f (.text:xdc_runtime_Core_constructObject__I)
                  00002e90    000000bc     sysbios.aem4f : BIOS.obj (.text:ti_sysbios_family_arm_m3_Hwi_excDebugMon__I)
                  00002f4c    00000004     empty_pem4f.oem4f (.text:ti_sysbios_family_arm_m3_TaskSupport_Module__startupDone__S)
                  00002f50    000000bc     sysbios.aem4f : BIOS.obj (.text:ti_sysbios_family_arm_m3_Hwi_excHardFault__I)
                  0000300c    00000004     empty_pem4f.oem4f (.text:ti_sysbios_heaps_HeapMem_Module_GateProxy_enter__E)
                  00003010    000000b4     sysbios.aem4f : BIOS.obj (.text:ti_sysbios_gates_GateMutex_enter__E)
                  000030c4    00000004     empty_pem4f.oem4f (.text:ti_sysbios_heaps_HeapMem_Module_GateProxy_leave__E)
                  000030c8    000000b4     sysbios.aem4f : BIOS.obj (.text:ti_sysbios_knl_Task_checkStacks__E)
                  0000317c    000000ac     drivers_tivaware.aem4f : UARTTiva.oem4f (.text:readTaskBlocking)
                  00003228    000000ac     sysbios.aem4f : BIOS.obj (.text:ti_sysbios_family_arm_lm4_Timer_enableTiva__I)
                  000032d4    00000004     empty_pem4f.oem4f (.text:ti_sysbios_knl_Clock_TimerProxy_getMaxTicks__E)
                  000032d8    000000a8     sysbios.aem4f : BIOS.obj (.text:ti_sysbios_family_arm_lm4_Timer_enableTimers__I)
                  00003380    000000a4                   : BIOS.obj (.text:ti_sysbios_knl_Clock_Instance_finalize__E)
                  00003424    000000a0     auto_init.aem4f : auto_init.oem4f (.text)
                  000034c4    000000a0     empty.obj (.text:echoFxn)
                  00003564    000000a0     ti.targets.arm.rtsarm.aem4f : Text.oem4f (.text:xdc_runtime_Text_putMod__E)
                  00003604    0000009c     rtsv7M4_T_le_v4SPD16_eabi.lib : memcpy_t2.obj (.text)
                  000036a0    0000009c     sysbios.aem4f : BIOS.obj (.text:ti_sysbios_knl_Semaphore_Instance_init__E)
                  0000373c    00000004     empty_pem4f.oem4f (.text:ti_sysbios_knl_Clock_destruct)
                  00003740    0000009c     sysbios.aem4f : BIOS.obj (.text:ti_sysbios_knl_Task_postInit__I)
                  000037dc    0000009a     ti.targets.arm.rtsarm.aem4f : Text.oem4f (.text:xdc_runtime_Text_putSite__E)
                  00003876    00000098     drivers_tivaware.aem4f : UARTTiva.oem4f (.text:UARTTiva_readPolling)
                  0000390e    00000002     rtsv7M4_T_le_v4SPD16_eabi.lib : i_div0.obj (.text)
                  00003910    00000098     Boot.aem4f : Boot.oem4f (.text:ti_catalog_arm_cortexm4_tiva_ce_Boot_sysCtlClockSet__E)
                  000039a8    00000094     drivers_tivaware.aem4f : UARTTiva.oem4f (.text:UARTTiva_write)
                  00003a3c    00000004     empty_pem4f.oem4f (.text:ti_sysbios_knl_Queue_destruct)
                  00003a40    00000094     sysbios.aem4f : BIOS.obj (.text:ti_sysbios_family_arm_m3_Hwi_Instance_init__E)
                  00003ad4    00000004     empty_pem4f.oem4f (.text:ti_sysbios_knl_Semaphore_destruct)
                  00003ad8    00000094     sysbios.aem4f : BIOS.obj (.text:ti_sysbios_family_arm_m3_Hwi_initNVIC__E)
                  00003b6c    0000008c     drivers_tivaware.aem4f : GPIOTiva.oem4f (.text:GPIO_init)
                  00003bf8    0000008c                            : UARTTiva.oem4f (.text:UARTTiva_control)
                  00003c84    0000008c     sysbios.aem4f : m3_TaskSupport_asm.obj (.text:ti_sysbios_family_arm_m3_TaskSupport_buildTaskStack)
                  00003d10    0000008c                   : BIOS.obj (.text:ti_sysbios_knl_Mailbox_pend__E)
                  00003d9c    0000008a     drivers_tivaware.aem4f : UARTTiva.oem4f (.text:readIsrTextBlocking)
                  00003e26    00000088     empty.obj (.text:heartBeatFxn)
                  00003eae    00000002     empty_pem4f.oem4f (.text:ti_sysbios_BIOS_nullFunc__I)
                  00003eb0    00000088     sysbios.aem4f : BIOS.obj (.text:ti_sysbios_knl_Mailbox_Module_startup__E)
                  00003f38    00000088                   : BIOS.obj (.text:ti_sysbios_knl_Mailbox_post__E)
                  00003fc0    00000084                   : BIOS.obj (.text:ti_sysbios_family_arm_m3_Hwi_postInit__I)
                  00004044    00000082     drivers_tivaware.aem4f : UARTTiva.oem4f (.text:readIsrTextCallback)
                  000040c6    0000007a                            : UARTTiva.oem4f (.text:readTaskCallback)
                  00004140    0000007a     rtsv7M4_T_le_v4SPD16_eabi.lib : memset_t2.obj (.text)
                  000041ba    00000006     driverlib.lib : gpio.obj (.text:GPIOIntClear)
                  000041c0    00000074     sysbios.aem4f : BIOS.obj (.text:ti_sysbios_knl_Clock_start__E)
                  00004234    00000004     ti.targets.arm.rtsarm.aem4f : Error.oem4f (.text:xdc_runtime_Error_getSite__E)
                  00004238    00000070     sysbios.aem4f : BIOS.obj (.text:ti_sysbios_knl_Mailbox_Instance_finalize__E)
                  000042a8    00000070                   : BIOS.obj (.text:ti_sysbios_knl_Task_exit__E)
                  00004318    0000006d     ti.targets.arm.rtsarm.aem4f : System.oem4f (.text:xdc_runtime_System_formatNum__I)
                  00004385    00000001     --HOLE-- [fill = 0]
                  00004386    00000002     empty_pem4f.oem4f (.text:xdc_runtime_Startup_reset__I)
                  00004388    0000006c     sysbios.aem4f : BIOS.obj (.text:ti_sysbios_knl_Clock_workFunc__E)
                  000043f4    00000004     empty_pem4f.oem4f (.text:xdc_runtime_System_Module_GateProxy_enter__E)
                  000043f8    0000006c     sysbios.aem4f : BIOS.obj (.text:ti_sysbios_knl_Swi_restoreHwi__E)
                  00004464    0000006c     drivers_tivaware.aem4f : UARTTiva.oem4f (.text:writeData)
                  000044d0    0000006c     ti.targets.arm.rtsarm.aem4f : Error.oem4f (.text:xdc_runtime_Error_print__E)
                  0000453c    0000006c                                 : Memory.oem4f (.text:xdc_runtime_Memory_alloc__E)
                  000045a8    00000068     rtsv7M4_T_le_v4SPD16_eabi.lib : copy_decompress_lzss.obj (.text:decompress:lzss)
                  00004610    00000068                                   : trgmsg.obj (.text)
                  00004678    00000066     ti.targets.arm.rtsarm.aem4f : Core-mem.oem4f (.text:xdc_runtime_Core_deleteObject__I)
                  000046de    00000002     --HOLE-- [fill = 0]
                  000046e0    00000064     drivers_tivaware.aem4f : GPIOTiva.oem4f (.text:GPIO_hwiIntFxn)
                  00004744    00000004     empty_pem4f.oem4f (.text:xdc_runtime_System_Module_GateProxy_leave__E)
                  00004748    00000064     sysbios.aem4f : BIOS.obj (.text:ti_sysbios_family_arm_lm4_Timer_Module_startup__E)
                  000047ac    00000064     empty_pem4f.oem4f (.text:ti_sysbios_family_arm_m3_Hwi_create)
                  00004810    00000064     sysbios.aem4f : BIOS.obj (.text:ti_sysbios_family_arm_m3_Hwi_dispatchC__I)
                  00004874    00000004     ti.targets.arm.rtsarm.aem4f : System.oem4f (.text:xdc_runtime_System_aprintf_va__F)
                  00004878    00000060     sysbios.aem4f : BIOS.obj (.text:ti_sysbios_knl_Task_schedule__I)
                  000048d8    0000005e     drivers_tivaware.aem4f : UARTTiva.oem4f (.text:readIsrBinaryBlocking)
                  00004936    00000002     --HOLE-- [fill = 0]
                  00004938    0000005c     sysbios.aem4f : BIOS.obj (.text:ti_sysbios_knl_Swi_run__I)
                  00004994    00000004     ti.targets.arm.rtsarm.aem4f : System.oem4f (.text:xdc_runtime_System_printf_va__F)
                  00004998    0000005c     sysbios.aem4f : BIOS.obj (.text:ti_sysbios_knl_Swi_schedule__I)
                  000049f4    00000004     --HOLE-- [fill = 0]
                  000049f8    0000005c                   : BIOS.obj (.text:ti_sysbios_knl_Task_Module_startup__E)
                  00004a54    00000004     --HOLE-- [fill = 0]
                  00004a58    0000005c                   : BIOS.obj (.text:ti_sysbios_knl_Task_startCore__E)
                  00004ab4    0000005b     ti.targets.arm.rtsarm.aem4f : Text.oem4f (.text:xdc_runtime_Text_putLab__E)
                  00004b0f    00000001     --HOLE-- [fill = 0]
                  00004b10    00000058     boot.aem4f : boot.oem4f (.text)
                  00004b68    00000058     empty_pem4f.oem4f (.text:ti_sysbios_family_arm_m3_Hwi_construct)
                  00004bc0    00000058     sysbios.aem4f : m3_Hwi_asm_switch.obj (.text:ti_sysbios_family_arm_m3_Hwi_initStacks__E)
                  00004c18    00000058     empty_pem4f.oem4f (.text:ti_sysbios_knl_Mailbox_construct)
                  00004c70    00000056     driverlib.lib : gpio.obj (.text:GPIOIntTypeSet)
                  00004cc6    00000054     drivers_tivaware.aem4f : UARTTiva.oem4f (.text:readIsrBinaryCallback)
                  00004d1a    00000002     --HOLE-- [fill = 0]
                  00004d1c    00000054     rtsv7M4_T_le_v4SPD16_eabi.lib : exit.obj (.text)
                  00004d70    00000054     empty_pem4f.oem4f (.text:ti_sysbios_knl_Task_construct)
                  00004dc4    00000054     ti.targets.arm.rtsarm.aem4f : Assert.oem4f (.text:xdc_runtime_Assert_raise__I)
                  00004e18    00000050     drivers_tivaware.aem4f : GPIOTiva.oem4f (.text:GPIO_setCallback)
                  00004e68    00000050                            : GPIOTiva.oem4f (.text:GPIO_write)
                  00004eb8    00000050                            : UARTTiva.oem4f (.text:UARTTiva_writeCancel)
                  00004f08    00000050     sysbios.aem4f : BIOS.obj (.text:ti_sysbios_family_arm_m3_Hwi_Module_startup__E)
                  00004f58    00000050     ti.targets.arm.rtsarm.aem4f : Startup.oem4f (.text:xdc_runtime_Startup_exec__E)
                  00004fa8    00000050                                 : Text.oem4f (.text:xdc_runtime_Text_visitRope2__I)
                  00004ff8    0000004c     drivers_tivaware.aem4f : UARTTiva.oem4f (.text:UARTTiva_close)
                  00005044    0000004c     rtsv7M4_T_le_v4SPD16_eabi.lib : cpy_tbl.obj (.text)
                  00005090    0000004c     sysbios.aem4f : BIOS.obj (.text:ti_sysbios_heaps_HeapMem_getStats__E)
                  000050dc    00000004     --HOLE-- [fill = 0]
                  000050e0    0000004c                   : BIOS.obj (.text:ti_sysbios_knl_Swi_runLoop__I)
                  0000512c    00000004     --HOLE-- [fill = 0]
                  00005130    0000004c                   : BIOS.obj (.text:ti_sysbios_knl_Task_allBlockedFunction__I)
                  0000517c    00000048     driverlib.lib : gpio.obj (.text:GPIOPinConfigure)
                  000051c4    00000004     --HOLE-- [fill = 0]
                  000051c8    00000048     sysbios.aem4f : BIOS.obj (.text:ti_sysbios_family_arm_m3_Hwi_disableInterrupt__E)
                  00005210    00000048                   : BIOS.obj (.text:ti_sysbios_family_arm_m3_Hwi_enableInterrupt__E)
                  00005258    00000048                   : BIOS.obj (.text:ti_sysbios_family_arm_m3_Hwi_excReserved__I)
                  000052a0    00000046     drivers_tivaware.aem4f : RingBuf.oem4f (.text:RingBuf_put)
                  000052e6    00000046     ti.targets.arm.rtsarm.aem4f : Core-params.oem4f (.text:xdc_runtime_Core_assignParams__I)
                  0000532c    00000004     --HOLE-- [fill = 0]
                  00005330    00000044     sysbios.aem4f : BIOS.obj (.text:ti_sysbios_family_arm_lm4_Timer_isrStub__E)
                  00005374    00000004     --HOLE-- [fill = 0]
                  00005378    00000044                   : BIOS.obj (.text:ti_sysbios_family_arm_m3_Hwi_getStackInfo__E)
                  000053bc    00000004     --HOLE-- [fill = 0]
                  000053c0    00000044                   : BIOS.obj (.text:ti_sysbios_knl_Mailbox_postInit__I)
                  00005404    00000004     --HOLE-- [fill = 0]
                  00005408    00000044                   : BIOS.obj (.text:ti_sysbios_knl_Swi_post__E)
                  0000544c    00000044     ti.targets.arm.rtsarm.aem4f : Error.oem4f (.text:xdc_runtime_Error_setX__E)
                  00005490    00000044                                 : SysMin.oem4f (.text:xdc_runtime_SysMin_flush__E)
                  000054d4    00000044                                 : Text.oem4f (.text:xdc_runtime_Text_xprintf__I)
                  00005518    00000042     driverlib.lib : uart.obj (.text:UARTConfigSetExpClk)
                  0000555a    00000042     drivers_tivaware.aem4f : UARTTiva.oem4f (.text:UARTTiva_hwiIntFxn)
                  0000559c    00000042                            : UARTTiva.oem4f (.text:UARTTiva_writePolling)
                  000055de    00000002     --HOLE-- [fill = 0]
                  000055e0    00000040     EK_TM4C123GXL.obj (.text:EK_TM4C123GXL_initGeneral)
                  00005620    00000040     drivers_tivaware.aem4f : RingBuf.oem4f (.text:RingBuf_get)
                  00005660    00000040                            : UARTTiva.oem4f (.text:UARTTiva_read)
                  000056a0    00000040     rtsv7M4_T_le_v4SPD16_eabi.lib : u_divt2.obj (.text)
                  000056e0    00000040     sysbios.aem4f : BIOS.obj (.text:ti_sysbios_family_arm_lm4_Timer_startup__E)
                  00005720    0000003c                   : BIOS.obj (.text:ti_sysbios_family_arm_m3_Hwi_excSvCall__I)
                  0000575c    00000004     --HOLE-- [fill = 0]
                  00005760    0000003c                   : BIOS.obj (.text:ti_sysbios_heaps_HeapMem_init__I)
                  0000579c    00000004     --HOLE-- [fill = 0]
                  000057a0    0000003c                   : BIOS.obj (.text:ti_sysbios_knl_Swi_restore__E)
                  000057dc    00000038     drivers_tivaware.aem4f : UART.oem4f (.text:UART_init)
                  00005814    00000004     --HOLE-- [fill = 0]
                  00005818    00000038     sysbios.aem4f : BIOS.obj (.text:ti_sysbios_family_arm_m3_Hwi_excNoIsr__I)
                  00005850    00000038                   : BIOS.obj (.text:ti_sysbios_knl_Task_processVitalTaskFlag__I)
                  00005888    00000038     ti.targets.arm.rtsarm.aem4f : SysMin.oem4f (.text:xdc_runtime_SysMin_putch__E)
                  000058c0    00000038                                 : System.oem4f (.text:xdc_runtime_System_atexit__E)
                  000058f8    00000036     drivers_tivaware.aem4f : UARTTiva.oem4f (.text:UARTTiva_readCancel)
                  0000592e    00000002     --HOLE-- [fill = 0]
                  00005930    00000034     driverlib.lib : sysctl.obj (.text:SysCtlPeripheralEnable)
                  00005964    00000004     --HOLE-- [fill = 0]
                  00005968    00000034     sysbios.aem4f : BIOS.obj (.text:ti_sysbios_family_arm_m3_Hwi_Instance_finalize__E)
                  0000599c    00000004     --HOLE-- [fill = 0]
                  000059a0    00000034                   : BIOS.obj (.text:ti_sysbios_family_arm_m3_Hwi_excNmi__I)
                  000059d4    00000004     --HOLE-- [fill = 0]
                  000059d8    00000034                   : BIOS.obj (.text:ti_sysbios_hal_Hwi_checkStack)
                  00005a0c    00000034     empty_pem4f.oem4f (.text:ti_sysbios_knl_Clock_construct)
                  00005a40    00000034     ti.targets.arm.rtsarm.aem4f : Core-label.oem4f (.text:xdc_runtime_Core_assignLabel__I)
                  00005a74    00000033                                 : Text.oem4f (.text:xdc_runtime_Text_printVisFxn__I)
                  00005aa7    00000001     --HOLE-- [fill = 0]
                  00005aa8    00000032     sysbios.aem4f : BIOS.obj (.text:ti_sysbios_hal_Hwi_initStack)
                  00005ada    00000002     --HOLE-- [fill = 0]
                  00005adc    00000030     EK_TM4C123GXL.obj (.text:EK_TM4C123GXL_initGPIO)
                  00005b0c    00000030     drivers_tivaware.aem4f : UART.oem4f (.text:UART_open)
                  00005b3c    00000030     empty_pem4f.oem4f (.text:ti_sysbios_BIOS_atExitFunc__I)
                  00005b6c    00000004     --HOLE-- [fill = 0]
                  00005b70    00000030     sysbios.aem4f : BIOS.obj (.text:ti_sysbios_family_arm_lm4_Timer_stop__E)
                  00005ba0    00000030                   : BIOS.obj (.text:ti_sysbios_family_arm_m3_TaskSupport_start__E)
                  00005bd0    00000030     empty_pem4f.oem4f (.text:ti_sysbios_gates_GateHwi_Object__create__S)
                  00005c00    00000030     empty_pem4f.oem4f (.text:ti_sysbios_gates_GateMutex_Object__create__S)
                  00005c30    00000030     empty_pem4f.oem4f (.text:ti_sysbios_heaps_HeapMem_Object__create__S)
                  00005c60    00000030     empty_pem4f.oem4f (.text:ti_sysbios_knl_Semaphore_construct)
                  00005c90    00000030     sysbios.aem4f : BIOS.obj (.text:ti_sysbios_knl_Semaphore_pendTimeout__I)
                  00005cc0    00000030                   : BIOS.obj (.text:ti_sysbios_knl_Task_unblockI__E)
                  00005cf0    00000030     ti.targets.arm.rtsarm.aem4f : SysMin.oem4f (.text:xdc_runtime_SysMin_abort__E)
                  00005d20    00000030                                 : System.oem4f (.text:xdc_runtime_System_processAtExit__E)
                  00005d50    0000002c     EK_TM4C123GXL.obj (.text:EK_TM4C123GXL_initUART)
                  00005d7c    0000002c     empty_pem4f.oem4f (.text:ti_sysbios_knl_Clock_doTick__I)
                  00005da8    0000002c     empty_pem4f.oem4f (.text:ti_sysbios_knl_Queue_construct)
                  00005dd4    00000004     --HOLE-- [fill = 0]
                  00005dd8    0000002c     sysbios.aem4f : BIOS.obj (.text:ti_sysbios_knl_Task_restore__E)
                  00005e04    0000002c     ti.targets.arm.rtsarm.aem4f : Text.oem4f (.text:xdc_runtime_Text_cordText__E)
                  00005e30    0000002a     driverlib.lib : gpio.obj (.text:GPIODirModeSet)
                  00005e5a    0000002a     ti.targets.arm.rtsarm.aem4f : System.oem4f (.text:xdc_runtime_System_putchar__I)
                  00005e84    00000004     --HOLE-- [fill = 0]
                  00005e88    00000028     sysbios.aem4f : BIOS.obj (.text:ti_sysbios_knl_Swi_Module_startup__E)
                  00005eb0    00000026                   : m3_Hwi_asm.obj (.text:ti_sysbios_family_arm_m3_Hwi_pendSV__I)
                  00005ed6    00000026     ti.targets.arm.rtsarm.aem4f : System.oem4f (.text:xdc_runtime_System_avprintf__E)
                  00005efc    00000024     empty_pem4f.oem4f (.text:ti_sysbios_BIOS_errorRaiseHook__I)
                  00005f20    00000024     empty_pem4f.oem4f (.text:ti_sysbios_BIOS_registerRTSLock__I)
                  00005f44    00000024     empty_pem4f.oem4f (.text:ti_sysbios_BIOS_removeRTSLock__I)
                  00005f68    00000024     empty_pem4f.oem4f (.text:ti_sysbios_BIOS_startFunc__I)
                  00005f8c    00000024     empty_pem4f.oem4f (.text:ti_sysbios_gates_GateMutex_Object__delete__S)
                  00005fb0    00000024     sysbios.aem4f : BIOS.obj (.text:ti_sysbios_knl_Clock_Module_startup__E)
                  00005fd4    00000004     --HOLE-- [fill = 0]
                  00005fd8    00000024                   : BIOS.obj (.text:ti_sysbios_knl_Task_restoreHwi__E)
                  00005ffc    00000024     ti.targets.arm.rtsarm.aem4f : System.oem4f (.text:xdc_runtime_System_vprintf__E)
                  00006020    00000022     sysbios.aem4f : BIOS.obj (.text:ti_sysbios_family_arm_lm4_Timer_write__I)
                  00006042    00000022     empty_pem4f.oem4f (.text:xdc_runtime_SysMin_output__I)
                  00006064    00000020     empty_pem4f.oem4f (.text:ti_sysbios_BIOS_rtsLock__I)
                  00006084    00000020     sysbios.aem4f : m3_Hwi_asm.obj (.text:ti_sysbios_family_arm_m3_Hwi_excHandlerAsm__I)
                  000060a4    00000004     --HOLE-- [fill = 0]
                  000060a8    00000020                   : BIOS.obj (.text:ti_sysbios_family_arm_m3_Hwi_excHandler__I)
                  000060c8    00000020     empty_pem4f.oem4f (.text:ti_sysbios_gates_GateHwi_Object__delete__S)
                  000060e8    00000020     empty_pem4f.oem4f (.text:ti_sysbios_heaps_HeapMem_Object__delete__S)
                  00006108    00000020     empty_pem4f.oem4f (.text:ti_sysbios_knl_Clock_Object__destruct__S)
                  00006128    00000020     sysbios.aem4f : BIOS.obj (.text:ti_sysbios_knl_Idle_run__E)
                  00006148    00000020     empty_pem4f.oem4f (.text:ti_sysbios_knl_Semaphore_Object__destruct__S)
                  00006168    00000020     ti.targets.arm.rtsarm.aem4f : Registry.oem4f (.text:xdc_runtime_Registry_findById__E)
                  00006188    00000020                                 : SysMin.oem4f (.text:xdc_runtime_SysMin_Module_startup__E)
                  000061a8    0000001e     sysbios.aem4f : m3_Hwi_asm_switch.obj (.text:ti_sysbios_family_xxx_Hwi_switchAndRunFunc)
                  000061c6    00000002     --HOLE-- [fill = 0]
                  000061c8    0000001c     driverlib.lib : uart.obj (.text:UARTDisable)
                  000061e4    0000001c     drivers_tivaware.aem4f : GPIOTiva.oem4f (.text:getGpioIntIndex)
                  00006200    0000001c     empty_pem4f.oem4f (.text:ti_sysbios_family_arm_m3_Hwi_Object__destruct__S)
                  0000621c    00000004     --HOLE-- [fill = 0]
                  00006220    0000001c     sysbios.aem4f : BIOS.obj (.text:ti_sysbios_gates_GateMutex_Instance_init__E)
                  0000623c    0000001c     empty_pem4f.oem4f (.text:ti_sysbios_knl_Queue_Object__destruct__S)
                  00006258    0000001c     sysbios.aem4f : BIOS.obj (.text:ti_sysbios_knl_Queue_put__E)
                  00006274    00000004     --HOLE-- [fill = 0]
                  00006278    0000001c                   : BIOS.obj (.text:ti_sysbios_knl_Task_enter__I)
                  00006294    0000001c     ti.targets.arm.rtsarm.aem4f : Error.oem4f (.text:xdc_runtime_Error_raiseX__E)
                  000062b0    0000001c                                 : Memory.oem4f (.text:xdc_runtime_Memory_valloc__E)
                  000062cc    0000001c                                 : SysMin.oem4f (.text:xdc_runtime_SysMin_exit__E)
                  000062e8    0000001c                                 : System.oem4f (.text:xdc_runtime_System_abort__E)
                  00006304    0000001a     empty_pem4f.oem4f (.text:ti_sysbios_family_arm_m3_Hwi_Handle__label__S)
                  0000631e    0000001a     empty_pem4f.oem4f (.text:ti_sysbios_gates_GateHwi_Handle__label__S)
                  00006338    0000001a     empty_pem4f.oem4f (.text:ti_sysbios_gates_GateMutex_Handle__label__S)
                  00006352    0000001a     empty_pem4f.oem4f (.text:ti_sysbios_heaps_HeapMem_Handle__label__S)
                  0000636c    0000001a     empty_pem4f.oem4f (.text:ti_sysbios_knl_Swi_Handle__label__S)
                  00006386    0000001a     empty_pem4f.oem4f (.text:ti_sysbios_knl_Task_Handle__label__S)
                  000063a0    0000001a     empty_pem4f.oem4f (.text:xdc_runtime_System_aprintf__E)
                  000063ba    0000001a     empty_pem4f.oem4f (.text:xdc_runtime_System_printf__E)
                  000063d4    00000018     drivers_tivaware.aem4f : UART.oem4f (.text:UART_Params_init)
                  000063ec    00000018     rtsv7M4_T_le_v4SPD16_eabi.lib : args_main.obj (.text)
                  00006404    00000018     empty_pem4f.oem4f (.text:ti_sysbios_BIOS_rtsUnlock__I)
                  0000641c    00000018     empty_pem4f.oem4f (.text:ti_sysbios_family_arm_lm4_Timer_Module__startupDone__F)
                  00006434    00000018     empty_pem4f.oem4f (.text:ti_sysbios_family_arm_m3_Hwi_Module__startupDone__F)
                  0000644c    00000018     sysbios.aem4f : m3_TaskSupport_asm.obj (.text:ti_sysbios_family_arm_m3_TaskSupport_swap__E)
                  00006464    00000004     --HOLE-- [fill = 0]
                  00006468    00000018                   : BIOS.obj (.text:ti_sysbios_gates_GateMutex_leave__E)
                  00006480    00000018     ti.targets.arm.rtsarm.aem4f : Error.oem4f (.text:xdc_runtime_Error_check__E)
                  00006498    00000018                                 : System.oem4f (.text:xdc_runtime_System_exit__E)
                  000064b0    00000018                                 : Text.oem4f (.text:xdc_runtime_Text_ropeText__E)
                  000064c8    00000016     empty_pem4f.oem4f (.text:ti_sysbios_BIOS_exitFunc__I)
                  000064de    00000016     empty.obj (.text:ti_sysbios_knl_Mailbox_Params_init)
                  000064f4    00000016     empty.obj (.text:ti_sysbios_knl_Task_Params_init)
                  0000650a    00000014     driverlib.lib : uart.obj (.text:UARTEnable)
                  0000651e    00000002     --HOLE-- [fill = 0]
                  00006520    00000014     rtsv7M4_T_le_v4SPD16_eabi.lib : _lock.obj (.text)
                  00006534    00000014                                   : strcpy.obj (.text)
                  00006548    00000014                                   : strlen.obj (.text)
                  0000655c    00000014     empty_pem4f.oem4f (.text:ti_sysbios_family_arm_m3_Hwi_Object__get__S)
                  00006570    00000014     sysbios.aem4f : BIOS.obj (.text:ti_sysbios_family_arm_m3_Hwi_switchFromBootStack__E)
                  00006584    00000014     empty_pem4f.oem4f (.text:ti_sysbios_heaps_HeapMem_Object__get__S)
                  00006598    00000014     empty_pem4f.oem4f (.text:ti_sysbios_knl_Swi_Object__get__S)
                  000065ac    00000012     driverlib.lib : gpio.obj (.text:GPIOPinTypeGPIOInput)
                  000065be    00000012                   : gpio.obj (.text:GPIOPinTypeUART)
                  000065d0    00000012     drivers_tivaware.aem4f : RingBuf.oem4f (.text:RingBuf_construct)
                  000065e2    00000006     driverlib.lib : gpio.obj (.text:GPIOPinWrite)
                  000065e8    00000012     sysbios.aem4f : BIOS.obj (.text:ti_sysbios_hal_Hwi_Module_startup__E)
                  000065fa    00000012     empty_pem4f.oem4f (.text:xdc_runtime_Startup_exec__I)
                  0000660c    00000010     drivers_tivaware.aem4f : UARTTiva.oem4f (.text:readBlockingTimeout)
                  0000661c    00000004     --HOLE-- [fill = 0]
                  00006620    00000010     sysbios.aem4f : BIOS.obj (.text:ti_sysbios_BIOS_getCpuFreq__E)
                  00006630    00000010                   : BIOS.obj (.text:ti_sysbios_BIOS_setThreadType__E)
                  00006640    00000010                   : BIOS.obj (.text:ti_sysbios_BIOS_start__E)
                  00006650    00000010                   : m3_TaskSupport_asm.obj (.text:ti_sysbios_family_arm_m3_TaskSupport_glue)
                  00006660    00000010                   : BIOS.obj (.text:ti_sysbios_gates_GateMutex_Instance_finalize__E)
                  00006670    00000010     empty_pem4f.oem4f (.text:ti_sysbios_knl_Mailbox_Object__get__S)
                  00006680    00000010     sysbios.aem4f : BIOS.obj (.text:ti_sysbios_knl_Semaphore_Instance_finalize__E)
                  00006690    00000010                   : BIOS.obj (.text:ti_sysbios_knl_Swi_disable__E)
                  000066a0    00000010     empty_pem4f.oem4f (.text:ti_sysbios_knl_Task_Object__get__S)
                  000066b0    00000010     sysbios.aem4f : BIOS.obj (.text:ti_sysbios_knl_Task_disable__E)
                  000066c0    00000010     ti.targets.arm.rtsarm.aem4f : Gate.oem4f (.text:xdc_runtime_Gate_leaveSystem__E)
                  000066d0    00000010                                 : Memory.oem4f (.text:xdc_runtime_Memory_free__E)
                  000066e0    00000010                                 : SysMin.oem4f (.text:xdc_runtime_SysMin_ready__E)
                  000066f0    00000010                                 : System.oem4f (.text:xdc_runtime_System_vsnprintf__E)
                  00006700    00000010     empty_pem4f.oem4f (.text:xdc_runtime_Text_visitRope__I)
                  00006710    0000000e     driverlib.lib : gpio.obj (.text:GPIOIntStatus)
                  0000671e    0000000e                   : uart.obj (.text:UARTCharGetNonBlocking)
                  0000672c    0000000e                   : uart.obj (.text:UARTCharPutNonBlocking)
                  0000673a    0000000e     rtsv7M4_T_le_v4SPD16_eabi.lib : copy_decompress_none.obj (.text:decompress:none)
                  00006748    0000000e     sysbios.aem4f : BIOS.obj (.text:ti_sysbios_knl_Idle_loop__E)
                  00006756    00000002     --HOLE-- [fill = 0]
                  00006758    0000000e                   : BIOS.obj (.text:ti_sysbios_knl_Queue_empty__E)
                  00006766    00000002     --HOLE-- [fill = 0]
                  00006768    0000000c     empty_pem4f.oem4f (.text:.bootCodeSection:ti_catalog_arm_cortexm4_tiva_ce_Boot_init__I)
                  00006774    0000000c     drivers_tivaware.aem4f : RingBuf.oem4f (.text:RingBuf_peek)
                  00006780    0000000c     driverlib.lib : uart.obj (.text:UARTFlowControlSet)
                  0000678c    0000000c     drivers_tivaware.aem4f : UARTTiva.oem4f (.text:UARTTiva_init)
                  00006798    0000000c     rtsv7M4_T_le_v4SPD16_eabi.lib : copy_zero_init.obj (.text:decompress:ZI)
                  000067a4    00000004     --HOLE-- [fill = 0]
                  000067a8    0000000c     sysbios.aem4f : BIOS.obj (.text:ti_sysbios_family_arm_lm4_Timer_getMaxTicks__E)
                  000067b4    0000000c     empty_pem4f.oem4f (.text:ti_sysbios_family_arm_m3_Hwi_Params__init__S)
                  000067c0    0000000c     sysbios.aem4f : BIOS.obj (.text:ti_sysbios_family_arm_m3_Hwi_disableFxn__E)
                  000067cc    00000004     --HOLE-- [fill = 0]
                  000067d0    0000000c                   : BIOS.obj (.text:ti_sysbios_family_arm_m3_TaskSupport_checkStack__E)
                  000067dc    00000004     --HOLE-- [fill = 0]
                  000067e0    0000000c                   : BIOS.obj (.text:ti_sysbios_family_arm_m3_TaskSupport_getStackAlignment__E)
                  000067ec    00000004     --HOLE-- [fill = 0]
                  000067f0    0000000c                   : BIOS.obj (.text:ti_sysbios_gates_GateHwi_enter__E)
                  000067fc    0000000c     empty_pem4f.oem4f (.text:ti_sysbios_knl_Clock_Params__init__S)
                  00006808    0000000c     empty_pem4f.oem4f (.text:ti_sysbios_knl_Mailbox_Params__init__S)
                  00006814    0000000c     empty.obj (.text:ti_sysbios_knl_Mailbox_handle)
                  00006820    0000000c     empty_pem4f.oem4f (.text:ti_sysbios_knl_Queue_Object__get__S)
                  0000682c    0000000c     empty_pem4f.oem4f (.text:ti_sysbios_knl_Semaphore_Params__init__S)
                  00006838    0000000c     empty_pem4f.oem4f (.text:ti_sysbios_knl_Task_Params__init__S)
                  00006844    0000000c     ti.targets.arm.rtsarm.aem4f : Error.oem4f (.text:xdc_runtime_Error_init__E)
                  00006850    0000000c                                 : Gate.oem4f (.text:xdc_runtime_Gate_enterSystem__E)
                  0000685c    0000000c                                 : Memory.oem4f (.text:xdc_runtime_Memory_calloc__E)
                  00006868    0000000c                                 : Memory.oem4f (.text:xdc_runtime_Memory_getMaxDefaultTypeAlign__E)
                  00006874    0000000a     driverlib.lib : uart.obj (.text:UARTCharGet)
                  0000687e    0000000a                   : uart.obj (.text:UARTCharPut)
                  00006888    0000000a                   : uart.obj (.text:UARTIntDisable)
                  00006892    0000000a                   : uart.obj (.text:UARTIntStatus)
                  0000689c    0000000a     drivers_tivaware.aem4f : UART.oem4f (.text:UART_read)
                  000068a6    0000000a                            : UART.oem4f (.text:UART_write)
                  000068b0    0000000a     empty_pem4f.oem4f (.text:xdc_runtime_IHeap_alloc)
                  000068ba    0000000a     empty_pem4f.oem4f (.text:xdc_runtime_IHeap_free)
                  000068c4    00000008     driverlib.lib : uart.obj (.text:UARTIntEnable)
                  000068cc    00000008                   : uart.obj (.text:UARTRxErrorGet)
                  000068d4    00000008     drivers_tivaware.aem4f : UARTTiva.oem4f (.text:readSemCallback)
                  000068dc    00000008     sysbios.aem4f : BIOS.obj (.text:ti_sysbios_family_arm_lm4_Timer_masterDisable__I)
                  000068e4    00000004     --HOLE-- [fill = 0]
                  000068e8    00000008                   : BIOS.obj (.text:ti_sysbios_family_arm_m3_Hwi_doSwiRestore__I)
                  000068f0    00000008                   : BIOS.obj (.text:ti_sysbios_family_arm_m3_Hwi_startup__E)
                  000068f8    00000008     drivers_tivaware.aem4f : UARTTiva.oem4f (.text:writeSemCallback)
                  00006900    00000006     driverlib.lib : uart.obj (.text:UARTFIFOLevelSet)
                  00006906    00000006                   : uart.obj (.text:UARTRxErrorClear)
                  0000690c    00000006     Boot.aem4f : Boot_sysctl.oem4f (.text:ti_catalog_arm_cortexm4_tiva_ce_Boot_sysCtlDelayI__I)
                  00006912    00000006     ti.targets.arm.rtsarm.aem4f : System.oem4f (.text:xdc_runtime_System_Module_startup__E)
                  00006918    00000006     sysbios.aem4f : BIOS.obj (.text:ti_sysbios_family_arm_m3_Hwi_doTaskRestore__I)
                  0000691e    00000002     --HOLE-- [fill = 0]
                  00006920    00000006                   : BIOS.obj (.text:ti_sysbios_family_arm_m3_Hwi_restoreFxn__E)
                  00006926    00000002     --HOLE-- [fill = 0]
                  00006928    00000006                   : BIOS.obj (.text:ti_sysbios_gates_GateHwi_leave__E)
                  0000692e    00000002     --HOLE-- [fill = 0]
                  00006930    00000006                   : BIOS.obj (.text:ti_sysbios_heaps_HeapMem_isBlocking__E)
                  00006936    00000002     --HOLE-- [fill = 0]
                  00006938    00000006                   : BIOS.obj (.text:ti_sysbios_knl_Clock_stop__E)
                  0000693e    00000002     --HOLE-- [fill = 0]
                  00006940    00000006                   : BIOS.obj (.text:ti_sysbios_knl_Queue_Instance_init__E)
                  00006946    00000002     --HOLE-- [fill = 0]
                  00006948    00000006                   : BIOS.obj (.text:ti_sysbios_knl_Swi_startup__E)
                  0000694e    00000002     --HOLE-- [fill = 0]
                  00006950    00000004                   : BIOS.obj (.text:ti_sysbios_gates_GateHwi_query__E)
                  00006954    00000004     --HOLE-- [fill = 0]
                  00006958    00000004                   : BIOS.obj (.text:ti_sysbios_gates_GateMutex_query__E)
                  0000695c    00000004     --HOLE-- [fill = 0]
                  00006960    00000004                   : BIOS.obj (.text:ti_sysbios_knl_Task_startup__E)
                  00006964    00000004     --HOLE-- [fill = 0]
                  00006968    00000002                   : BIOS.obj (.text:ti_sysbios_gates_GateHwi_Instance_init__E)
                  0000696a    00000006     --HOLE-- [fill = 0]
                  00006970    00000002                   : BIOS.obj (.text:ti_sysbios_knl_Clock_logTick__E)

.const     0    00006974    00002168     
                  00006974    000018f6     empty_pem4f.oem4f (.const:xdc_runtime_Text_charTab__A)
                  0000826a    000000c4     empty_pem4f.oem4f (.const:xdc_runtime_Text_nodeTab__A)
                  0000832e    00000002     empty_pem4f.oem4f (.const:ti_catalog_arm_cortexm4_tiva_ce_Boot_Module__id__C)
                  00008330    00000090     driverlib.lib : gpio.obj (.const:g_pui32GPIOBaseAddrs)
                  000083c0    00000054     drivers_tivaware.aem4f : GPIOTiva.oem4f (.const:.string)
                  00008414    0000004c                            : UARTTiva.oem4f (.const)
                  00008460    00000048     empty_pem4f.oem4f (.const:.string)
                  000084a8    00000048     drivers_tivaware.aem4f : GPIOTiva.oem4f (.const:gpioBaseAddresses)
                  000084f0    0000003c     empty_pem4f.oem4f (.const:ti_sysbios_knl_Task_Object__PARAMS__C)
                  0000852c    00000034     empty_pem4f.oem4f (.const:ti_sysbios_knl_Mailbox_Object__PARAMS__C)
                  00008560    00000030     empty_pem4f.oem4f (.const:ti_sysbios_family_arm_m3_Hwi_Object__PARAMS__C)
                  00008590    00000028     drivers_tivaware.aem4f : UARTTiva.oem4f (.const:UARTTiva_fxnTable)
                  000085b8    00000028     empty_pem4f.oem4f (.const:ti_sysbios_heaps_HeapMem_Module__FXNS__C)
                  000085e0    00000024     drivers_tivaware.aem4f : UART.oem4f (.const:UART_defaultParams)
                  00008604    00000024     empty_pem4f.oem4f (.const:ti_sysbios_gates_GateHwi_Module__FXNS__C)
                  00008628    00000024     empty_pem4f.oem4f (.const:ti_sysbios_gates_GateMutex_Module__FXNS__C)
                  0000864c    00000024     empty_pem4f.oem4f (.const:ti_sysbios_heaps_HeapMem_Object__PARAMS__C)
                  00008670    00000024     empty_pem4f.oem4f (.const:ti_sysbios_knl_Clock_Object__PARAMS__C)
                  00008694    00000024     empty_pem4f.oem4f (.const:ti_sysbios_knl_Semaphore_Object__PARAMS__C)
                  000086b8    00000024     empty_pem4f.oem4f (.const:xdc_runtime_Startup_sfxnTab__A)
                  000086dc    00000020     empty_pem4f.oem4f (.const:ti_sysbios_family_arm_m3_Hwi_Object__DESC__C)
                  000086fc    00000020     empty_pem4f.oem4f (.const:ti_sysbios_gates_GateHwi_Object__DESC__C)
                  0000871c    00000020     empty_pem4f.oem4f (.const:ti_sysbios_gates_GateMutex_Object__DESC__C)
                  0000873c    00000020     empty_pem4f.oem4f (.const:ti_sysbios_heaps_HeapMem_Object__DESC__C)
                  0000875c    00000020     empty_pem4f.oem4f (.const:ti_sysbios_knl_Clock_Object__DESC__C)
                  0000877c    00000020     empty_pem4f.oem4f (.const:ti_sysbios_knl_Mailbox_Object__DESC__C)
                  0000879c    00000020     empty_pem4f.oem4f (.const:ti_sysbios_knl_Queue_Object__DESC__C)
                  000087bc    00000020     empty_pem4f.oem4f (.const:ti_sysbios_knl_Semaphore_Object__DESC__C)
                  000087dc    00000020     empty_pem4f.oem4f (.const:ti_sysbios_knl_Task_Object__DESC__C)
                  000087fc    00000018     EK_TM4C123GXL.obj (.const:UART_config)
                  00008814    00000018     empty_pem4f.oem4f (.const:ti_sysbios_gates_GateHwi_Object__PARAMS__C)
                  0000882c    00000018     empty_pem4f.oem4f (.const:ti_sysbios_gates_GateMutex_Object__PARAMS__C)
                  00008844    00000018     empty_pem4f.oem4f (.const:ti_sysbios_knl_Queue_Object__PARAMS__C)
                  0000885c    00000018     EK_TM4C123GXL.obj (.const:uartTivaHWAttrs)
                  00008874    00000017     empty.obj (.const:.string:$P$T0$1)
                  0000888b    00000001     empty_pem4f.oem4f (.const:xdc_runtime_Error_policy__C)
                  0000888c    00000014     EK_TM4C123GXL.obj (.const:GPIOTiva_config)
                  000088a0    00000014     empty_pem4f.oem4f (.const:xdc_runtime_Startup_firstFxns__A)
                  000088b4    00000012     empty_pem4f.oem4f (.const:xdc_runtime_Startup_sfxnRts__A)
                  000088c6    00000002     empty_pem4f.oem4f (.const:ti_sysbios_family_arm_m3_Hwi_Module__id__C)
                  000088c8    00000008     empty_pem4f.oem4f (.const:ti_sysbios_family_arm_m3_Hwi_excHookFuncs__A)
                  000088d0    00000008     empty_pem4f.oem4f (.const:ti_sysbios_knl_Idle_funcList__C)
                  000088d8    00000008     empty_pem4f.oem4f (.const:xdc_runtime_Startup_firstFxns__C)
                  000088e0    00000008     empty_pem4f.oem4f (.const:xdc_runtime_Startup_lastFxns__C)
                  000088e8    00000004     empty_pem4f.oem4f (.const:ti_catalog_arm_cortexm4_tiva_ce_Boot_A_mustUseEnhancedClockMode__C)
                  000088ec    00000004     empty_pem4f.oem4f (.const:ti_catalog_arm_cortexm4_tiva_ce_Boot_Module__diagsEnabled__C)
                  000088f0    00000004     empty_pem4f.oem4f (.const:ti_catalog_arm_cortexm4_tiva_ce_Boot_Module__diagsIncluded__C)
                  000088f4    00000004     empty_pem4f.oem4f (.const:ti_catalog_arm_cortexm4_tiva_ce_Boot_Module__diagsMask__C)
                  000088f8    00000004     empty_pem4f.oem4f (.const:ti_sysbios_family_arm_lm4_Timer_enableFunc__C)
                  000088fc    00000004     empty_pem4f.oem4f (.const:ti_sysbios_family_arm_lm4_Timer_numTimerDevices__C)
                  00008900    00000004     empty_pem4f.oem4f (.const:ti_sysbios_family_arm_lm4_Timer_startupNeeded__C)
                  00008904    00000004     empty_pem4f.oem4f (.const:ti_sysbios_family_arm_m3_Hwi_E_NMI__C)
                  00008908    00000004     empty_pem4f.oem4f (.const:ti_sysbios_family_arm_m3_Hwi_E_alreadyDefined__C)
                  0000890c    00000004     empty_pem4f.oem4f (.const:ti_sysbios_family_arm_m3_Hwi_E_busFault__C)
                  00008910    00000004     empty_pem4f.oem4f (.const:ti_sysbios_family_arm_m3_Hwi_E_debugMon__C)
                  00008914    00000004     empty_pem4f.oem4f (.const:ti_sysbios_family_arm_m3_Hwi_E_hardFault__C)
                  00008918    00000004     empty_pem4f.oem4f (.const:ti_sysbios_family_arm_m3_Hwi_E_memFault__C)
                  0000891c    00000004     empty_pem4f.oem4f (.const:ti_sysbios_family_arm_m3_Hwi_E_noIsr__C)
                  00008920    00000004     empty_pem4f.oem4f (.const:ti_sysbios_family_arm_m3_Hwi_E_reserved__C)
                  00008924    00000004     empty_pem4f.oem4f (.const:ti_sysbios_family_arm_m3_Hwi_E_svCall__C)
                  00008928    00000004     empty_pem4f.oem4f (.const:ti_sysbios_family_arm_m3_Hwi_E_usageFault__C)
                  0000892c    00000004     empty_pem4f.oem4f (.const:ti_sysbios_family_arm_m3_Hwi_NUM_INTERRUPTS__C)
                  00008930    00000004     empty_pem4f.oem4f (.const:ti_sysbios_family_arm_m3_Hwi_Object__count__C)
                  00008934    00000004     empty_pem4f.oem4f (.const:ti_sysbios_family_arm_m3_Hwi_ccr__C)
                  00008938    00000004     empty_pem4f.oem4f (.const:ti_sysbios_family_arm_m3_Hwi_excHandlerFunc__C)
                  0000893c    00000004     empty_pem4f.oem4f (.const:ti_sysbios_family_arm_m3_Hwi_excHookFuncs__C)
                  00008940    00000004     empty_pem4f.oem4f (.const:ti_sysbios_family_arm_m3_Hwi_nullIsrFunc__C)
                  00008944    00000004     empty_pem4f.oem4f (.const:ti_sysbios_family_arm_m3_Hwi_priGroup__C)
                  00008948    00000004     empty_pem4f.oem4f (.const:ti_sysbios_family_arm_m3_TaskSupport_stackAlignment__C)
                  0000894c    00000004     empty_pem4f.oem4f (.const:ti_sysbios_gates_GateMutex_A_badContext__C)
                  00008950    00000004     empty_pem4f.oem4f (.const:ti_sysbios_gates_GateMutex_Instance_State_sem__O)
                  00008954    00000004     empty_pem4f.oem4f (.const:ti_sysbios_gates_GateMutex_Module__diagsEnabled__C)
                  00008958    00000004     empty_pem4f.oem4f (.const:ti_sysbios_gates_GateMutex_Module__diagsIncluded__C)
                  0000895c    00000004     empty_pem4f.oem4f (.const:ti_sysbios_gates_GateMutex_Module__diagsMask__C)
                  00008960    00000004     empty_pem4f.oem4f (.const:ti_sysbios_hal_Hwi_E_stackOverflow__C)
                  00008964    00000004     empty_pem4f.oem4f (.const:ti_sysbios_heaps_HeapMem_A_align__C)
                  00008968    00000004     empty_pem4f.oem4f (.const:ti_sysbios_heaps_HeapMem_A_heapSize__C)
                  0000896c    00000004     empty_pem4f.oem4f (.const:ti_sysbios_heaps_HeapMem_A_invalidFree__C)
                  00008970    00000004     empty_pem4f.oem4f (.const:ti_sysbios_heaps_HeapMem_A_zeroBlock__C)
                  00008974    00000004     empty_pem4f.oem4f (.const:ti_sysbios_heaps_HeapMem_E_memory__C)
                  00008978    00000004     empty_pem4f.oem4f (.const:ti_sysbios_heaps_HeapMem_Module__diagsEnabled__C)
                  0000897c    00000004     empty_pem4f.oem4f (.const:ti_sysbios_heaps_HeapMem_Module__diagsIncluded__C)
                  00008980    00000004     empty_pem4f.oem4f (.const:ti_sysbios_heaps_HeapMem_Module__diagsMask__C)
                  00008984    00000004     empty_pem4f.oem4f (.const:ti_sysbios_heaps_HeapMem_Module__gateObj__C)
                  00008988    00000004     empty_pem4f.oem4f (.const:ti_sysbios_heaps_HeapMem_Object__count__C)
                  0000898c    00000004     empty_pem4f.oem4f (.const:ti_sysbios_heaps_HeapMem_reqAlign__C)
                  00008990    00000004     empty_pem4f.oem4f (.const:ti_sysbios_knl_Clock_A_badThreadType__C)
                  00008994    00000004     empty_pem4f.oem4f (.const:ti_sysbios_knl_Clock_Module_State_clockQ__O)
                  00008998    00000004     empty_pem4f.oem4f (.const:ti_sysbios_knl_Clock_Module__diagsEnabled__C)
                  0000899c    00000004     empty_pem4f.oem4f (.const:ti_sysbios_knl_Clock_Module__diagsIncluded__C)
                  000089a0    00000004     empty_pem4f.oem4f (.const:ti_sysbios_knl_Clock_Module__diagsMask__C)
                  000089a4    00000004     empty_pem4f.oem4f (.const:ti_sysbios_knl_Idle_funcList__A)
                  000089a8    00000004     empty_pem4f.oem4f (.const:ti_sysbios_knl_Mailbox_A_invalidBufSize__C)
                  000089ac    00000004     empty_pem4f.oem4f (.const:ti_sysbios_knl_Mailbox_Instance_State_dataQue__O)
                  000089b0    00000004     empty_pem4f.oem4f (.const:ti_sysbios_knl_Mailbox_Instance_State_dataSem__O)
                  000089b4    00000004     empty_pem4f.oem4f (.const:ti_sysbios_knl_Mailbox_Instance_State_freeQue__O)
                  000089b8    00000004     empty_pem4f.oem4f (.const:ti_sysbios_knl_Mailbox_Instance_State_freeSem__O)
                  000089bc    00000004     empty_pem4f.oem4f (.const:ti_sysbios_knl_Mailbox_Module__diagsEnabled__C)
                  000089c0    00000004     empty_pem4f.oem4f (.const:ti_sysbios_knl_Mailbox_Module__diagsIncluded__C)
                  000089c4    00000004     empty_pem4f.oem4f (.const:ti_sysbios_knl_Mailbox_Module__diagsMask__C)
                  000089c8    00000004     empty_pem4f.oem4f (.const:ti_sysbios_knl_Mailbox_Object__count__C)
                  000089cc    00000004     empty_pem4f.oem4f (.const:ti_sysbios_knl_Mailbox_maxTypeAlign__C)
                  000089d0    00000004     empty_pem4f.oem4f (.const:ti_sysbios_knl_Semaphore_A_badContext__C)
                  000089d4    00000004     empty_pem4f.oem4f (.const:ti_sysbios_knl_Semaphore_A_noEvents__C)
                  000089d8    00000004     empty_pem4f.oem4f (.const:ti_sysbios_knl_Semaphore_A_overflow__C)
                  000089dc    00000004     empty_pem4f.oem4f (.const:ti_sysbios_knl_Semaphore_A_pendTaskDisabled__C)
                  000089e0    00000004     empty_pem4f.oem4f (.const:ti_sysbios_knl_Semaphore_Instance_State_pendQ__O)
                  000089e4    00000004     empty_pem4f.oem4f (.const:ti_sysbios_knl_Semaphore_Module__diagsEnabled__C)
                  000089e8    00000004     empty_pem4f.oem4f (.const:ti_sysbios_knl_Semaphore_Module__diagsIncluded__C)
                  000089ec    00000004     empty_pem4f.oem4f (.const:ti_sysbios_knl_Semaphore_Module__diagsMask__C)
                  000089f0    00000004     empty_pem4f.oem4f (.const:ti_sysbios_knl_Swi_Object__count__C)
                  000089f4    00000004     empty_pem4f.oem4f (.const:ti_sysbios_knl_Task_A_badPriority__C)
                  000089f8    00000004     empty_pem4f.oem4f (.const:ti_sysbios_knl_Task_A_badTaskState__C)
                  000089fc    00000004     empty_pem4f.oem4f (.const:ti_sysbios_knl_Task_A_badThreadType__C)
                  00008a00    00000004     empty_pem4f.oem4f (.const:ti_sysbios_knl_Task_A_noPendElem__C)
                  00008a04    00000004     empty_pem4f.oem4f (.const:ti_sysbios_knl_Task_E_spOutOfBounds__C)
                  00008a08    00000004     empty_pem4f.oem4f (.const:ti_sysbios_knl_Task_E_stackOverflow__C)
                  00008a0c    00000004     empty_pem4f.oem4f (.const:ti_sysbios_knl_Task_Module_State_inactiveQ__O)
                  00008a10    00000004     empty_pem4f.oem4f (.const:ti_sysbios_knl_Task_Module__diagsEnabled__C)
                  00008a14    00000004     empty_pem4f.oem4f (.const:ti_sysbios_knl_Task_Module__diagsIncluded__C)
                  00008a18    00000004     empty_pem4f.oem4f (.const:ti_sysbios_knl_Task_Module__diagsMask__C)
                  00008a1c    00000004     empty_pem4f.oem4f (.const:ti_sysbios_knl_Task_Object__count__C)
                  00008a20    00000004     empty_pem4f.oem4f (.const:ti_sysbios_knl_Task_allBlockedFunc__C)
                  00008a24    00000004     empty_pem4f.oem4f (.const:ti_sysbios_knl_Task_defaultStackHeap__C)
                  00008a28    00000004     empty_pem4f.oem4f (.const:ti_sysbios_knl_Task_defaultStackSize__C)
                  00008a2c    00000004     empty_pem4f.oem4f (.const:ti_sysbios_knl_Task_numConstructedTasks__C)
                  00008a30    00000004     empty_pem4f.oem4f (.const:xdc_runtime_Assert_E_assertFailed__C)
                  00008a34    00000004     empty_pem4f.oem4f (.const:xdc_runtime_Core_A_initializedParams__C)
                  00008a38    00000004     empty_pem4f.oem4f (.const:xdc_runtime_Core_Module__diagsEnabled__C)
                  00008a3c    00000004     empty_pem4f.oem4f (.const:xdc_runtime_Core_Module__diagsIncluded__C)
                  00008a40    00000004     empty_pem4f.oem4f (.const:xdc_runtime_Core_Module__diagsMask__C)
                  00008a44    00000004     empty_pem4f.oem4f (.const:xdc_runtime_Error_E_memory__C)
                  00008a48    00000004     empty_pem4f.oem4f (.const:xdc_runtime_Error_Module__diagsEnabled__C)
                  00008a4c    00000004     empty_pem4f.oem4f (.const:xdc_runtime_Error_Module__diagsIncluded__C)
                  00008a50    00000004     empty_pem4f.oem4f (.const:xdc_runtime_Error_Module__diagsMask__C)
                  00008a54    00000004     empty_pem4f.oem4f (.const:xdc_runtime_Error_Module__loggerFxn8__C)
                  00008a58    00000004     empty_pem4f.oem4f (.const:xdc_runtime_Error_Module__loggerObj__C)
                  00008a5c    00000004     empty_pem4f.oem4f (.const:xdc_runtime_Error_policyFxn__C)
                  00008a60    00000004     empty_pem4f.oem4f (.const:xdc_runtime_Error_raiseHook__C)
                  00008a64    00000004     empty_pem4f.oem4f (.const:xdc_runtime_IGateProvider_Interface__BASE__C)
                  00008a68    00000004     empty_pem4f.oem4f (.const:xdc_runtime_IHeap_Interface__BASE__C)
                  00008a6c    00000004     empty_pem4f.oem4f (.const:xdc_runtime_IModule_Interface__BASE__C)
                  00008a70    00000004     empty_pem4f.oem4f (.const:xdc_runtime_Log_L_error__C)
                  00008a74    00000004     empty_pem4f.oem4f (.const:xdc_runtime_Memory_defaultHeapInstance__C)
                  00008a78    00000004     empty_pem4f.oem4f (.const:xdc_runtime_Startup_execImpl__C)
                  00008a7c    00000004     empty_pem4f.oem4f (.const:xdc_runtime_Startup_maxPasses__C)
                  00008a80    00000004     empty_pem4f.oem4f (.const:xdc_runtime_Startup_sfxnRts__C)
                  00008a84    00000004     empty_pem4f.oem4f (.const:xdc_runtime_Startup_sfxnTab__C)
                  00008a88    00000004     empty_pem4f.oem4f (.const:xdc_runtime_SysMin_bufSize__C)
                  00008a8c    00000004     empty_pem4f.oem4f (.const:xdc_runtime_SysMin_outputFunc__C)
                  00008a90    00000004     empty_pem4f.oem4f (.const:xdc_runtime_System_Module__gateObj__C)
                  00008a94    00000004     empty_pem4f.oem4f (.const:xdc_runtime_System_abortFxn__C)
                  00008a98    00000004     empty_pem4f.oem4f (.const:xdc_runtime_System_exitFxn__C)
                  00008a9c    00000004     empty_pem4f.oem4f (.const:xdc_runtime_System_extendFxn__C)
                  00008aa0    00000004     empty_pem4f.oem4f (.const:xdc_runtime_System_maxAtexitHandlers__C)
                  00008aa4    00000004     empty_pem4f.oem4f (.const:xdc_runtime_Text_charTab__C)
                  00008aa8    00000004     empty_pem4f.oem4f (.const:xdc_runtime_Text_nameEmpty__C)
                  00008aac    00000004     empty_pem4f.oem4f (.const:xdc_runtime_Text_nameStatic__C)
                  00008ab0    00000004     empty_pem4f.oem4f (.const:xdc_runtime_Text_nameUnknown__C)
                  00008ab4    00000004     empty_pem4f.oem4f (.const:xdc_runtime_Text_nodeTab__C)
                  00008ab8    00000004     empty_pem4f.oem4f (.const:xdc_runtime_Text_visitRopeFxn__C)
                  00008abc    00000002     empty_pem4f.oem4f (.const:ti_sysbios_gates_GateMutex_Module__id__C)
                  00008abe    00000002     empty_pem4f.oem4f (.const:ti_sysbios_hal_Hwi_Module__id__C)
                  00008ac0    00000002     empty_pem4f.oem4f (.const:ti_sysbios_heaps_HeapMem_Module__id__C)
                  00008ac2    00000002     empty_pem4f.oem4f (.const:ti_sysbios_knl_Clock_Module__id__C)
                  00008ac4    00000002     empty_pem4f.oem4f (.const:ti_sysbios_knl_Mailbox_Module__id__C)
                  00008ac6    00000002     empty_pem4f.oem4f (.const:ti_sysbios_knl_Semaphore_Module__id__C)
                  00008ac8    00000002     empty_pem4f.oem4f (.const:ti_sysbios_knl_Task_Module__id__C)
                  00008aca    00000002     empty_pem4f.oem4f (.const:xdc_runtime_Core_Module__id__C)
                  00008acc    00000002     empty_pem4f.oem4f (.const:xdc_runtime_Error_Module__loggerDefined__C)
                  00008ace    00000002     empty_pem4f.oem4f (.const:xdc_runtime_Error_maxDepth__C)
                  00008ad0    00000002     empty_pem4f.oem4f (.const:xdc_runtime_Memory_Module__id__C)
                  00008ad2    00000002     empty_pem4f.oem4f (.const:xdc_runtime_SysMin_flushAtExit__C)
                  00008ad4    00000002     empty_pem4f.oem4f (.const:xdc_runtime_Text_charCnt__C)
                  00008ad6    00000002     empty_pem4f.oem4f (.const:xdc_runtime_Text_isLoaded__C)
                  00008ad8    00000002     empty_pem4f.oem4f (.const:xdc_runtime_Text_registryModsLastId__C)
                  00008ada    00000002     empty_pem4f.oem4f (.const:xdc_runtime_Text_unnamedModsLastId__C)

.cinit     0    00008ae0    00000208     
                  00008ae0    000001d2     (.cinit..data.load) [load image, compression = lzss]
                  00008cb2    00000002     --HOLE-- [fill = 0]
                  00008cb4    0000000c     (__TI_handler_table)
                  00008cc0    00000008     (.cinit..bss.load) [load image, compression = zero_init]
                  00008cc8    00000008     (.cinit..vecs.load) [load image, compression = zero_init]
                  00008cd0    00000018     (__TI_cinit_table)

.init_array 
*          0    00000000    00000000     UNINITIALIZED

.resetVecs 
*          0    00000000    0000003c     
                  00000000    0000003c     empty_pem4f.oem4f (.resetVecs)

.vecs      0    20000000    00000360     UNINITIALIZED
                  20000000    00000360     empty_pem4f.oem4f (.vecs)

.bss       0    20000360    00001328     UNINITIALIZED
                  20000360    00000400     (.common:ti_sysbios_heaps_HeapMem_Instance_State_0_buf__A)
                  20000760    00000360     (.common:ti_sysbios_family_arm_m3_Hwi_dispatchTable)
                  20000ac0    00000300     (.common:task0Stack)
                  20000dc0    00000300     (.common:task1Stack)
                  200010c0    00000200     empty_pem4f.oem4f (.bss:taskStackSection)
                  200012c0    00000120     rtsv7M4_T_le_v4SPD16_eabi.lib : trgmsg.obj (.bss:_CIOBUF_)
                  200013e0    000000cc     (.common:uartTivaObjects)
                  200014ac    00000090     drivers_tivaware.aem4f : GPIOTiva.oem4f (.bss:gpioCallbackInfo)
                  2000153c    00000080     (.common:xdc_runtime_SysMin_Module_State_0_outbuf__A)
                  200015bc    00000050     (.common:task0Struct)
                  2000160c    00000050     (.common:task1Struct)
                  2000165c    00000020     (.common:uartTivaRingBuffer)
                  2000167c    00000008     rtsv7M4_T_le_v4SPD16_eabi.lib : trgdrv.obj (.bss:parmbuf)
                  20001684    00000004     (.common:gpioInterruptVectors)

.data      0    20001688    00000426     UNINITIALIZED
                  20001688    00000080     empty_pem4f.oem4f (.data:ti_sysbios_knl_Swi_Module_State_0_readyQ__A)
                  20001708    00000080     empty_pem4f.oem4f (.data:ti_sysbios_knl_Task_Module_State_0_readyQ__A)
                  20001788    0000004c     empty_pem4f.oem4f (.data:ti_sysbios_knl_Task_Object__table__V)
                  200017d4    00000044     empty_pem4f.oem4f (.data:ti_sysbios_knl_Task_Module__state__V)
                  20001818    00000040     empty_pem4f.oem4f (.data:ti_sysbios_family_arm_lm4_Timer_Object__table__V)
                  20001858    00000038     empty_pem4f.oem4f (.data:ti_sysbios_gates_GateMutex_Object__table__V)
                  20001890    00000034     empty_pem4f.oem4f (.data:ti_sysbios_family_arm_m3_Hwi_Module__state__V)
                  200018c4    00000030     empty_pem4f.oem4f (.data:ti_sysbios_family_arm_lm4_Timer_Module_State_0_device__A)
                  200018f4    00000030     empty_pem4f.oem4f (.data:ti_sysbios_knl_Swi_Object__table__V)
                  20001924    0000002c     empty_pem4f.oem4f (.data:ti_sysbios_knl_Clock_Module__state__V)
                  20001950    00000024     empty_pem4f.oem4f (.data:ti_sysbios_BIOS_Module__state__V)
                  20001974    0000001c     empty_pem4f.oem4f (.data:ti_sysbios_knl_Swi_Module__state__V)
                  20001990    00000018     empty_pem4f.oem4f (.data:ti_sysbios_family_arm_lm4_Timer_Module_State_0_handles__A)
                  200019a8    00000018     empty_pem4f.oem4f (.data:ti_sysbios_family_arm_m3_Hwi_Object__table__V)
                  200019c0    00000018     empty_pem4f.oem4f (.data:ti_sysbios_heaps_HeapMem_Object__table__V)
                  200019d8    00000014     EK_TM4C123GXL.obj (.data:gpioPinConfigs)
                  200019ec    0000000c     rtsv7M4_T_le_v4SPD16_eabi.lib : exit.obj (.data:$O1$$)
                  200019f8    0000000c     empty_pem4f.oem4f (.data:ti_sysbios_family_arm_lm4_Timer_Module__state__V)
                  20001a04    0000000c     empty_pem4f.oem4f (.data:xdc_runtime_SysMin_Module__state__V)
                  20001a10    00000008     rtsv7M4_T_le_v4SPD16_eabi.lib : _lock.obj (.data:$O1$$)
                  20001a18    00000008     EK_TM4C123GXL.obj (.data:gpioCallbackFunctions)
                  20001a20    00000008     empty_pem4f.oem4f (.data:ti_sysbios_family_arm_m3_Hwi_Module__root__V)
                  20001a28    00000008     empty_pem4f.oem4f (.data:ti_sysbios_gates_GateHwi_Module__root__V)
                  20001a30    00000008     empty_pem4f.oem4f (.data:ti_sysbios_gates_GateMutex_Module__root__V)
                  20001a38    00000008     empty_pem4f.oem4f (.data:ti_sysbios_heaps_HeapMem_Module__root__V)
                  20001a40    00000008     empty_pem4f.oem4f (.data:ti_sysbios_knl_Clock_Module__root__V)
                  20001a48    00000008     empty_pem4f.oem4f (.data:ti_sysbios_knl_Mailbox_Module__root__V)
                  20001a50    00000008     empty_pem4f.oem4f (.data:ti_sysbios_knl_Queue_Module__root__V)
                  20001a58    00000008     empty_pem4f.oem4f (.data:ti_sysbios_knl_Semaphore_Module__root__V)
                  20001a60    00000008     empty_pem4f.oem4f (.data:ti_sysbios_knl_Task_Module__root__V)
                  20001a68    00000008     empty_pem4f.oem4f (.data:xdc_runtime_Registry_Module__state__V)
                  20001a70    00000008     empty_pem4f.oem4f (.data:xdc_runtime_Startup_Module__state__V)
                  20001a78    00000008     empty_pem4f.oem4f (.data:xdc_runtime_System_Module_State_0_atexitHandlers__A)
                  20001a80    00000008     empty_pem4f.oem4f (.data:xdc_runtime_System_Module__state__V)
                  20001a88    00000005     drivers_tivaware.aem4f : GPIOTiva.oem4f (.data)
                  20001a8d    00000001     --HOLE--
                  20001a8e    00000002     empty_pem4f.oem4f (.data:ti_sysbios_family_arm_m3_Hwi_Module_State_0_excActive__A)
                  20001a90    00000004     drivers_tivaware.aem4f : UART.oem4f (.data)
                  20001a94    00000004     rtsv7M4_T_le_v4SPD16_eabi.lib : stkdepth_vars.obj (.data)
                  20001a98    00000004     empty_pem4f.oem4f (.data:ti_sysbios_family_arm_m3_Hwi_Module_State_0_excContext__A)
                  20001a9c    00000004     empty_pem4f.oem4f (.data:ti_sysbios_family_arm_m3_Hwi_Module_State_0_excStack__A)
                  20001aa0    00000004     empty_pem4f.oem4f (.data:ti_sysbios_gates_GateHwi_Object__table__V)
                  20001aa4    00000004     empty_pem4f.oem4f (.data:ti_sysbios_knl_Task_Module_State_0_idleTask__A)
                  20001aa8    00000004     empty_pem4f.oem4f (.data:xdc_runtime_Memory_Module__state__V)
                  20001aac    00000002     empty_pem4f.oem4f (.data:xdc_runtime_Error_Module__state__V)

.stack     0    20001ab0    00000300     UNINITIALIZED
                  20001ab0    00000300     --HOLE--

.bootVecs 
*          0    00000000    00000008     DSECT
                  00000000    00000008     boot.aem4f : boot.oem4f (.bootVecs)

xdc.meta   0    00000000    000000f1     COPY SECTION
                  00000000    000000f1     empty_pem4f.oem4f (xdc.meta)

MODULE SUMMARY

       Module                     code    ro data   rw data
       ------                     ----    -------   -------
    .\
       empty.obj                  640     23        1696   
       EK_TM4C123GXL.obj          156     68        264    
    +--+--------------------------+-------+---------+---------+
       Total:                     796     91        1960   
                                                           
    C:\Users\haffizi\Desktop\ecen3360\empty_EK_TM4C123GXL_TI\Debug\configPkg\package\cfg\
       empty_pem4f.oem4f          2002    8069      4392   
    +--+--------------------------+-------+---------+---------+
       Total:                     2002    8069      4392   
                                                           
    C:/ti/tirtos_tivac_2_16_00_08/products/TivaWare_C_Series-2.1.1.71b/driverlib/ccs/Debug/driverlib.lib
       gpio.obj                   566     144       0      
       uart.obj                   226     0         0      
       sysctl.obj                 52      0         0      
    +--+--------------------------+-------+---------+---------+
       Total:                     844     144       0      
                                                           
    C:/ti/tirtos_tivac_2_16_00_08/products/tidrivers_tivac_2_16_00_08/packages/ti/drivers/lib/drivers_tivaware.aem4f
       UARTTiva.oem4f             2262    116       0      
       GPIOTiva.oem4f             764     156       153    
       UART.oem4f                 148     36        4      
       RingBuf.oem4f              164     0         0      
    +--+--------------------------+-------+---------+---------+
       Total:                     3338    308       157    
                                                           
    C:\Users\haffizi\Desktop\ecen3360\empty_EK_TM4C123GXL_TI\src\sysbios\sysbios.aem4f
       BIOS.obj                   12848   0         0      
       m3_Hwi_asm.obj             314     0         0      
       m3_TaskSupport_asm.obj     180     0         0      
       m3_Hwi_asm_switch.obj      118     0         0      
    +--+--------------------------+-------+---------+---------+
       Total:                     13460   0         0      
                                                           
    C:\ti\ccsv7\tools\compiler\ti-cgt-arm_16.9.3.LTS\lib\rtsv7M4_T_le_v4SPD16_eabi.lib
       trgdrv.obj                 804     0         8      
       trgmsg.obj                 104     0         288    
       memcpy_t2.obj              156     0         0      
       memset_t2.obj              122     0         0      
       copy_decompress_lzss.obj   104     0         0      
       exit.obj                   84      0         12     
       cpy_tbl.obj                76      0         0      
       u_divt2.obj                64      0         0      
       _lock.obj                  20      0         8      
       args_main.obj              24      0         0      
       strcpy.obj                 20      0         0      
       strlen.obj                 20      0         0      
       copy_decompress_none.obj   14      0         0      
       copy_zero_init.obj         12      0         0      
       stkdepth_vars.obj          0       0         4      
       i_div0.obj                 2       0         0      
    +--+--------------------------+-------+---------+---------+
       Total:                     1626    0         320    
                                                           
    C:\ti\tirtos_tivac_2_16_00_08\products\bios_6_45_01_29\packages\ti\catalog\arm\cortexm4\tiva\ce\lib\Boot.aem4f
       Boot_sysctl.oem4f          262     0         0      
       Boot.oem4f                 152     0         0      
    +--+--------------------------+-------+---------+---------+
       Total:                     414     0         0      
                                                           
    C:\ti\tirtos_tivac_2_16_00_08\products\bios_6_45_01_29\packages\ti\targets\arm\rtsarm\lib\auto_init.aem4f
       auto_init.oem4f            160     0         0      
    +--+--------------------------+-------+---------+---------+
       Total:                     160     0         0      
                                                           
    C:\ti\tirtos_tivac_2_16_00_08\products\bios_6_45_01_29\packages\ti\targets\arm\rtsarm\lib\boot.aem4f
       boot.oem4f                 88      0         0      
    +--+--------------------------+-------+---------+---------+
       Total:                     88      0         0      
                                                           
    C:\ti\tirtos_tivac_2_16_00_08\products\bios_6_45_01_29\packages\ti\targets\arm\rtsarm\lib\ti.targets.arm.rtsarm.aem4f
       System.oem4f               1255    0         0      
       Text.oem4f                 672     0         0      
       Error.oem4f                524     0         0      
       Core-mem.oem4f             358     0         0      
       Startup.oem4f              328     0         0      
       SysMin.oem4f               248     0         0      
       Core-smem.oem4f            204     0         0      
       Memory.oem4f               176     0         0      
       Assert.oem4f               84      0         0      
       Core-params.oem4f          70      0         0      
       Core-label.oem4f           52      0         0      
       Registry.oem4f             32      0         0      
       Gate.oem4f                 28      0         0      
    +--+--------------------------+-------+---------+---------+
       Total:                     4031    0         0      
                                                           
       Stack:                     0       0         768    
       Linker Generated:          0       518       0      
    +--+--------------------------+-------+---------+---------+
       Grand Total:               26759   9130      7597   


LINKER GENERATED COPY TABLES

__TI_cinit_table @ 00008cd0 records: 3, size/record: 8, table size: 24
	.data: load addr=00008ae0, load size=000001d2 bytes, run addr=20001688, run size=00000426 bytes, compression=lzss
	.bss: load addr=00008cc0, load size=00000008 bytes, run addr=20000360, run size=00001328 bytes, compression=zero_init
	.vecs: load addr=00008cc8, load size=00000008 bytes, run addr=20000000, run size=00000360 bytes, compression=zero_init


LINKER GENERATED HANDLER TABLE

__TI_handler_table @ 00008cb4 records: 3, size/record: 4, table size: 12
	index: 0, handler: __TI_decompress_lzss
	index: 1, handler: __TI_decompress_none
	index: 2, handler: __TI_zero_init


GLOBAL SYMBOLS: SORTED ALPHABETICALLY BY Name 

address   name                                                              
-------   ----                                                              
00004d1d  C$$EXIT                                                           
0000463f  C$$IO$$                                                           
00005add  EK_TM4C123GXL_initGPIO                                            
000055e1  EK_TM4C123GXL_initGeneral                                         
00005d51  EK_TM4C123GXL_initUART                                            
00005e31  GPIODirModeSet                                                    
000041bb  GPIOIntClear                                                      
00006711  GPIOIntStatus                                                     
00004c71  GPIOIntTypeSet                                                    
0000224d  GPIOPadConfigSet                                                  
0000517d  GPIOPinConfigure                                                  
000065ad  GPIOPinTypeGPIOInput                                              
000065bf  GPIOPinTypeUART                                                   
000065e3  GPIOPinWrite                                                      
0000888c  GPIOTiva_config                                                   
000046e1  GPIO_hwiIntFxn                                                    
00003b6d  GPIO_init                                                         
00004e19  GPIO_setCallback                                                  
00001e75  GPIO_setConfig                                                    
00004e69  GPIO_write                                                        
00000a97  HOSTclock                                                         
00000a5f  HOSTclose                                                         
00000a21  HOSTgetenv                                                        
000009c5  HOSTlseek                                                         
00000973  HOSTopen                                                          
00000927  HOSTread                                                          
000008c9  HOSTrename                                                        
0000088f  HOSTtime                                                          
00000841  HOSTtime64                                                        
00000809  HOSTunlink                                                        
000007bd  HOSTwrite                                                         
000065d1  RingBuf_construct                                                 
00005621  RingBuf_get                                                       
00006775  RingBuf_peek                                                      
000052a1  RingBuf_put                                                       
UNDEFED   SHT$$INIT_ARRAY$$Base                                             
UNDEFED   SHT$$INIT_ARRAY$$Limit                                            
00005931  SysCtlPeripheralEnable                                            
00006875  UARTCharGet                                                       
0000671f  UARTCharGetNonBlocking                                            
0000687f  UARTCharPut                                                       
0000672d  UARTCharPutNonBlocking                                            
00005519  UARTConfigSetExpClk                                               
000061c9  UARTDisable                                                       
0000650b  UARTEnable                                                        
00006901  UARTFIFOLevelSet                                                  
00006781  UARTFlowControlSet                                                
00001875  UARTIntClear                                                      
00006889  UARTIntDisable                                                    
000068c5  UARTIntEnable                                                     
00006893  UARTIntStatus                                                     
00006907  UARTRxErrorClear                                                  
000068cd  UARTRxErrorGet                                                    
00004ff9  UARTTiva_close                                                    
00003bf9  UARTTiva_control                                                  
00008590  UARTTiva_fxnTable                                                 
0000678d  UARTTiva_init                                                     
0000146d  UARTTiva_open                                                     
00005661  UARTTiva_read                                                     
000058f9  UARTTiva_readCancel                                               
00003877  UARTTiva_readPolling                                              
000039a9  UARTTiva_write                                                    
00004eb9  UARTTiva_writeCancel                                              
0000559d  UARTTiva_writePolling                                             
000063d5  UART_Params_init                                                  
000087fc  UART_config                                                       
000085e0  UART_defaultParams                                                
000057dd  UART_init                                                         
00005b0d  UART_open                                                         
[...]
00006921  ti_sysbios_hal_Hwi_HwiProxy_restore__E                            
00006929  ti_sysbios_gates_GateHwi_leave__E                                 
00006931  ti_sysbios_heaps_HeapMem_isBlocking__E                            
00006939  ti_sysbios_knl_Clock_stop__E                                      
00006941  ti_sysbios_knl_Queue_Instance_init__E                             
00006949  ti_sysbios_knl_Swi_startup__E                                     
00006951  ti_sysbios_gates_GateHwi_query__E                                 
00006951  xdc_runtime_Main_Module_GateProxy_query__E                        
00006951  xdc_runtime_System_Module_GateProxy_query__E                      
00006959  ti_sysbios_BIOS_RtsGateProxy_query__E                             
00006959  ti_sysbios_gates_GateMutex_query__E                               
00006959  ti_sysbios_heaps_HeapMem_Module_GateProxy_query__E                
00006961  ti_sysbios_knl_Task_startup__E                                    
00006969  ti_sysbios_gates_GateHwi_Instance_init__E                         
00006971  ti_sysbios_knl_Clock_logTick__E                                   
00006974  xdc_runtime_Text_charTab__A                                       
0000826a  xdc_runtime_Text_nodeTab__A                                       
0000832e  ti_catalog_arm_cortexm4_tiva_ce_Boot_Module__id__C                
000084f0  ti_sysbios_knl_Task_Object__PARAMS__C                             
0000852c  ti_sysbios_knl_Mailbox_Object__PARAMS__C                          
00008560  ti_sysbios_family_arm_m3_Hwi_Object__PARAMS__C                    
00008590  UARTTiva_fxnTable                                                 
000085b8  ti_sysbios_heaps_HeapMem_Module__FXNS__C                          
000085e0  UART_defaultParams                                                
00008604  ti_sysbios_gates_GateHwi_Module__FXNS__C                          
00008628  ti_sysbios_gates_GateMutex_Module__FXNS__C                        
0000864c  ti_sysbios_heaps_HeapMem_Object__PARAMS__C                        
00008670  ti_sysbios_knl_Clock_Object__PARAMS__C                            
00008694  ti_sysbios_knl_Semaphore_Object__PARAMS__C                        
000086b8  xdc_runtime_Startup_sfxnTab__A                                    
000086dc  ti_sysbios_family_arm_m3_Hwi_Object__DESC__C                      
000086fc  ti_sysbios_gates_GateHwi_Object__DESC__C                          
0000871c  ti_sysbios_gates_GateMutex_Object__DESC__C                        
0000873c  ti_sysbios_heaps_HeapMem_Object__DESC__C                          
0000875c  ti_sysbios_knl_Clock_Object__DESC__C                              
0000877c  ti_sysbios_knl_Mailbox_Object__DESC__C                            
0000879c  ti_sysbios_knl_Queue_Object__DESC__C                              
000087bc  ti_sysbios_knl_Semaphore_Object__DESC__C                          
000087dc  ti_sysbios_knl_Task_Object__DESC__C                               
000087fc  UART_config                                                       
00008814  ti_sysbios_gates_GateHwi_Object__PARAMS__C                        
0000882c  ti_sysbios_gates_GateMutex_Object__PARAMS__C                      
00008844  ti_sysbios_knl_Queue_Object__PARAMS__C                            
0000885c  uartTivaHWAttrs                                                   
0000888b  xdc_runtime_Error_policy__C                                       
0000888c  GPIOTiva_config                                                   
000088a0  xdc_runtime_Startup_firstFxns__A                                  
000088b4  xdc_runtime_Startup_sfxnRts__A                                    
000088c6  ti_sysbios_family_arm_m3_Hwi_Module__id__C                        
000088c8  ti_sysbios_family_arm_m3_Hwi_excHookFuncs__A                      
000088d0  ti_sysbios_knl_Idle_funcList__C                                   
000088d8  xdc_runtime_Startup_firstFxns__C                                  
000088e0  xdc_runtime_Startup_lastFxns__C                                   
000088e8  ti_catalog_arm_cortexm4_tiva_ce_Boot_A_mustUseEnhancedClockMode__C
000088ec  ti_catalog_arm_cortexm4_tiva_ce_Boot_Module__diagsEnabled__C      
000088f0  ti_catalog_arm_cortexm4_tiva_ce_Boot_Module__diagsIncluded__C     
000088f4  ti_catalog_arm_cortexm4_tiva_ce_Boot_Module__diagsMask__C         
000088f8  ti_sysbios_family_arm_lm4_Timer_enableFunc__C                     
000088fc  ti_sysbios_family_arm_lm4_Timer_numTimerDevices__C                
00008900  ti_sysbios_family_arm_lm4_Timer_startupNeeded__C                  
00008904  ti_sysbios_family_arm_m3_Hwi_E_NMI__C                             
00008908  ti_sysbios_family_arm_m3_Hwi_E_alreadyDefined__C                  
0000890c  ti_sysbios_family_arm_m3_Hwi_E_busFault__C                        
00008910  ti_sysbios_family_arm_m3_Hwi_E_debugMon__C                        
00008914  ti_sysbios_family_arm_m3_Hwi_E_hardFault__C                       
00008918  ti_sysbios_family_arm_m3_Hwi_E_memFault__C                        
0000891c  ti_sysbios_family_arm_m3_Hwi_E_noIsr__C                           
00008920  ti_sysbios_family_arm_m3_Hwi_E_reserved__C                        
00008924  ti_sysbios_family_arm_m3_Hwi_E_svCall__C                          
00008928  ti_sysbios_family_arm_m3_Hwi_E_usageFault__C                      
0000892c  ti_sysbios_family_arm_m3_Hwi_NUM_INTERRUPTS__C                    
00008930  ti_sysbios_family_arm_m3_Hwi_Object__count__C                     
00008934  ti_sysbios_family_arm_m3_Hwi_ccr__C                               
00008938  ti_sysbios_family_arm_m3_Hwi_excHandlerFunc__C                    
0000893c  ti_sysbios_family_arm_m3_Hwi_excHookFuncs__C                      
00008940  ti_sysbios_family_arm_m3_Hwi_nullIsrFunc__C                       
00008944  ti_sysbios_family_arm_m3_Hwi_priGroup__C                          
00008948  ti_sysbios_family_arm_m3_TaskSupport_stackAlignment__C            
0000894c  ti_sysbios_gates_GateMutex_A_badContext__C                        
00008950  ti_sysbios_gates_GateMutex_Instance_State_sem__O                  
00008954  ti_sysbios_gates_GateMutex_Module__diagsEnabled__C                
00008958  ti_sysbios_gates_GateMutex_Module__diagsIncluded__C               
0000895c  ti_sysbios_gates_GateMutex_Module__diagsMask__C                   
00008960  ti_sysbios_hal_Hwi_E_stackOverflow__C                             
00008964  ti_sysbios_heaps_HeapMem_A_align__C                               
00008968  ti_sysbios_heaps_HeapMem_A_heapSize__C                            
0000896c  ti_sysbios_heaps_HeapMem_A_invalidFree__C                         
00008970  ti_sysbios_heaps_HeapMem_A_zeroBlock__C                           
00008974  ti_sysbios_heaps_HeapMem_E_memory__C                              
00008978  ti_sysbios_heaps_HeapMem_Module__diagsEnabled__C                  
0000897c  ti_sysbios_heaps_HeapMem_Module__diagsIncluded__C                 
00008980  ti_sysbios_heaps_HeapMem_Module__diagsMask__C                     
00008984  ti_sysbios_heaps_HeapMem_Module__gateObj__C                       
00008988  ti_sysbios_heaps_HeapMem_Object__count__C                         
0000898c  ti_sysbios_heaps_HeapMem_reqAlign__C                              
00008990  ti_sysbios_knl_Clock_A_badThreadType__C                           
00008994  ti_sysbios_knl_Clock_Module_State_clockQ__O                       
00008998  ti_sysbios_knl_Clock_Module__diagsEnabled__C                      
0000899c  ti_sysbios_knl_Clock_Module__diagsIncluded__C                     
000089a0  ti_sysbios_knl_Clock_Module__diagsMask__C                         
000089a4  ti_sysbios_knl_Idle_funcList__A                                   
000089a8  ti_sysbios_knl_Mailbox_A_invalidBufSize__C                        
000089ac  ti_sysbios_knl_Mailbox_Instance_State_dataQue__O                  
000089b0  ti_sysbios_knl_Mailbox_Instance_State_dataSem__O                  
000089b4  ti_sysbios_knl_Mailbox_Instance_State_freeQue__O                  
000089b8  ti_sysbios_knl_Mailbox_Instance_State_freeSem__O                  
000089bc  ti_sysbios_knl_Mailbox_Module__diagsEnabled__C                    
000089c0  ti_sysbios_knl_Mailbox_Module__diagsIncluded__C                   
000089c4  ti_sysbios_knl_Mailbox_Module__diagsMask__C                       
000089c8  ti_sysbios_knl_Mailbox_Object__count__C                           
000089cc  ti_sysbios_knl_Mailbox_maxTypeAlign__C                            
000089d0  ti_sysbios_knl_Semaphore_A_badContext__C                          
000089d4  ti_sysbios_knl_Semaphore_A_noEvents__C                            
000089d8  ti_sysbios_knl_Semaphore_A_overflow__C                            
000089dc  ti_sysbios_knl_Semaphore_A_pendTaskDisabled__C                    
000089e0  ti_sysbios_knl_Semaphore_Instance_State_pendQ__O                  
000089e4  ti_sysbios_knl_Semaphore_Module__diagsEnabled__C                  
000089e8  ti_sysbios_knl_Semaphore_Module__diagsIncluded__C                 
000089ec  ti_sysbios_knl_Semaphore_Module__diagsMask__C                     
000089f0  ti_sysbios_knl_Swi_Object__count__C                               
000089f4  ti_sysbios_knl_Task_A_badPriority__C                              
000089f8  ti_sysbios_knl_Task_A_badTaskState__C                             
000089fc  ti_sysbios_knl_Task_A_badThreadType__C                            
00008a00  ti_sysbios_knl_Task_A_noPendElem__C                               
00008a04  ti_sysbios_knl_Task_E_spOutOfBounds__C                            
00008a08  ti_sysbios_knl_Task_E_stackOverflow__C                            
00008a0c  ti_sysbios_knl_Task_Module_State_inactiveQ__O                     
00008a10  ti_sysbios_knl_Task_Module__diagsEnabled__C                       
00008a14  ti_sysbios_knl_Task_Module__diagsIncluded__C                      
00008a18  ti_sysbios_knl_Task_Module__diagsMask__C                          
00008a1c  ti_sysbios_knl_Task_Object__count__C                              
00008a20  ti_sysbios_knl_Task_allBlockedFunc__C                             
00008a24  ti_sysbios_knl_Task_defaultStackHeap__C                           
00008a28  ti_sysbios_knl_Task_defaultStackSize__C                           
00008a2c  ti_sysbios_knl_Task_numConstructedTasks__C                        
00008a30  xdc_runtime_Assert_E_assertFailed__C                              
00008a34  xdc_runtime_Core_A_initializedParams__C                           
00008a38  xdc_runtime_Core_Module__diagsEnabled__C                          
00008a3c  xdc_runtime_Core_Module__diagsIncluded__C                         
00008a40  xdc_runtime_Core_Module__diagsMask__C                             
00008a44  xdc_runtime_Error_E_memory__C                                     
00008a48  xdc_runtime_Error_Module__diagsEnabled__C                         
00008a4c  xdc_runtime_Error_Module__diagsIncluded__C                        
00008a50  xdc_runtime_Error_Module__diagsMask__C                            
00008a54  xdc_runtime_Error_Module__loggerFxn8__C                           
00008a58  xdc_runtime_Error_Module__loggerObj__C                            
00008a5c  xdc_runtime_Error_policyFxn__C                                    
00008a60  xdc_runtime_Error_raiseHook__C                                    
00008a64  xdc_runtime_IGateProvider_Interface__BASE__C                      
00008a68  xdc_runtime_IHeap_Interface__BASE__C                              
00008a6c  xdc_runtime_IModule_Interface__BASE__C                            
00008a70  xdc_runtime_Log_L_error__C                                        
00008a74  xdc_runtime_Memory_defaultHeapInstance__C                         
00008a78  xdc_runtime_Startup_execImpl__C                                   
00008a7c  xdc_runtime_Startup_maxPasses__C                                  
00008a80  xdc_runtime_Startup_sfxnRts__C                                    
00008a84  xdc_runtime_Startup_sfxnTab__C                                    
00008a88  xdc_runtime_SysMin_bufSize__C                                     
00008a8c  xdc_runtime_SysMin_outputFunc__C                                  
00008a90  xdc_runtime_System_Module__gateObj__C                             
00008a94  xdc_runtime_System_abortFxn__C                                    
00008a98  xdc_runtime_System_exitFxn__C                                     
00008a9c  xdc_runtime_System_extendFxn__C                                   
00008aa0  xdc_runtime_System_maxAtexitHandlers__C                           
00008aa4  xdc_runtime_Text_charTab__C                                       
00008aa8  xdc_runtime_Text_nameEmpty__C                                     
00008aac  xdc_runtime_Text_nameStatic__C                                    
00008ab0  xdc_runtime_Text_nameUnknown__C                                   
00008ab4  xdc_runtime_Text_nodeTab__C                                       
00008ab8  xdc_runtime_Text_visitRopeFxn__C                                  
00008abc  ti_sysbios_gates_GateMutex_Module__id__C                          
00008abe  ti_sysbios_hal_Hwi_Module__id__C                                  
00008ac0  ti_sysbios_heaps_HeapMem_Module__id__C                            
00008ac2  ti_sysbios_knl_Clock_Module__id__C                                
00008ac4  ti_sysbios_knl_Mailbox_Module__id__C                              
00008ac6  ti_sysbios_knl_Semaphore_Module__id__C                            
00008ac8  ti_sysbios_knl_Task_Module__id__C                                 
00008aca  xdc_runtime_Core_Module__id__C                                    
00008acc  xdc_runtime_Error_Module__loggerDefined__C                        
00008ace  xdc_runtime_Error_maxDepth__C                                     
00008ad0  xdc_runtime_Memory_Module__id__C                                  
00008ad2  xdc_runtime_SysMin_flushAtExit__C                                 
00008ad4  xdc_runtime_Text_charCnt__C                                       
00008ad6  xdc_runtime_Text_isLoaded__C                                      
00008ad8  xdc_runtime_Text_registryModsLastId__C                            
00008ada  xdc_runtime_Text_unnamedModsLastId__C                             
00008ae0  __TI_static_base__                                                
00008cb4  __TI_Handler_Table_Base                                           
00008cc0  __TI_Handler_Table_Limit                                          
00008cd0  __TI_CINIT_Base                                                   
00008ce8  __TI_CINIT_Limit                                                  
20000000  ti_sysbios_family_arm_m3_Hwi_ramVectors                           
20000360  ti_sysbios_heaps_HeapMem_Instance_State_0_buf__A                  
20000760  ti_sysbios_family_arm_m3_Hwi_dispatchTable                        
20000ac0  task0Stack                                                        
20000dc0  task1Stack                                                        
200010c0  ti_sysbios_knl_Task_Instance_State_0_stack__A                     
200012c0  __CIOBUF_                                                         
200013e0  uartTivaObjects                                                   
2000153c  xdc_runtime_SysMin_Module_State_0_outbuf__A                       
200015bc  task0Struct                                                       
2000160c  task1Struct                                                       
2000165c  uartTivaRingBuffer                                                
20001688  ti_sysbios_knl_Swi_Module_State_0_readyQ__A                       
20001708  ti_sysbios_knl_Task_Module_State_0_readyQ__A                      
20001788  ti_sysbios_knl_Task_Object__table__V                              
200017d4  ti_sysbios_knl_Task_Module__state__V                              
20001818  ti_sysbios_family_arm_lm4_Timer_Object__table__V                  
20001858  ti_sysbios_gates_GateMutex_Object__table__V                       
20001890  ti_sysbios_family_arm_m3_Hwi_Module__state__V                     
200018c4  ti_sysbios_family_arm_lm4_Timer_Module_State_0_device__A          
200018f4  ti_sysbios_knl_Swi_Object__table__V                               
20001924  ti_sysbios_knl_Clock_Module__state__V                             
20001950  ti_sysbios_BIOS_Module__state__V                                  
20001974  ti_sysbios_knl_Swi_Module__state__V                               
20001990  ti_sysbios_family_arm_lm4_Timer_Module_State_0_handles__A         
200019a8  ti_sysbios_family_arm_m3_Hwi_Object__table__V                     
200019c0  ti_sysbios_heaps_HeapMem_Object__table__V                         
200019d8  gpioPinConfigs                                                    
200019ec  __TI_cleanup_ptr                                                  
200019f0  __TI_dtors_ptr                                                    
200019f4  __TI_enable_exit_profile_output                                   
200019f8  ti_sysbios_family_arm_lm4_Timer_Module__state__V                  
20001a04  xdc_runtime_SysMin_Module__state__V                               
20001a10  _lock                                                             
20001a14  _unlock                                                           
20001a18  gpioCallbackFunctions                                             
20001a20  ti_sysbios_family_arm_m3_Hwi_Module__root__V                      
20001a28  ti_sysbios_gates_GateHwi_Module__root__V                          
20001a30  ti_sysbios_gates_GateMutex_Module__root__V                        
20001a38  ti_sysbios_heaps_HeapMem_Module__root__V                          
20001a40  ti_sysbios_knl_Clock_Module__root__V                              
20001a48  ti_sysbios_knl_Mailbox_Module__root__V                            
20001a50  ti_sysbios_knl_Queue_Module__root__V                              
20001a58  ti_sysbios_knl_Semaphore_Module__root__V                          
20001a60  ti_sysbios_knl_Task_Module__root__V                               
20001a68  xdc_runtime_Registry_Module__state__V                             
20001a70  xdc_runtime_Startup_Module__state__V                              
20001a78  xdc_runtime_System_Module_State_0_atexitHandlers__A               
20001a80  xdc_runtime_System_Module__state__V                               
20001a8e  ti_sysbios_family_arm_m3_Hwi_Module_State_0_excActive__A          
20001a94  main_func_sp                                                      
20001a98  ti_sysbios_family_arm_m3_Hwi_Module_State_0_excContext__A         
20001a9c  ti_sysbios_family_arm_m3_Hwi_Module_State_0_excStack__A           
20001aa0  ti_sysbios_gates_GateHwi_Object__table__V                         
20001aa4  ti_sysbios_knl_Task_Module_State_0_idleTask__A                    
20001aa8  xdc_runtime_Memory_Module__state__V                               
20001aac  xdc_runtime_Error_Module__state__V                                
20001ab0  __stack                                                           
20001db0  __STACK_END                                                       
e000e000  ti_sysbios_family_arm_m3_Hwi_nvic                                 
ffffffff  __TI_pprof_out_hndl                                               
ffffffff  __TI_prof_data_size                                               
ffffffff  __TI_prof_data_start                                              
ffffffff  __binit__                                                         
ffffffff  __c_args__                                                        
ffffffff  binit                                                             
UNDEFED   SHT$$INIT_ARRAY$$Base                                             
UNDEFED   SHT$$INIT_ARRAY$$Limit                                            

[634 symbols]
