******************************************************************************
                  TI ARM Linker PC v16.9.3                     
******************************************************************************
>> Linked Wed Jun 28 11:06:46 2017

OUTPUT FILE NAME:   <uartecho_EK_TM4C123GXL_TI.out>
ENTRY POINT SYMBOL: "_c_int00"  address: 00005981


MEMORY CONFIGURATION

         name            origin    length      used     unused   attr    fill
----------------------  --------  ---------  --------  --------  ----  --------
  FLASH                 00000000   00040000  0000a410  00035bf0  R  X
  SRAM                  20000000   00008000  0000246a  00005b96  RW X


SEGMENT ALLOCATION MAP

run origin  load origin   length   init length attrs members
----------  ----------- ---------- ----------- ----- -------
00000000    00000000    0000a418   0000a418    r-x
  00000000    00000000    0000003c   0000003c    r-- .resetVecs
  00000040    00000040    000077da   000077da    r-x .text
  0000781c    0000781c    00002972   00002972    r-- .const
  0000a190    0000a190    00000288   00000288    r-- .cinit
20000000    20000000    00000360   00000000    rw-
  20000000    20000000    00000360   00000000    rw- .vecs
20000380    20000380    0000210c   00000000    rw-
  20000380    20000380    00001830   00000000    rw- .bss
  20001bb0    20001bb0    000005da   00000000    rw- .data
  2000218c    2000218c    00000300   00000000    rw- .stack


SECTION ALLOCATION MAP

 output                                  attributes/
section   page    origin      length       input sections
--------  ----  ----------  ----------   ----------------
.text      0    00000040    000077da     
                  00000040    00000430     sysbios.aem4f : BIOS.obj (.text:ti_sysbios_family_arm_m3_Hwi_excDumpRegs__I)
                  00000470    0000034c     ti.targets.arm.rtsarm.aem4f : System.oem4f (.text:xdc_runtime_System_doPrint__I)
                  000007bc    00000324     rtsv7M4_T_le_v4SPD16_eabi.lib : trgdrv.obj (.text)
                  00000ae0    000002ec     sysbios.aem4f : BIOS.obj (.text:ti_sysbios_knl_Semaphore_pend__E)
                  00000dcc    00000004     driverlib.lib : uart.obj (.text:UARTIntClear)
                  00000dd0    00000258     sysbios.aem4f : BIOS.obj (.text:ti_sysbios_heaps_HeapMem_free__E)
                  00001028    00000248                   : BIOS.obj (.text:ti_sysbios_heaps_HeapMem_alloc__E)
                  00001270    00000224                   : BIOS.obj (.text:ti_sysbios_knl_Task_Instance_finalize__E)
                  00001494    0000020c     drivers_tivaware.aem4f : UARTTiva.oem4f (.text:UARTTiva_open)
                  000016a0    000001fc     sysbios.aem4f : BIOS.obj (.text:ti_sysbios_family_arm_m3_Hwi_excHandlerMax__I)
                  0000189c    00000004     uartecho_pem4f.oem4f (.text:ti_sysbios_BIOS_RtsGateProxy_enter__E)
                  000018a0    000001c8     sysbios.aem4f : BIOS.obj (.text:ti_sysbios_knl_Task_Instance_init__E)
                  00001a68    0000018c                   : BIOS.obj (.text:ti_sysbios_family_arm_lm4_Timer_start__E)
                  00001bf4    00000004     uartecho_pem4f.oem4f (.text:ti_sysbios_BIOS_RtsGateProxy_leave__E)
                  00001bf8    0000017c     sysbios.aem4f : BIOS.obj (.text:ti_sysbios_family_arm_lm4_TimestampProvider_get64__E)
                  00001d74    00000004                   : BIOS.obj (.text:ti_sysbios_family_arm_lm4_Timer_masterEnable__I)
                  00001d78    00000174                   : BIOS.obj (.text:ti_sysbios_family_arm_m3_Hwi_excBusFault__I)
                  00001eec    00000004     uartecho_pem4f.oem4f (.text:ti_sysbios_family_arm_m3_Hwi_destruct)
                  00001ef0    00000164     sysbios.aem4f : BIOS.obj (.text:ti_sysbios_family_arm_m3_Hwi_excUsageFault__I)
                  00002054    00000150     drivers_tivaware.aem4f : GPIOTiva.oem4f (.text:GPIO_setConfig)
                  000021a4    00000004     uartecho_pem4f.oem4f (.text:ti_sysbios_family_arm_m3_TaskSupport_Module__startupDone__S)
                  000021a8    00000148     sysbios.aem4f : BIOS.obj (.text:ti_sysbios_family_arm_m3_Hwi_excMemFault__I)
                  000022f0    00000140                   : BIOS.obj (.text:ti_sysbios_knl_Semaphore_post__E)
                  00002430    0000013c                   : BIOS.obj (.text:ti_sysbios_heaps_HeapMem_Instance_init__E)
                  0000256c    00000004     uartecho_pem4f.oem4f (.text:ti_sysbios_heaps_HeapMem_Module_GateProxy_enter__E)
                  00002570    0000013c     sysbios.aem4f : BIOS.obj (.text:ti_sysbios_knl_Clock_workFunc__E)
                  000026ac    00000004     uartecho_pem4f.oem4f (.text:ti_sysbios_heaps_HeapMem_Module_GateProxy_leave__E)
                  000026b0    00000138     sysbios.aem4f : BIOS.obj (.text:ti_sysbios_family_arm_m3_Hwi_dispatchC__I)
                  000027e8    00000138     uartecho_pem4f.oem4f (.text:ti_uia_loggers_LoggerStopMode_writeMemoryRange__E)
                  00002920    00000130     driverlib.lib : gpio.obj (.text:GPIOPadConfigSet)
                  00002a50    0000012c     uartecho.obj (.text:main)
                  00002b7c    00000004     uartecho_pem4f.oem4f (.text:ti_sysbios_knl_Clock_TimerProxy_getMaxTicks__E)
                  00002b80    0000011c     sysbios.aem4f : BIOS.obj (.text:ti_sysbios_knl_Clock_Instance_init__E)
                  00002c9c    00000004     uartecho_pem4f.oem4f (.text:ti_sysbios_knl_Clock_TimerProxy_getPeriod__E)
                  00002ca0    0000011c     sysbios.aem4f : BIOS.obj (.text:ti_sysbios_knl_Swi_run__I)
                  00002dbc    00000118     ti.targets.arm.rtsarm.aem4f : Error.oem4f (.text:xdc_runtime_Error_policyDefault__E)
                  00002ed4    0000010c     uartecho_pem4f.oem4f (.text:ti_uia_loggers_LoggerStopMode_write8__E)
                  00002fe0    00000100     Boot.aem4f : Boot_sysctl.oem4f (.text:ti_catalog_arm_cortexm4_tiva_ce_Boot_sysCtlClockSetI__I)
                  000030e0    00000100     ti.targets.arm.rtsarm.aem4f : Core-mem.oem4f (.text:xdc_runtime_Core_createObject__I)
                  000031e0    000000f8                                 : Startup.oem4f (.text:xdc_runtime_Startup_startMods__I)
                  000032d8    000000f8     uartecho_pem4f.oem4f (.text:xdc_runtime_System_printfExtend__I)
                  000033d0    000000f4     sysbios.aem4f : m3_Hwi_asm.obj (.text:ti_sysbios_family_arm_m3_Hwi_dispatch__I)
                  000034c4    000000f4     uartecho_pem4f.oem4f (.text:ti_uia_loggers_LoggerStopMode_write4__E)
                  000035b8    000000e8     uartecho_pem4f.oem4f (.text:ti_uia_loggers_LoggerStopMode_write1__E)
                  000036a0    000000e8     uartecho_pem4f.oem4f (.text:ti_uia_loggers_LoggerStopMode_write2__E)
                  00003788    000000d8     sysbios.aem4f : BIOS.obj (.text:ti_sysbios_family_arm_lm4_TimestampProvider_get32__E)
                  00003860    000000d8     uartecho_pem4f.oem4f (.text:ti_uia_loggers_LoggerStopMode_write0__E)
                  00003938    000000cc     sysbios.aem4f : BIOS.obj (.text:ti_sysbios_knl_Task_schedule__I)
                  00003a04    000000cc     ti.targets.arm.rtsarm.aem4f : Core-smem.oem4f (.text:xdc_runtime_Core_constructObject__I)
                  00003ad0    000000bc     sysbios.aem4f : BIOS.obj (.text:ti_sysbios_family_arm_m3_Hwi_excDebugMon__I)
                  00003b8c    00000004     uartecho_pem4f.oem4f (.text:ti_sysbios_knl_Clock_destruct)
                  00003b90    000000bc     sysbios.aem4f : BIOS.obj (.text:ti_sysbios_family_arm_m3_Hwi_excHardFault__I)
                  00003c4c    00000004     uartecho_pem4f.oem4f (.text:ti_sysbios_knl_Queue_destruct)
                  00003c50    000000bc     sysbios.aem4f : BIOS.obj (.text:ti_sysbios_knl_Task_startCore__E)
                  00003d0c    00000004     uartecho_pem4f.oem4f (.text:ti_sysbios_knl_Semaphore_destruct)
                  00003d10    000000bc     sysbios.aem4f : BIOS.obj (.text:ti_sysbios_utils_Load_updateLoads__E)
                  00003dcc    00000004     ti.uia.loggers.aem4f : LoggerStopMode.oem4f (.text:ti_uia_loggers_LoggerStopMode_getContents__E)
                  00003dd0    000000b4     sysbios.aem4f : BIOS.obj (.text:ti_sysbios_gates_GateMutex_enter__E)
                  00003e84    00000004     uartecho_pem4f.oem4f (.text:ti_uia_loggers_LoggerStopMode_getFilterLevel__E)
                  00003e88    000000b4     sysbios.aem4f : BIOS.obj (.text:ti_sysbios_knl_Task_checkStacks__E)
                  00003f3c    00000004     ti.uia.loggers.aem4f : LoggerStopMode.oem4f (.text:ti_uia_loggers_LoggerStopMode_getInstanceId__E)
                  00003f40    000000b0     sysbios.aem4f : BIOS.obj (.text:ti_sysbios_utils_Load_idleFxn__E)
                  00003ff0    000000ac     drivers_tivaware.aem4f : UARTTiva.oem4f (.text:readTaskBlocking)
                  0000409c    00000004     ti.uia.loggers.aem4f : LoggerStopMode.oem4f (.text:ti_uia_loggers_LoggerStopMode_getMaxLength__E)
                  000040a0    000000ac     sysbios.aem4f : BIOS.obj (.text:ti_sysbios_family_arm_lm4_Timer_enableTiva__I)
                  0000414c    00000004     ti.uia.loggers.aem4f : LoggerStopMode.oem4f (.text:ti_uia_loggers_LoggerStopMode_getPriority__E)
                  00004150    000000ac     sysbios.aem4f : BIOS.obj (.text:ti_sysbios_knl_Swi_post__E)
                  000041fc    00000004     ti.uia.loggers.aem4f : LoggerStopMode.oem4f (.text:ti_uia_loggers_LoggerStopMode_getTransferType__E)
                  00004200    000000a8     sysbios.aem4f : BIOS.obj (.text:ti_sysbios_family_arm_lm4_Timer_enableTimers__I)
                  000042a8    000000a8                   : BIOS.obj (.text:ti_sysbios_knl_Task_blockI__E)
                  00004350    000000a8                   : BIOS.obj (.text:ti_sysbios_knl_Task_postInit__I)
                  000043f8    000000a4                   : BIOS.obj (.text:ti_sysbios_knl_Clock_Instance_finalize__E)
                  0000449c    000000a0     auto_init.aem4f : auto_init.oem4f (.text)
                  0000453c    000000a0     ti.targets.arm.rtsarm.aem4f : Text.oem4f (.text:xdc_runtime_Text_putMod__E)
                  000045dc    0000009c     rtsv7M4_T_le_v4SPD16_eabi.lib : memcpy_t2.obj (.text)
                  00004678    0000009c     sysbios.aem4f : BIOS.obj (.text:ti_sysbios_knl_Semaphore_Instance_init__E)
                  00004714    0000009a     ti.targets.arm.rtsarm.aem4f : Text.oem4f (.text:xdc_runtime_Text_putSite__E)
                  000047ae    00000098     drivers_tivaware.aem4f : UARTTiva.oem4f (.text:UARTTiva_readPolling)
                  00004846    00000002     rtsv7M4_T_le_v4SPD16_eabi.lib : i_div0.obj (.text)
                  00004848    00000098     Boot.aem4f : Boot.oem4f (.text:ti_catalog_arm_cortexm4_tiva_ce_Boot_sysCtlClockSet__E)
                  000048e0    00000094     drivers_tivaware.aem4f : UARTTiva.oem4f (.text:UARTTiva_write)
                  00004974    00000004     ti.targets.arm.rtsarm.aem4f : Error.oem4f (.text:xdc_runtime_Error_getSite__E)
                  00004978    00000094     sysbios.aem4f : BIOS.obj (.text:ti_sysbios_family_arm_m3_Hwi_Instance_init__E)
                  00004a0c    00000004     uartecho_pem4f.oem4f (.text:xdc_runtime_System_Module_GateProxy_enter__E)
                  00004a10    00000094     sysbios.aem4f : BIOS.obj (.text:ti_sysbios_family_arm_m3_Hwi_initNVIC__E)
                  00004aa4    00000004     uartecho_pem4f.oem4f (.text:xdc_runtime_System_Module_GateProxy_leave__E)
                  00004aa8    00000094     sysbios.aem4f : BIOS.obj (.text:ti_sysbios_knl_Task_exit__E)
                  00004b3c    00000004     ti.targets.arm.rtsarm.aem4f : System.oem4f (.text:xdc_runtime_System_aprintf_va__F)
                  00004b40    00000090     sysbios.aem4f : BIOS.obj (.text:ti_sysbios_knl_Task_unblockI__E)
                  00004bd0    00000090     ti.uia.loggers.aem4f : LoggerStopMode.oem4f (.text:ti_uia_loggers_LoggerStopMode_initQueueDescriptor__E)
                  00004c60    0000008c     drivers_tivaware.aem4f : GPIOTiva.oem4f (.text:GPIO_init)
                  00004cec    0000008c                            : UARTTiva.oem4f (.text:UARTTiva_control)
                  00004d78    0000008c     sysbios.aem4f : m3_TaskSupport_asm.obj (.text:ti_sysbios_family_arm_m3_TaskSupport_buildTaskStack)
                  00004e04    0000008a     drivers_tivaware.aem4f : UARTTiva.oem4f (.text:readIsrTextBlocking)
                  00004e8e    00000002     uartecho_pem4f.oem4f (.text:ti_sysbios_BIOS_nullFunc__I)
                  00004e90    00000088     uartecho.obj (.text:echoFxn)
                  00004f18    00000084     sysbios.aem4f : BIOS.obj (.text:ti_sysbios_family_arm_m3_Hwi_postInit__I)
                  00004f9c    00000082     drivers_tivaware.aem4f : UARTTiva.oem4f (.text:readIsrTextCallback)
                  0000501e    0000007a                            : UARTTiva.oem4f (.text:readTaskCallback)
                  00005098    0000007a     rtsv7M4_T_le_v4SPD16_eabi.lib : memset_t2.obj (.text)
                  00005112    00000006     driverlib.lib : gpio.obj (.text:GPIOIntClear)
                  00005118    00000074     sysbios.aem4f : BIOS.obj (.text:ti_sysbios_knl_Clock_start__E)
                  0000518c    00000074     ti.uia.runtime.aem4f : QueueDescriptor.oem4f (.text:ti_uia_runtime_QueueDescriptor_addToList__E)
                  00005200    0000006d     ti.targets.arm.rtsarm.aem4f : System.oem4f (.text:xdc_runtime_System_formatNum__I)
                  0000526d    00000001     --HOLE-- [fill = 0]
                  0000526e    00000002     uartecho_pem4f.oem4f (.text:ti_uia_loggers_LoggerStopMode_setFilterLevel__E)
                  00005270    0000006c     sysbios.aem4f : BIOS.obj (.text:ti_sysbios_knl_Swi_restoreHwi__E)
                  000052dc    0000006c     drivers_tivaware.aem4f : UARTTiva.oem4f (.text:writeData)
                  00005348    0000006c     ti.targets.arm.rtsarm.aem4f : Error.oem4f (.text:xdc_runtime_Error_print__E)
                  000053b4    0000006c                                 : Memory.oem4f (.text:xdc_runtime_Memory_alloc__E)
                  00005420    00000068     rtsv7M4_T_le_v4SPD16_eabi.lib : copy_decompress_lzss.obj (.text:decompress:lzss)
                  00005488    00000068                                   : trgmsg.obj (.text)
                  000054f0    00000066     ti.uia.loggers.aem4f : LoggerStopMode.oem4f (.text:ti_uia_loggers_LoggerStopMode_flush__E)
                  00005556    00000066     ti.targets.arm.rtsarm.aem4f : Core-mem.oem4f (.text:xdc_runtime_Core_deleteObject__I)
                  000055bc    00000064     drivers_tivaware.aem4f : GPIOTiva.oem4f (.text:GPIO_hwiIntFxn)
                  00005620    00000064     sysbios.aem4f : BIOS.obj (.text:ti_sysbios_family_arm_lm4_Timer_Module_startup__E)
                  00005684    00000064     uartecho_pem4f.oem4f (.text:ti_sysbios_family_arm_m3_Hwi_create)
                  000056e8    00000060     sysbios.aem4f : BIOS.obj (.text:ti_sysbios_family_arm_lm4_Timer_isrStub__E)
                  00005748    00000060                   : BIOS.obj (.text:ti_sysbios_knl_Clock_logTick__E)
                  000057a8    00000060                   : BIOS.obj (.text:ti_sysbios_utils_Load_logCPULoad__I)
                  00005808    0000005e     drivers_tivaware.aem4f : UARTTiva.oem4f (.text:readIsrBinaryBlocking)
                  00005866    00000002     ti.uia.loggers.aem4f : LoggerStopMode.oem4f (.text:ti_uia_loggers_LoggerStopMode_setPriority__E)
                  00005868    0000005c     sysbios.aem4f : BIOS.obj (.text:ti_sysbios_knl_Swi_schedule__I)
                  000058c4    00000004     ti.targets.arm.rtsarm.aem4f : System.oem4f (.text:xdc_runtime_System_printf_va__F)
                  000058c8    0000005c     sysbios.aem4f : BIOS.obj (.text:ti_sysbios_knl_Task_Module_startup__E)
                  00005924    0000005b     ti.targets.arm.rtsarm.aem4f : Text.oem4f (.text:xdc_runtime_Text_putLab__E)
                  0000597f    00000001     --HOLE-- [fill = 0]
                  00005980    00000058     boot.aem4f : boot.oem4f (.text)
                  000059d8    00000058     uartecho_pem4f.oem4f (.text:ti_sysbios_family_arm_m3_Hwi_construct)
                  00005a30    00000058     sysbios.aem4f : m3_Hwi_asm_switch.obj (.text:ti_sysbios_family_arm_m3_Hwi_initStacks__E)
                  00005a88    00000056     driverlib.lib : gpio.obj (.text:GPIOIntTypeSet)
                  00005ade    00000054     drivers_tivaware.aem4f : UARTTiva.oem4f (.text:readIsrBinaryCallback)
                  00005b32    00000002     uartecho_pem4f.oem4f (.text:xdc_runtime_Startup_reset__I)
                  00005b34    00000054     rtsv7M4_T_le_v4SPD16_eabi.lib : exit.obj (.text)
                  00005b88    00000054     uartecho_pem4f.oem4f (.text:ti_sysbios_knl_Task_construct)
                  00005bdc    00000054     ti.targets.arm.rtsarm.aem4f : Assert.oem4f (.text:xdc_runtime_Assert_raise__I)
                  00005c30    00000050     drivers_tivaware.aem4f : GPIOTiva.oem4f (.text:GPIO_setCallback)
                  00005c80    00000050                            : GPIOTiva.oem4f (.text:GPIO_write)
                  00005cd0    00000050                            : UARTTiva.oem4f (.text:UARTTiva_writeCancel)
                  00005d20    00000050     sysbios.aem4f : BIOS.obj (.text:ti_sysbios_family_arm_m3_Hwi_Module_startup__E)
                  00005d70    00000050     ti.targets.arm.rtsarm.aem4f : Startup.oem4f (.text:xdc_runtime_Startup_exec__E)
                  00005dc0    00000050                                 : Text.oem4f (.text:xdc_runtime_Text_visitRope2__I)
                  00005e10    0000004c     drivers_tivaware.aem4f : UARTTiva.oem4f (.text:UARTTiva_close)
                  00005e5c    0000004c     rtsv7M4_T_le_v4SPD16_eabi.lib : cpy_tbl.obj (.text)
                  00005ea8    0000004c     sysbios.aem4f : BIOS.obj (.text:ti_sysbios_heaps_HeapMem_getStats__E)
                  00005ef4    00000004     --HOLE-- [fill = 0]
                  00005ef8    0000004c                   : BIOS.obj (.text:ti_sysbios_knl_Swi_runLoop__I)
                  00005f44    00000004     --HOLE-- [fill = 0]
                  00005f48    0000004c                   : BIOS.obj (.text:ti_sysbios_knl_Task_allBlockedFunction__I)
                  00005f94    0000004c     ti.uia.loggers.aem4f : LoggerStopMode.oem4f (.text:ti_uia_loggers_LoggerStopMode_Module_startup__E)
                  00005fe0    00000048     driverlib.lib : gpio.obj (.text:GPIOPinConfigure)
                  00006028    00000048     sysbios.aem4f : BIOS.obj (.text:ti_sysbios_family_arm_m3_Hwi_disableInterrupt__E)
                  00006070    00000048                   : BIOS.obj (.text:ti_sysbios_family_arm_m3_Hwi_enableInterrupt__E)
                  000060b8    00000048                   : BIOS.obj (.text:ti_sysbios_family_arm_m3_Hwi_excReserved__I)
                  00006100    00000046     drivers_tivaware.aem4f : RingBuf.oem4f (.text:RingBuf_put)
                  00006146    00000046     ti.targets.arm.rtsarm.aem4f : Core-params.oem4f (.text:xdc_runtime_Core_assignParams__I)
                  0000618c    00000004     --HOLE-- [fill = 0]
                  00006190    00000044     sysbios.aem4f : BIOS.obj (.text:ti_sysbios_family_arm_lm4_Timer_stop__E)
                  000061d4    00000004     --HOLE-- [fill = 0]
                  000061d8    00000044                   : BIOS.obj (.text:ti_sysbios_family_arm_m3_Hwi_getStackInfo__E)
                  0000621c    00000044     ti.uia.loggers.aem4f : LoggerStopMode.oem4f (.text:ti_uia_loggers_LoggerStopMode_initBuffer__I)
                  00006260    00000044     ti.targets.arm.rtsarm.aem4f : Error.oem4f (.text:xdc_runtime_Error_setX__E)
                  000062a4    00000044                                 : SysMin.oem4f (.text:xdc_runtime_SysMin_flush__E)
                  000062e8    00000044                                 : Text.oem4f (.text:xdc_runtime_Text_xprintf__I)
                  0000632c    00000042     driverlib.lib : uart.obj (.text:UARTConfigSetExpClk)
                  0000636e    00000042     drivers_tivaware.aem4f : UARTTiva.oem4f (.text:UARTTiva_hwiIntFxn)
                  000063b0    00000042                            : UARTTiva.oem4f (.text:UARTTiva_writePolling)
                  000063f2    00000002     --HOLE-- [fill = 0]
                  000063f4    00000040     EK_TM4C123GXL.obj (.text:EK_TM4C123GXL_initGeneral)
                  00006434    00000040     drivers_tivaware.aem4f : RingBuf.oem4f (.text:RingBuf_get)
                  00006474    00000040                            : UARTTiva.oem4f (.text:UARTTiva_read)
                  000064b4    00000040     rtsv7M4_T_le_v4SPD16_eabi.lib : u_divt2.obj (.text)
                  000064f4    00000004     --HOLE-- [fill = 0]
                  000064f8    00000040     sysbios.aem4f : BIOS.obj (.text:ti_sysbios_family_arm_lm4_Timer_startup__E)
                  00006538    0000003c                   : BIOS.obj (.text:ti_sysbios_family_arm_m3_Hwi_excSvCall__I)
                  00006574    00000004     --HOLE-- [fill = 0]
                  00006578    0000003c                   : BIOS.obj (.text:ti_sysbios_heaps_HeapMem_init__I)
                  000065b4    00000004     --HOLE-- [fill = 0]
                  000065b8    0000003c                   : BIOS.obj (.text:ti_sysbios_knl_Swi_startup__E)
                  000065f4    00000038     drivers_tivaware.aem4f : UART.oem4f (.text:UART_init)
                  0000662c    00000004     --HOLE-- [fill = 0]
                  00006630    00000038     sysbios.aem4f : BIOS.obj (.text:ti_sysbios_family_arm_m3_Hwi_excNoIsr__I)
                  00006668    00000038                   : BIOS.obj (.text:ti_sysbios_knl_Task_processVitalTaskFlag__I)
                  000066a0    00000038     ti.targets.arm.rtsarm.aem4f : SysMin.oem4f (.text:xdc_runtime_SysMin_putch__E)
                  000066d8    00000038                                 : System.oem4f (.text:xdc_runtime_System_atexit__E)
                  00006710    00000036     drivers_tivaware.aem4f : UARTTiva.oem4f (.text:UARTTiva_readCancel)
                  00006746    00000002     --HOLE-- [fill = 0]
                  00006748    00000034     driverlib.lib : sysctl.obj (.text:SysCtlPeripheralEnable)
                  0000677c    00000004     --HOLE-- [fill = 0]
                  00006780    00000034     sysbios.aem4f : BIOS.obj (.text:ti_sysbios_family_arm_m3_Hwi_Instance_finalize__E)
                  000067b4    00000004     --HOLE-- [fill = 0]
                  000067b8    00000034                   : BIOS.obj (.text:ti_sysbios_family_arm_m3_Hwi_excNmi__I)
                  000067ec    00000004     --HOLE-- [fill = 0]
                  000067f0    00000034                   : BIOS.obj (.text:ti_sysbios_hal_Hwi_checkStack)
                  00006824    00000034     uartecho_pem4f.oem4f (.text:ti_sysbios_knl_Clock_construct)
                  00006858    00000034     ti.uia.loggers.aem4f : LoggerStopMode.oem4f (.text:ti_uia_loggers_LoggerStopMode_reset__E)
                  0000688c    00000034     ti.targets.arm.rtsarm.aem4f : Core-label.oem4f (.text:xdc_runtime_Core_assignLabel__I)
                  000068c0    00000033                                 : Text.oem4f (.text:xdc_runtime_Text_printVisFxn__I)
                  000068f3    00000005     --HOLE-- [fill = 0]
                  000068f8    00000032     sysbios.aem4f : BIOS.obj (.text:ti_sysbios_hal_Hwi_initStack)
                  0000692a    00000006     driverlib.lib : gpio.obj (.text:GPIOPinWrite)
                  00006930    00000032     sysbios.aem4f : BIOS.obj (.text:ti_sysbios_knl_Semaphore_pendTimeout__I)
                  00006962    00000002     --HOLE-- [fill = 0]
                  00006964    00000030     EK_TM4C123GXL.obj (.text:EK_TM4C123GXL_initGPIO)
                  00006994    00000030     drivers_tivaware.aem4f : UART.oem4f (.text:UART_open)
                  000069c4    00000030     uartecho_pem4f.oem4f (.text:ti_sysbios_BIOS_atExitFunc__I)
                  000069f4    00000004     --HOLE-- [fill = 0]
                  000069f8    00000030     sysbios.aem4f : BIOS.obj (.text:ti_sysbios_family_arm_m3_TaskSupport_start__E)
                  00006a28    00000030     uartecho_pem4f.oem4f (.text:ti_sysbios_gates_GateHwi_Object__create__S)
                  00006a58    00000030     uartecho_pem4f.oem4f (.text:ti_sysbios_gates_GateMutex_Object__create__S)
                  00006a88    00000030     uartecho_pem4f.oem4f (.text:ti_sysbios_heaps_HeapMem_Object__create__S)
                  00006ab8    00000030     uartecho_pem4f.oem4f (.text:ti_sysbios_knl_Semaphore_construct)
                  00006ae8    00000030     sysbios.aem4f : BIOS.obj (.text:ti_sysbios_utils_Load_updateCurrentThreadTime__E)
                  00006b18    00000030     uartecho_pem4f.oem4f (.text:ti_uia_loggers_LoggerStopMode_Object__create__S)
                  00006b48    00000030     ti.targets.arm.rtsarm.aem4f : SysMin.oem4f (.text:xdc_runtime_SysMin_abort__E)
                  00006b78    00000030                                 : System.oem4f (.text:xdc_runtime_System_processAtExit__E)
                  00006ba8    0000002c     EK_TM4C123GXL.obj (.text:EK_TM4C123GXL_initUART)
                  00006bd4    0000002c     uartecho_pem4f.oem4f (.text:ti_sysbios_knl_Clock_doTick__I)
                  00006c00    0000002c     uartecho_pem4f.oem4f (.text:ti_sysbios_knl_Queue_construct)
                  00006c2c    00000004     --HOLE-- [fill = 0]
                  00006c30    0000002c     sysbios.aem4f : BIOS.obj (.text:ti_sysbios_knl_Task_restore__E)
                  00006c5c    0000002c     ti.targets.arm.rtsarm.aem4f : Text.oem4f (.text:xdc_runtime_Text_cordText__E)
                  00006c88    0000002a     driverlib.lib : gpio.obj (.text:GPIODirModeSet)
                  00006cb2    0000002a     ti.targets.arm.rtsarm.aem4f : System.oem4f (.text:xdc_runtime_System_putchar__I)
                  00006cdc    00000004     --HOLE-- [fill = 0]
                  00006ce0    00000028     sysbios.aem4f : BIOS.obj (.text:ti_sysbios_knl_Swi_Module_startup__E)
                  00006d08    00000026                   : m3_Hwi_asm.obj (.text:ti_sysbios_family_arm_m3_Hwi_pendSV__I)
                  00006d2e    00000026     ti.targets.arm.rtsarm.aem4f : System.oem4f (.text:xdc_runtime_System_avprintf__E)
                  00006d54    00000024     uartecho_pem4f.oem4f (.text:ti_sysbios_BIOS_registerRTSLock__I)
                  00006d78    00000024     uartecho_pem4f.oem4f (.text:ti_sysbios_BIOS_removeRTSLock__I)
                  00006d9c    00000024     uartecho_pem4f.oem4f (.text:ti_sysbios_BIOS_startFunc__I)
                  00006dc0    00000024     sysbios.aem4f : BIOS.obj (.text:ti_sysbios_family_arm_m3_Hwi_doTaskRestore__I)
                  00006de4    00000024     uartecho_pem4f.oem4f (.text:ti_sysbios_gates_GateMutex_Object__delete__S)
                  00006e08    00000024     sysbios.aem4f : BIOS.obj (.text:ti_sysbios_knl_Clock_Module_startup__E)
                  00006e2c    00000024     ti.targets.arm.rtsarm.aem4f : System.oem4f (.text:xdc_runtime_System_vprintf__E)
                  00006e50    00000022     sysbios.aem4f : BIOS.obj (.text:ti_sysbios_family_arm_lm4_Timer_write__I)
                  00006e72    00000022     uartecho_pem4f.oem4f (.text:xdc_runtime_SysMin_output__I)
                  00006e94    00000020     uartecho_pem4f.oem4f (.text:ti_sysbios_BIOS_rtsLock__I)
                  00006eb4    00000020     sysbios.aem4f : m3_Hwi_asm.obj (.text:ti_sysbios_family_arm_m3_Hwi_excHandlerAsm__I)
                  00006ed4    00000004     --HOLE-- [fill = 0]
                  00006ed8    00000020                   : BIOS.obj (.text:ti_sysbios_family_arm_m3_Hwi_excHandler__I)
                  00006ef8    00000020     uartecho_pem4f.oem4f (.text:ti_sysbios_gates_GateHwi_Object__delete__S)
                  00006f18    00000020     uartecho_pem4f.oem4f (.text:ti_sysbios_heaps_HeapMem_Object__delete__S)
                  00006f38    00000020     uartecho_pem4f.oem4f (.text:ti_sysbios_knl_Clock_Object__destruct__S)
                  00006f58    00000020     sysbios.aem4f : BIOS.obj (.text:ti_sysbios_knl_Idle_run__E)
                  00006f78    00000020     uartecho_pem4f.oem4f (.text:ti_sysbios_knl_Semaphore_Object__destruct__S)
                  00006f98    00000020     uartecho_pem4f.oem4f (.text:ti_uia_loggers_LoggerStopMode_Object__delete__S)
                  00006fb8    00000020     ti.targets.arm.rtsarm.aem4f : Registry.oem4f (.text:xdc_runtime_Registry_findById__E)
                  00006fd8    00000020                                 : SysMin.oem4f (.text:xdc_runtime_SysMin_Module_startup__E)
                  00006ff8    0000001e     uartecho_pem4f.oem4f (.text:ti_sysbios_BIOS_errorRaiseHook__I)
                  00007016    0000001e     sysbios.aem4f : m3_Hwi_asm_switch.obj (.text:ti_sysbios_family_xxx_Hwi_switchAndRunFunc)
                  00007034    0000001c     driverlib.lib : uart.obj (.text:UARTDisable)
                  00007050    0000001c     drivers_tivaware.aem4f : GPIOTiva.oem4f (.text:getGpioIntIndex)
                  0000706c    0000001c     uartecho_pem4f.oem4f (.text:ti_sysbios_family_arm_m3_Hwi_Object__destruct__S)
                  00007088    0000001c     sysbios.aem4f : BIOS.obj (.text:ti_sysbios_gates_GateMutex_Instance_init__E)
                  000070a4    0000001c     uartecho_pem4f.oem4f (.text:ti_sysbios_knl_Queue_Object__destruct__S)
                  000070c0    0000001c     sysbios.aem4f : BIOS.obj (.text:ti_sysbios_knl_Task_enter__I)
                  000070dc    0000001c     ti.uia.loggers.aem4f : LoggerStopMode.oem4f (.text:ti_uia_loggers_LoggerStopMode_Instance_init__E)
                  000070f8    0000001c     ti.targets.arm.rtsarm.aem4f : Error.oem4f (.text:xdc_runtime_Error_raiseX__E)
                  00007114    0000001c                                 : Memory.oem4f (.text:xdc_runtime_Memory_valloc__E)
                  00007130    0000001c                                 : SysMin.oem4f (.text:xdc_runtime_SysMin_exit__E)
                  0000714c    0000001c                                 : System.oem4f (.text:xdc_runtime_System_abort__E)
                  00007168    0000001a     uartecho_pem4f.oem4f (.text:ti_sysbios_family_arm_m3_Hwi_Handle__label__S)
                  00007182    0000001a     uartecho_pem4f.oem4f (.text:ti_sysbios_gates_GateHwi_Handle__label__S)
                  0000719c    0000001a     uartecho_pem4f.oem4f (.text:ti_sysbios_gates_GateMutex_Handle__label__S)
                  000071b6    0000001a     uartecho_pem4f.oem4f (.text:ti_sysbios_heaps_HeapMem_Handle__label__S)
                  000071d0    0000001a     uartecho_pem4f.oem4f (.text:ti_sysbios_knl_Swi_Handle__label__S)
                  000071ea    0000001a     uartecho_pem4f.oem4f (.text:ti_sysbios_knl_Task_Handle__label__S)
                  00007204    0000001a     uartecho_pem4f.oem4f (.text:ti_uia_loggers_LoggerStopMode_Handle__label__S)
                  0000721e    0000001a     uartecho_pem4f.oem4f (.text:xdc_runtime_System_aprintf__E)
                  00007238    0000001a     uartecho_pem4f.oem4f (.text:xdc_runtime_System_printf__E)
                  00007252    00000002     --HOLE-- [fill = 0]
                  00007254    00000018     drivers_tivaware.aem4f : UART.oem4f (.text:UART_Params_init)
                  0000726c    00000018     rtsv7M4_T_le_v4SPD16_eabi.lib : args_main.obj (.text)
                  00007284    00000018     uartecho_pem4f.oem4f (.text:ti_sysbios_BIOS_rtsUnlock__I)
                  0000729c    00000018     uartecho_pem4f.oem4f (.text:ti_sysbios_family_arm_lm4_Timer_Module__startupDone__F)
                  000072b4    00000018     uartecho_pem4f.oem4f (.text:ti_sysbios_family_arm_m3_Hwi_Module__startupDone__F)
                  000072cc    00000018     sysbios.aem4f : m3_TaskSupport_asm.obj (.text:ti_sysbios_family_arm_m3_TaskSupport_swap__E)
                  000072e4    00000004     --HOLE-- [fill = 0]
                  000072e8    00000018                   : BIOS.obj (.text:ti_sysbios_gates_GateMutex_leave__E)
                  00007300    00000018     ti.targets.arm.rtsarm.aem4f : Error.oem4f (.text:xdc_runtime_Error_check__E)
                  00007318    00000018                                 : System.oem4f (.text:xdc_runtime_System_exit__E)
                  00007330    00000018                                 : Text.oem4f (.text:xdc_runtime_Text_ropeText__E)
                  00007348    00000016     uartecho_pem4f.oem4f (.text:ti_sysbios_BIOS_exitFunc__I)
                  0000735e    00000016     uartecho.obj (.text:ti_sysbios_knl_Task_Params_init)
                  00007374    00000016     ti.uia.loggers.aem4f : LoggerStopMode.oem4f (.text:ti_uia_loggers_LoggerStopMode_disable__E)
                  0000738a    00000016                          : LoggerStopMode.oem4f (.text:ti_uia_loggers_LoggerStopMode_enable__E)
                  000073a0    00000014     driverlib.lib : uart.obj (.text:UARTEnable)
                  000073b4    00000014     rtsv7M4_T_le_v4SPD16_eabi.lib : _lock.obj (.text)
                  000073c8    00000014                                   : strcpy.obj (.text)
                  000073dc    00000014                                   : strlen.obj (.text)
                  000073f0    00000014     uartecho_pem4f.oem4f (.text:ti_sysbios_family_arm_m3_Hwi_Object__get__S)
                  00007404    00000004     --HOLE-- [fill = 0]
                  00007408    00000014     sysbios.aem4f : BIOS.obj (.text:ti_sysbios_family_arm_m3_Hwi_switchFromBootStack__E)
                  0000741c    00000014     uartecho_pem4f.oem4f (.text:ti_sysbios_heaps_HeapMem_Object__get__S)
                  00007430    00000014     uartecho_pem4f.oem4f (.text:ti_sysbios_knl_Swi_Object__get__S)
                  00007444    00000012     driverlib.lib : gpio.obj (.text:GPIOPinTypeGPIOInput)
                  00007456    00000012                   : gpio.obj (.text:GPIOPinTypeUART)
                  00007468    00000012     drivers_tivaware.aem4f : RingBuf.oem4f (.text:RingBuf_construct)
                  0000747a    00000006     driverlib.lib : uart.obj (.text:UARTFIFOLevelSet)
                  00007480    00000012     sysbios.aem4f : BIOS.obj (.text:ti_sysbios_hal_Hwi_Module_startup__E)
                  00007492    00000012     uartecho_pem4f.oem4f (.text:xdc_runtime_Startup_exec__I)
                  000074a4    00000010     drivers_tivaware.aem4f : UARTTiva.oem4f (.text:readBlockingTimeout)
                  000074b4    00000004     --HOLE-- [fill = 0]
                  000074b8    00000010     sysbios.aem4f : BIOS.obj (.text:ti_sysbios_BIOS_getCpuFreq__E)
                  000074c8    00000010                   : BIOS.obj (.text:ti_sysbios_BIOS_setThreadType__E)
                  000074d8    00000010                   : BIOS.obj (.text:ti_sysbios_BIOS_start__E)
                  000074e8    00000010                   : BIOS.obj (.text:ti_sysbios_family_arm_lm4_TimestampProvider_rolloverFunc__E)
                  000074f8    00000010                   : m3_TaskSupport_asm.obj (.text:ti_sysbios_family_arm_m3_TaskSupport_glue)
                  00007508    00000010                   : BIOS.obj (.text:ti_sysbios_gates_GateMutex_Instance_finalize__E)
                  00007518    00000010                   : BIOS.obj (.text:ti_sysbios_knl_Semaphore_Instance_finalize__E)
                  00007528    00000010                   : BIOS.obj (.text:ti_sysbios_knl_Swi_disable__E)
                  00007538    00000010     uartecho_pem4f.oem4f (.text:ti_sysbios_knl_Task_Object__get__S)
                  00007548    00000010     sysbios.aem4f : BIOS.obj (.text:ti_sysbios_knl_Task_disable__E)
                  00007558    00000010     uartecho_pem4f.oem4f (.text:ti_uia_loggers_LoggerStopMode_Object__get__S)
                  00007568    00000010     ti.uia.loggers.aem4f : LoggerStopMode.oem4f (.text:ti_uia_loggers_LoggerStopMode_isEmpty__E)
                  00007578    00000010     ti.targets.arm.rtsarm.aem4f : Gate.oem4f (.text:xdc_runtime_Gate_leaveSystem__E)
                  00007588    00000010                                 : Memory.oem4f (.text:xdc_runtime_Memory_free__E)
                  00007598    00000010                                 : SysMin.oem4f (.text:xdc_runtime_SysMin_ready__E)
                  000075a8    00000010                                 : System.oem4f (.text:xdc_runtime_System_vsnprintf__E)
                  000075b8    00000010     uartecho_pem4f.oem4f (.text:xdc_runtime_Text_visitRope__I)
                  000075c8    0000000e     driverlib.lib : gpio.obj (.text:GPIOIntStatus)
                  000075d6    0000000e                   : uart.obj (.text:UARTCharGetNonBlocking)
                  000075e4    0000000e                   : uart.obj (.text:UARTCharPutNonBlocking)
                  000075f2    0000000e     rtsv7M4_T_le_v4SPD16_eabi.lib : copy_decompress_none.obj (.text:decompress:none)
                  00007600    0000000e     sysbios.aem4f : BIOS.obj (.text:ti_sysbios_knl_Idle_loop__E)
                  0000760e    00000002     --HOLE-- [fill = 0]
                  00007610    0000000e                   : BIOS.obj (.text:ti_sysbios_knl_Queue_empty__E)
                  0000761e    00000002     --HOLE-- [fill = 0]
                  00007620    0000000c     uartecho_pem4f.oem4f (.text:.bootCodeSection:ti_catalog_arm_cortexm4_tiva_ce_Boot_init__I)
                  0000762c    0000000c     drivers_tivaware.aem4f : RingBuf.oem4f (.text:RingBuf_peek)
                  00007638    0000000c     driverlib.lib : uart.obj (.text:UARTFlowControlSet)
                  00007644    0000000c     drivers_tivaware.aem4f : UARTTiva.oem4f (.text:UARTTiva_init)
                  00007650    0000000c     rtsv7M4_T_le_v4SPD16_eabi.lib : copy_zero_init.obj (.text:decompress:ZI)
                  0000765c    00000004     --HOLE-- [fill = 0]
                  00007660    0000000c     sysbios.aem4f : BIOS.obj (.text:ti_sysbios_family_arm_lm4_Timer_getMaxTicks__E)
                  0000766c    00000004     --HOLE-- [fill = 0]
                  00007670    0000000c                   : BIOS.obj (.text:ti_sysbios_family_arm_lm4_TimestampProvider_startTimer__E)
                  0000767c    0000000c     uartecho_pem4f.oem4f (.text:ti_sysbios_family_arm_m3_Hwi_Params__init__S)
                  00007688    0000000c     sysbios.aem4f : BIOS.obj (.text:ti_sysbios_family_arm_m3_Hwi_disableFxn__E)
                  00007694    00000004     --HOLE-- [fill = 0]
                  00007698    0000000c                   : BIOS.obj (.text:ti_sysbios_family_arm_m3_TaskSupport_checkStack__E)
                  000076a4    00000004     --HOLE-- [fill = 0]
                  000076a8    0000000c                   : BIOS.obj (.text:ti_sysbios_family_arm_m3_TaskSupport_getStackAlignment__E)
                  000076b4    00000004     --HOLE-- [fill = 0]
                  000076b8    0000000c                   : BIOS.obj (.text:ti_sysbios_gates_GateHwi_enter__E)
                  000076c4    0000000c     uartecho_pem4f.oem4f (.text:ti_sysbios_knl_Clock_Params__init__S)
                  000076d0    0000000c     uartecho_pem4f.oem4f (.text:ti_sysbios_knl_Queue_Object__get__S)
                  000076dc    0000000c     uartecho_pem4f.oem4f (.text:ti_sysbios_knl_Semaphore_Params__init__S)
                  000076e8    0000000c     uartecho_pem4f.oem4f (.text:ti_sysbios_knl_Task_Params__init__S)
                  000076f4    0000000c     ti.targets.arm.rtsarm.aem4f : Error.oem4f (.text:xdc_runtime_Error_init__E)
                  00007700    0000000c                                 : Gate.oem4f (.text:xdc_runtime_Gate_enterSystem__E)
                  0000770c    0000000c                                 : Memory.oem4f (.text:xdc_runtime_Memory_calloc__E)
                  00007718    0000000c                                 : Memory.oem4f (.text:xdc_runtime_Memory_getMaxDefaultTypeAlign__E)
                  00007724    0000000a     driverlib.lib : uart.obj (.text:UARTCharGet)
                  0000772e    0000000a                   : uart.obj (.text:UARTCharPut)
                  00007738    0000000a                   : uart.obj (.text:UARTIntDisable)
                  00007742    0000000a                   : uart.obj (.text:UARTIntStatus)
                  0000774c    0000000a     drivers_tivaware.aem4f : UART.oem4f (.text:UART_read)
                  00007756    0000000a                            : UART.oem4f (.text:UART_write)
                  00007760    0000000a     uartecho_pem4f.oem4f (.text:xdc_runtime_IHeap_alloc)
                  0000776a    0000000a     uartecho_pem4f.oem4f (.text:xdc_runtime_IHeap_free)
                  00007774    00000008     driverlib.lib : uart.obj (.text:UARTIntEnable)
                  0000777c    00000008                   : uart.obj (.text:UARTRxErrorGet)
                  00007784    00000008     drivers_tivaware.aem4f : UARTTiva.oem4f (.text:readSemCallback)
                  0000778c    00000008     sysbios.aem4f : BIOS.obj (.text:ti_sysbios_family_arm_lm4_Timer_masterDisable__I)
                  00007794    00000004     --HOLE-- [fill = 0]
                  00007798    00000008                   : BIOS.obj (.text:ti_sysbios_family_arm_m3_Hwi_doSwiRestore__I)
                  000077a0    00000008                   : BIOS.obj (.text:ti_sysbios_family_arm_m3_Hwi_startup__E)
                  000077a8    00000008     drivers_tivaware.aem4f : UARTTiva.oem4f (.text:writeSemCallback)
                  000077b0    00000006     driverlib.lib : uart.obj (.text:UARTRxErrorClear)
                  000077b6    00000006     Boot.aem4f : Boot_sysctl.oem4f (.text:ti_catalog_arm_cortexm4_tiva_ce_Boot_sysCtlDelayI__I)
                  000077bc    00000004     --HOLE-- [fill = 0]
                  000077c0    00000006     sysbios.aem4f : BIOS.obj (.text:ti_sysbios_family_arm_lm4_TimestampProvider_Module_startup__E)
                  000077c6    00000002     --HOLE-- [fill = 0]
                  000077c8    00000006                   : BIOS.obj (.text:ti_sysbios_family_arm_m3_Hwi_restoreFxn__E)
                  000077ce    00000002     --HOLE-- [fill = 0]
                  000077d0    00000006                   : BIOS.obj (.text:ti_sysbios_gates_GateHwi_leave__E)
                  000077d6    00000002     --HOLE-- [fill = 0]
                  000077d8    00000006                   : BIOS.obj (.text:ti_sysbios_heaps_HeapMem_isBlocking__E)
                  000077de    00000002     --HOLE-- [fill = 0]
                  000077e0    00000006                   : BIOS.obj (.text:ti_sysbios_knl_Clock_stop__E)
                  000077e6    00000002     --HOLE-- [fill = 0]
                  000077e8    00000006                   : BIOS.obj (.text:ti_sysbios_knl_Queue_Instance_init__E)
                  000077ee    00000006     ti.targets.arm.rtsarm.aem4f : System.oem4f (.text:xdc_runtime_System_Module_startup__E)
                  000077f4    00000004     --HOLE-- [fill = 0]
                  000077f8    00000004     sysbios.aem4f : BIOS.obj (.text:ti_sysbios_family_arm_lm4_Timer_getPeriod__E)
                  000077fc    00000004     --HOLE-- [fill = 0]
                  00007800    00000004                   : BIOS.obj (.text:ti_sysbios_gates_GateHwi_query__E)
                  00007804    00000004     --HOLE-- [fill = 0]
                  00007808    00000004                   : BIOS.obj (.text:ti_sysbios_gates_GateMutex_query__E)
                  0000780c    00000004     --HOLE-- [fill = 0]
                  00007810    00000004                   : BIOS.obj (.text:ti_sysbios_knl_Task_startup__E)
                  00007814    00000004     --HOLE-- [fill = 0]
                  00007818    00000002                   : BIOS.obj (.text:ti_sysbios_gates_GateHwi_Instance_init__E)

.const     0    0000781c    00002972     
                  0000781c    00001fa3     uartecho_pem4f.oem4f (.const:xdc_runtime_Text_charTab__A)
                  000097bf    00000001     uartecho_pem4f.oem4f (.const:xdc_runtime_Error_policy__C)
                  000097c0    00000104     uartecho_pem4f.oem4f (.const:xdc_runtime_Text_nodeTab__A)
                  000098c4    00000090     driverlib.lib : gpio.obj (.const:g_pui32GPIOBaseAddrs)
                  00009954    00000060     uartecho_pem4f.oem4f (.const:ti_uia_loggers_LoggerStopMode_Module__FXNS__C)
                  000099b4    00000054     drivers_tivaware.aem4f : GPIOTiva.oem4f (.const:.string)
                  00009a08    0000004c                            : UARTTiva.oem4f (.const)
                  00009a54    00000048     uartecho_pem4f.oem4f (.const:.string)
                  00009a9c    00000048     drivers_tivaware.aem4f : GPIOTiva.oem4f (.const:gpioBaseAddresses)
                  00009ae4    0000003c     uartecho_pem4f.oem4f (.const:ti_sysbios_knl_Task_Object__PARAMS__C)
                  00009b20    00000030     uartecho_pem4f.oem4f (.const:ti_sysbios_family_arm_m3_Hwi_Object__PARAMS__C)
                  00009b50    00000028     drivers_tivaware.aem4f : UARTTiva.oem4f (.const:UARTTiva_fxnTable)
                  00009b78    00000028     uartecho_pem4f.oem4f (.const:ti_sysbios_heaps_HeapMem_Module__FXNS__C)
                  00009ba0    00000028     uartecho_pem4f.oem4f (.const:ti_uia_loggers_LoggerStopMode_Object__PARAMS__C)
                  00009bc8    00000028     uartecho_pem4f.oem4f (.const:xdc_runtime_Startup_sfxnTab__A)
                  00009bf0    00000024     drivers_tivaware.aem4f : UART.oem4f (.const:UART_defaultParams)
                  00009c14    00000024     uartecho_pem4f.oem4f (.const:ti_sysbios_gates_GateHwi_Module__FXNS__C)
                  00009c38    00000024     uartecho_pem4f.oem4f (.const:ti_sysbios_gates_GateMutex_Module__FXNS__C)
                  00009c5c    00000024     uartecho_pem4f.oem4f (.const:ti_sysbios_heaps_HeapMem_Object__PARAMS__C)
                  00009c80    00000024     uartecho_pem4f.oem4f (.const:ti_sysbios_knl_Clock_Object__PARAMS__C)
                  00009ca4    00000024     uartecho_pem4f.oem4f (.const:ti_sysbios_knl_Semaphore_Object__PARAMS__C)
                  00009cc8    00000020     uartecho_pem4f.oem4f (.const:ti_sysbios_family_arm_m3_Hwi_Object__DESC__C)
                  00009ce8    00000020     uartecho_pem4f.oem4f (.const:ti_sysbios_gates_GateHwi_Object__DESC__C)
                  00009d08    00000020     uartecho_pem4f.oem4f (.const:ti_sysbios_gates_GateMutex_Object__DESC__C)
                  00009d28    00000020     uartecho_pem4f.oem4f (.const:ti_sysbios_heaps_HeapMem_Object__DESC__C)
                  00009d48    00000020     uartecho_pem4f.oem4f (.const:ti_sysbios_knl_Clock_Object__DESC__C)
                  00009d68    00000020     uartecho_pem4f.oem4f (.const:ti_sysbios_knl_Queue_Object__DESC__C)
                  00009d88    00000020     uartecho_pem4f.oem4f (.const:ti_sysbios_knl_Semaphore_Object__DESC__C)
                  00009da8    00000020     uartecho_pem4f.oem4f (.const:ti_sysbios_knl_Task_Object__DESC__C)
                  00009dc8    00000020     uartecho_pem4f.oem4f (.const:ti_uia_loggers_LoggerStopMode_Object__DESC__C)
                  00009de8    00000018     EK_TM4C123GXL.obj (.const:UART_config)
                  00009e00    00000018     uartecho_pem4f.oem4f (.const:ti_sysbios_gates_GateHwi_Object__PARAMS__C)
                  00009e18    00000018     uartecho_pem4f.oem4f (.const:ti_sysbios_gates_GateMutex_Object__PARAMS__C)
                  00009e30    00000018     uartecho_pem4f.oem4f (.const:ti_sysbios_knl_Queue_Object__PARAMS__C)
                  00009e48    00000018     EK_TM4C123GXL.obj (.const:uartTivaHWAttrs)
                  00009e60    00000017     uartecho.obj (.const:.string:$P$T0$1)
                  00009e77    00000001     --HOLE-- [fill = 0]
                  00009e78    00000014     EK_TM4C123GXL.obj (.const:GPIOTiva_config)
                  00009e8c    00000014     uartecho_pem4f.oem4f (.const:xdc_runtime_Startup_firstFxns__A)
                  00009ea0    00000014     uartecho_pem4f.oem4f (.const:xdc_runtime_Startup_sfxnRts__A)
                  00009eb4    00000008     uartecho_pem4f.oem4f (.const:ti_sysbios_family_arm_m3_Hwi_excHookFuncs__A)
                  00009ebc    00000008     uartecho_pem4f.oem4f (.const:ti_sysbios_knl_Idle_funcList__A)
                  00009ec4    00000008     uartecho_pem4f.oem4f (.const:ti_sysbios_knl_Idle_funcList__C)
                  00009ecc    00000008     uartecho_pem4f.oem4f (.const:xdc_runtime_Startup_firstFxns__C)
                  00009ed4    00000008     uartecho_pem4f.oem4f (.const:xdc_runtime_Startup_lastFxns__C)
                  00009edc    00000004     uartecho_pem4f.oem4f (.const:ti_catalog_arm_cortexm4_tiva_ce_Boot_A_mustUseEnhancedClockMode__C)
                  00009ee0    00000004     uartecho_pem4f.oem4f (.const:ti_catalog_arm_cortexm4_tiva_ce_Boot_Module__diagsEnabled__C)
                  00009ee4    00000004     uartecho_pem4f.oem4f (.const:ti_catalog_arm_cortexm4_tiva_ce_Boot_Module__diagsIncluded__C)
                  00009ee8    00000004     uartecho_pem4f.oem4f (.const:ti_catalog_arm_cortexm4_tiva_ce_Boot_Module__diagsMask__C)
                  00009eec    00000004     uartecho_pem4f.oem4f (.const:ti_sysbios_family_arm_lm4_Timer_enableFunc__C)
                  00009ef0    00000004     uartecho_pem4f.oem4f (.const:ti_sysbios_family_arm_lm4_Timer_numTimerDevices__C)
                  00009ef4    00000004     uartecho_pem4f.oem4f (.const:ti_sysbios_family_arm_lm4_Timer_startupNeeded__C)
                  00009ef8    00000004     uartecho_pem4f.oem4f (.const:ti_sysbios_family_arm_m3_Hwi_E_NMI__C)
                  00009efc    00000004     uartecho_pem4f.oem4f (.const:ti_sysbios_family_arm_m3_Hwi_E_alreadyDefined__C)
                  00009f00    00000004     uartecho_pem4f.oem4f (.const:ti_sysbios_family_arm_m3_Hwi_E_busFault__C)
                  00009f04    00000004     uartecho_pem4f.oem4f (.const:ti_sysbios_family_arm_m3_Hwi_E_debugMon__C)
                  00009f08    00000004     uartecho_pem4f.oem4f (.const:ti_sysbios_family_arm_m3_Hwi_E_hardFault__C)
                  00009f0c    00000004     uartecho_pem4f.oem4f (.const:ti_sysbios_family_arm_m3_Hwi_E_memFault__C)
                  00009f10    00000004     uartecho_pem4f.oem4f (.const:ti_sysbios_family_arm_m3_Hwi_E_noIsr__C)
                  00009f14    00000004     uartecho_pem4f.oem4f (.const:ti_sysbios_family_arm_m3_Hwi_E_reserved__C)
                  00009f18    00000004     uartecho_pem4f.oem4f (.const:ti_sysbios_family_arm_m3_Hwi_E_svCall__C)
                  00009f1c    00000004     uartecho_pem4f.oem4f (.const:ti_sysbios_family_arm_m3_Hwi_E_usageFault__C)
                  00009f20    00000004     uartecho_pem4f.oem4f (.const:ti_sysbios_family_arm_m3_Hwi_LD_end__C)
                  00009f24    00000004     uartecho_pem4f.oem4f (.const:ti_sysbios_family_arm_m3_Hwi_LM_begin__C)
                  00009f28    00000004     uartecho_pem4f.oem4f (.const:ti_sysbios_family_arm_m3_Hwi_Module__diagsEnabled__C)
                  00009f2c    00000004     uartecho_pem4f.oem4f (.const:ti_sysbios_family_arm_m3_Hwi_Module__diagsIncluded__C)
                  00009f30    00000004     uartecho_pem4f.oem4f (.const:ti_sysbios_family_arm_m3_Hwi_Module__diagsMask__C)
                  00009f34    00000004     uartecho_pem4f.oem4f (.const:ti_sysbios_family_arm_m3_Hwi_Module__loggerFxn1__C)
                  00009f38    00000004     uartecho_pem4f.oem4f (.const:ti_sysbios_family_arm_m3_Hwi_Module__loggerFxn8__C)
                  00009f3c    00000004     uartecho_pem4f.oem4f (.const:ti_sysbios_family_arm_m3_Hwi_Module__loggerObj__C)
                  00009f40    00000004     uartecho_pem4f.oem4f (.const:ti_sysbios_family_arm_m3_Hwi_NUM_INTERRUPTS__C)
                  00009f44    00000004     uartecho_pem4f.oem4f (.const:ti_sysbios_family_arm_m3_Hwi_Object__count__C)
                  00009f48    00000004     uartecho_pem4f.oem4f (.const:ti_sysbios_family_arm_m3_Hwi_ccr__C)
                  00009f4c    00000004     uartecho_pem4f.oem4f (.const:ti_sysbios_family_arm_m3_Hwi_excHandlerFunc__C)
                  00009f50    00000004     uartecho_pem4f.oem4f (.const:ti_sysbios_family_arm_m3_Hwi_excHookFuncs__C)
                  00009f54    00000004     uartecho_pem4f.oem4f (.const:ti_sysbios_family_arm_m3_Hwi_nullIsrFunc__C)
                  00009f58    00000004     uartecho_pem4f.oem4f (.const:ti_sysbios_family_arm_m3_Hwi_priGroup__C)
                  00009f5c    00000004     uartecho_pem4f.oem4f (.const:ti_sysbios_family_arm_m3_TaskSupport_stackAlignment__C)
                  00009f60    00000004     uartecho_pem4f.oem4f (.const:ti_sysbios_gates_GateMutex_A_badContext__C)
                  00009f64    00000004     uartecho_pem4f.oem4f (.const:ti_sysbios_gates_GateMutex_Instance_State_sem__O)
                  00009f68    00000004     uartecho_pem4f.oem4f (.const:ti_sysbios_gates_GateMutex_Module__diagsEnabled__C)
                  00009f6c    00000004     uartecho_pem4f.oem4f (.const:ti_sysbios_gates_GateMutex_Module__diagsIncluded__C)
                  00009f70    00000004     uartecho_pem4f.oem4f (.const:ti_sysbios_gates_GateMutex_Module__diagsMask__C)
                  00009f74    00000004     uartecho_pem4f.oem4f (.const:ti_sysbios_hal_Hwi_E_stackOverflow__C)
                  00009f78    00000004     uartecho_pem4f.oem4f (.const:ti_sysbios_heaps_HeapMem_A_align__C)
                  00009f7c    00000004     uartecho_pem4f.oem4f (.const:ti_sysbios_heaps_HeapMem_A_heapSize__C)
                  00009f80    00000004     uartecho_pem4f.oem4f (.const:ti_sysbios_heaps_HeapMem_A_invalidFree__C)
                  00009f84    00000004     uartecho_pem4f.oem4f (.const:ti_sysbios_heaps_HeapMem_A_zeroBlock__C)
                  00009f88    00000004     uartecho_pem4f.oem4f (.const:ti_sysbios_heaps_HeapMem_E_memory__C)
                  00009f8c    00000004     uartecho_pem4f.oem4f (.const:ti_sysbios_heaps_HeapMem_Module__diagsEnabled__C)
                  00009f90    00000004     uartecho_pem4f.oem4f (.const:ti_sysbios_heaps_HeapMem_Module__diagsIncluded__C)
                  00009f94    00000004     uartecho_pem4f.oem4f (.const:ti_sysbios_heaps_HeapMem_Module__diagsMask__C)
                  00009f98    00000004     uartecho_pem4f.oem4f (.const:ti_sysbios_heaps_HeapMem_Module__gateObj__C)
                  00009f9c    00000004     uartecho_pem4f.oem4f (.const:ti_sysbios_heaps_HeapMem_Object__count__C)
                  00009fa0    00000004     uartecho_pem4f.oem4f (.const:ti_sysbios_heaps_HeapMem_reqAlign__C)
                  00009fa4    00000004     uartecho_pem4f.oem4f (.const:ti_sysbios_knl_Clock_A_badThreadType__C)
                  00009fa8    00000004     uartecho_pem4f.oem4f (.const:ti_sysbios_knl_Clock_LM_begin__C)
                  00009fac    00000004     uartecho_pem4f.oem4f (.const:ti_sysbios_knl_Clock_LM_tick__C)
                  00009fb0    00000004     uartecho_pem4f.oem4f (.const:ti_sysbios_knl_Clock_LW_delayed__C)
                  00009fb4    00000004     uartecho_pem4f.oem4f (.const:ti_sysbios_knl_Clock_Module_State_clockQ__O)
                  00009fb8    00000004     uartecho_pem4f.oem4f (.const:ti_sysbios_knl_Clock_Module__diagsEnabled__C)
                  00009fbc    00000004     uartecho_pem4f.oem4f (.const:ti_sysbios_knl_Clock_Module__diagsIncluded__C)
                  00009fc0    00000004     uartecho_pem4f.oem4f (.const:ti_sysbios_knl_Clock_Module__diagsMask__C)
                  00009fc4    00000004     uartecho_pem4f.oem4f (.const:ti_sysbios_knl_Clock_Module__loggerFxn1__C)
                  00009fc8    00000004     uartecho_pem4f.oem4f (.const:ti_sysbios_knl_Clock_Module__loggerFxn2__C)
                  00009fcc    00000004     uartecho_pem4f.oem4f (.const:ti_sysbios_knl_Clock_Module__loggerObj__C)
                  00009fd0    00000004     uartecho_pem4f.oem4f (.const:ti_sysbios_knl_Semaphore_A_badContext__C)
                  00009fd4    00000004     uartecho_pem4f.oem4f (.const:ti_sysbios_knl_Semaphore_A_noEvents__C)
                  00009fd8    00000004     uartecho_pem4f.oem4f (.const:ti_sysbios_knl_Semaphore_A_overflow__C)
                  00009fdc    00000004     uartecho_pem4f.oem4f (.const:ti_sysbios_knl_Semaphore_A_pendTaskDisabled__C)
                  00009fe0    00000004     uartecho_pem4f.oem4f (.const:ti_sysbios_knl_Semaphore_Instance_State_pendQ__O)
                  00009fe4    00000004     uartecho_pem4f.oem4f (.const:ti_sysbios_knl_Semaphore_LM_pend__C)
                  00009fe8    00000004     uartecho_pem4f.oem4f (.const:ti_sysbios_knl_Semaphore_LM_post__C)
                  00009fec    00000004     uartecho_pem4f.oem4f (.const:ti_sysbios_knl_Semaphore_Module__diagsEnabled__C)
                  00009ff0    00000004     uartecho_pem4f.oem4f (.const:ti_sysbios_knl_Semaphore_Module__diagsIncluded__C)
                  00009ff4    00000004     uartecho_pem4f.oem4f (.const:ti_sysbios_knl_Semaphore_Module__diagsMask__C)
                  00009ff8    00000004     uartecho_pem4f.oem4f (.const:ti_sysbios_knl_Semaphore_Module__loggerFxn2__C)
                  00009ffc    00000004     uartecho_pem4f.oem4f (.const:ti_sysbios_knl_Semaphore_Module__loggerFxn4__C)
                  0000a000    00000004     uartecho_pem4f.oem4f (.const:ti_sysbios_knl_Semaphore_Module__loggerObj__C)
                  0000a004    00000004     uartecho_pem4f.oem4f (.const:ti_sysbios_knl_Swi_LD_end__C)
                  0000a008    00000004     uartecho_pem4f.oem4f (.const:ti_sysbios_knl_Swi_LM_begin__C)
                  0000a00c    00000004     uartecho_pem4f.oem4f (.const:ti_sysbios_knl_Swi_LM_post__C)
                  0000a010    00000004     uartecho_pem4f.oem4f (.const:ti_sysbios_knl_Swi_Module__diagsEnabled__C)
                  0000a014    00000004     uartecho_pem4f.oem4f (.const:ti_sysbios_knl_Swi_Module__diagsIncluded__C)
                  0000a018    00000004     uartecho_pem4f.oem4f (.const:ti_sysbios_knl_Swi_Module__diagsMask__C)
                  0000a01c    00000004     uartecho_pem4f.oem4f (.const:ti_sysbios_knl_Swi_Module__loggerFxn1__C)
                  0000a020    00000004     uartecho_pem4f.oem4f (.const:ti_sysbios_knl_Swi_Module__loggerFxn4__C)
                  0000a024    00000004     uartecho_pem4f.oem4f (.const:ti_sysbios_knl_Swi_Module__loggerObj__C)
                  0000a028    00000004     uartecho_pem4f.oem4f (.const:ti_sysbios_knl_Swi_Object__count__C)
                  0000a02c    00000004     uartecho_pem4f.oem4f (.const:ti_sysbios_knl_Task_A_badPriority__C)
                  0000a030    00000004     uartecho_pem4f.oem4f (.const:ti_sysbios_knl_Task_A_badTaskState__C)
                  0000a034    00000004     uartecho_pem4f.oem4f (.const:ti_sysbios_knl_Task_A_badThreadType__C)
                  0000a038    00000004     uartecho_pem4f.oem4f (.const:ti_sysbios_knl_Task_A_noPendElem__C)
                  0000a03c    00000004     uartecho_pem4f.oem4f (.const:ti_sysbios_knl_Task_E_spOutOfBounds__C)
                  0000a040    00000004     uartecho_pem4f.oem4f (.const:ti_sysbios_knl_Task_E_stackOverflow__C)
                  0000a044    00000004     uartecho_pem4f.oem4f (.const:ti_sysbios_knl_Task_LD_block__C)
                  0000a048    00000004     uartecho_pem4f.oem4f (.const:ti_sysbios_knl_Task_LD_exit__C)
                  0000a04c    00000004     uartecho_pem4f.oem4f (.const:ti_sysbios_knl_Task_LD_ready__C)
                  0000a050    00000004     uartecho_pem4f.oem4f (.const:ti_sysbios_knl_Task_LM_switch__C)
                  0000a054    00000004     uartecho_pem4f.oem4f (.const:ti_sysbios_knl_Task_Module_State_inactiveQ__O)
                  0000a058    00000004     uartecho_pem4f.oem4f (.const:ti_sysbios_knl_Task_Module__diagsEnabled__C)
                  0000a05c    00000004     uartecho_pem4f.oem4f (.const:ti_sysbios_knl_Task_Module__diagsIncluded__C)
                  0000a060    00000004     uartecho_pem4f.oem4f (.const:ti_sysbios_knl_Task_Module__diagsMask__C)
                  0000a064    00000004     uartecho_pem4f.oem4f (.const:ti_sysbios_knl_Task_Module__loggerFxn2__C)
                  0000a068    00000004     uartecho_pem4f.oem4f (.const:ti_sysbios_knl_Task_Module__loggerFxn4__C)
                  0000a06c    00000004     uartecho_pem4f.oem4f (.const:ti_sysbios_knl_Task_Module__loggerObj__C)
                  0000a070    00000004     uartecho_pem4f.oem4f (.const:ti_sysbios_knl_Task_Object__count__C)
                  0000a074    00000004     uartecho_pem4f.oem4f (.const:ti_sysbios_knl_Task_allBlockedFunc__C)
                  0000a078    00000004     uartecho_pem4f.oem4f (.const:ti_sysbios_knl_Task_defaultStackHeap__C)
                  0000a07c    00000004     uartecho_pem4f.oem4f (.const:ti_sysbios_knl_Task_defaultStackSize__C)
                  0000a080    00000004     uartecho_pem4f.oem4f (.const:ti_sysbios_knl_Task_numConstructedTasks__C)
                  0000a084    00000004     uartecho_pem4f.oem4f (.const:ti_sysbios_utils_Load_LS_cpuLoad__C)
                  0000a088    00000004     uartecho_pem4f.oem4f (.const:ti_sysbios_utils_Load_Module__diagsEnabled__C)
                  0000a08c    00000004     uartecho_pem4f.oem4f (.const:ti_sysbios_utils_Load_Module__diagsIncluded__C)
                  0000a090    00000004     uartecho_pem4f.oem4f (.const:ti_sysbios_utils_Load_Module__diagsMask__C)
                  0000a094    00000004     uartecho_pem4f.oem4f (.const:ti_sysbios_utils_Load_Module__loggerFxn1__C)
                  0000a098    00000004     uartecho_pem4f.oem4f (.const:ti_sysbios_utils_Load_Module__loggerObj__C)
                  0000a09c    00000004     uartecho_pem4f.oem4f (.const:ti_sysbios_utils_Load_postUpdate__C)
                  0000a0a0    00000004     uartecho_pem4f.oem4f (.const:ti_sysbios_utils_Load_windowInMs__C)
                  0000a0a4    00000004     uartecho_pem4f.oem4f (.const:ti_uia_loggers_LoggerStopMode_Module__diagsEnabled__C)
                  0000a0a8    00000004     uartecho_pem4f.oem4f (.const:ti_uia_loggers_LoggerStopMode_Module__diagsIncluded__C)
                  0000a0ac    00000004     uartecho_pem4f.oem4f (.const:ti_uia_loggers_LoggerStopMode_Module__diagsMask__C)
                  0000a0b0    00000004     uartecho_pem4f.oem4f (.const:ti_uia_loggers_LoggerStopMode_Object__count__C)
                  0000a0b4    00000004     uartecho_pem4f.oem4f (.const:ti_uia_runtime_ILoggerSnapshot_Interface__BASE__C)
                  0000a0b8    00000004     uartecho_pem4f.oem4f (.const:ti_uia_runtime_IUIATransfer_Interface__BASE__C)
                  0000a0bc    00000004     uartecho_pem4f.oem4f (.const:xdc_runtime_Assert_E_assertFailed__C)
                  0000a0c0    00000004     uartecho_pem4f.oem4f (.const:xdc_runtime_Core_A_initializedParams__C)
                  0000a0c4    00000004     uartecho_pem4f.oem4f (.const:xdc_runtime_Core_Module__diagsEnabled__C)
                  0000a0c8    00000004     uartecho_pem4f.oem4f (.const:xdc_runtime_Core_Module__diagsIncluded__C)
                  0000a0cc    00000004     uartecho_pem4f.oem4f (.const:xdc_runtime_Core_Module__diagsMask__C)
                  0000a0d0    00000004     uartecho_pem4f.oem4f (.const:xdc_runtime_Error_E_memory__C)
                  0000a0d4    00000004     uartecho_pem4f.oem4f (.const:xdc_runtime_Error_Module__diagsEnabled__C)
                  0000a0d8    00000004     uartecho_pem4f.oem4f (.const:xdc_runtime_Error_Module__diagsIncluded__C)
                  0000a0dc    00000004     uartecho_pem4f.oem4f (.const:xdc_runtime_Error_Module__diagsMask__C)
                  0000a0e0    00000004     uartecho_pem4f.oem4f (.const:xdc_runtime_Error_Module__loggerFxn8__C)
                  0000a0e4    00000004     uartecho_pem4f.oem4f (.const:xdc_runtime_Error_Module__loggerObj__C)
                  0000a0e8    00000004     uartecho_pem4f.oem4f (.const:xdc_runtime_Error_policyFxn__C)
                  0000a0ec    00000004     uartecho_pem4f.oem4f (.const:xdc_runtime_Error_raiseHook__C)
                  0000a0f0    00000004     uartecho_pem4f.oem4f (.const:xdc_runtime_IFilterLogger_Interface__BASE__C)
                  0000a0f4    00000004     uartecho_pem4f.oem4f (.const:xdc_runtime_IGateProvider_Interface__BASE__C)
                  0000a0f8    00000004     uartecho_pem4f.oem4f (.const:xdc_runtime_IHeap_Interface__BASE__C)
                  0000a0fc    00000004     uartecho_pem4f.oem4f (.const:xdc_runtime_ILogger_Interface__BASE__C)
                  0000a100    00000004     uartecho_pem4f.oem4f (.const:xdc_runtime_IModule_Interface__BASE__C)
                  0000a104    00000004     uartecho_pem4f.oem4f (.const:xdc_runtime_Log_L_error__C)
                  0000a108    00000004     uartecho_pem4f.oem4f (.const:xdc_runtime_Memory_defaultHeapInstance__C)
                  0000a10c    00000004     uartecho_pem4f.oem4f (.const:xdc_runtime_Startup_execImpl__C)
                  0000a110    00000004     uartecho_pem4f.oem4f (.const:xdc_runtime_Startup_lastFxns__A)
                  0000a114    00000004     uartecho_pem4f.oem4f (.const:xdc_runtime_Startup_maxPasses__C)
                  0000a118    00000004     uartecho_pem4f.oem4f (.const:xdc_runtime_Startup_sfxnRts__C)
                  0000a11c    00000004     uartecho_pem4f.oem4f (.const:xdc_runtime_Startup_sfxnTab__C)
                  0000a120    00000004     uartecho_pem4f.oem4f (.const:xdc_runtime_SysMin_bufSize__C)
                  0000a124    00000004     uartecho_pem4f.oem4f (.const:xdc_runtime_SysMin_outputFunc__C)
                  0000a128    00000004     uartecho_pem4f.oem4f (.const:xdc_runtime_System_Module__gateObj__C)
                  0000a12c    00000004     uartecho_pem4f.oem4f (.const:xdc_runtime_System_abortFxn__C)
                  0000a130    00000004     uartecho_pem4f.oem4f (.const:xdc_runtime_System_exitFxn__C)
                  0000a134    00000004     uartecho_pem4f.oem4f (.const:xdc_runtime_System_extendFxn__C)
                  0000a138    00000004     uartecho_pem4f.oem4f (.const:xdc_runtime_System_maxAtexitHandlers__C)
                  0000a13c    00000004     uartecho_pem4f.oem4f (.const:xdc_runtime_Text_charTab__C)
                  0000a140    00000004     uartecho_pem4f.oem4f (.const:xdc_runtime_Text_nameEmpty__C)
                  0000a144    00000004     uartecho_pem4f.oem4f (.const:xdc_runtime_Text_nameStatic__C)
                  0000a148    00000004     uartecho_pem4f.oem4f (.const:xdc_runtime_Text_nameUnknown__C)
                  0000a14c    00000004     uartecho_pem4f.oem4f (.const:xdc_runtime_Text_nodeTab__C)
                  0000a150    00000004     uartecho_pem4f.oem4f (.const:xdc_runtime_Text_visitRopeFxn__C)
                  0000a154    00000002     uartecho_pem4f.oem4f (.const:ti_catalog_arm_cortexm4_tiva_ce_Boot_Module__id__C)
                  0000a156    00000002     uartecho_pem4f.oem4f (.const:ti_sysbios_family_arm_lm4_TimestampProvider_useClockTimer__C)
                  0000a158    00000002     uartecho_pem4f.oem4f (.const:ti_sysbios_family_arm_m3_Hwi_Module__id__C)
                  0000a15a    00000002     uartecho_pem4f.oem4f (.const:ti_sysbios_family_arm_m3_Hwi_Module__loggerDefined__C)
                  0000a15c    00000002     uartecho_pem4f.oem4f (.const:ti_sysbios_gates_GateMutex_Module__id__C)
                  0000a15e    00000002     uartecho_pem4f.oem4f (.const:ti_sysbios_hal_Hwi_Module__id__C)
                  0000a160    00000002     uartecho_pem4f.oem4f (.const:ti_sysbios_heaps_HeapMem_Module__id__C)
                  0000a162    00000002     uartecho_pem4f.oem4f (.const:ti_sysbios_knl_Clock_Module__id__C)
                  0000a164    00000002     uartecho_pem4f.oem4f (.const:ti_sysbios_knl_Clock_Module__loggerDefined__C)
                  0000a166    00000002     uartecho_pem4f.oem4f (.const:ti_sysbios_knl_Semaphore_Module__id__C)
                  0000a168    00000002     uartecho_pem4f.oem4f (.const:ti_sysbios_knl_Semaphore_Module__loggerDefined__C)
                  0000a16a    00000002     uartecho_pem4f.oem4f (.const:ti_sysbios_knl_Swi_Module__id__C)
                  0000a16c    00000002     uartecho_pem4f.oem4f (.const:ti_sysbios_knl_Swi_Module__loggerDefined__C)
                  0000a16e    00000002     uartecho_pem4f.oem4f (.const:ti_sysbios_knl_Task_Module__id__C)
                  0000a170    00000002     uartecho_pem4f.oem4f (.const:ti_sysbios_knl_Task_Module__loggerDefined__C)
                  0000a172    00000002     uartecho_pem4f.oem4f (.const:ti_sysbios_utils_Load_Module__id__C)
                  0000a174    00000002     uartecho_pem4f.oem4f (.const:ti_sysbios_utils_Load_Module__loggerDefined__C)
                  0000a176    00000002     uartecho_pem4f.oem4f (.const:ti_sysbios_utils_Load_updateInIdle__C)
                  0000a178    00000002     uartecho_pem4f.oem4f (.const:ti_uia_loggers_LoggerStopMode_Module__id__C)
                  0000a17a    00000002     uartecho_pem4f.oem4f (.const:ti_uia_loggers_LoggerStopMode_isTimestampEnabled__C)
                  0000a17c    00000002     uartecho_pem4f.oem4f (.const:xdc_runtime_Core_Module__id__C)
                  0000a17e    00000002     uartecho_pem4f.oem4f (.const:xdc_runtime_Error_Module__loggerDefined__C)
                  0000a180    00000002     uartecho_pem4f.oem4f (.const:xdc_runtime_Error_maxDepth__C)
                  0000a182    00000002     uartecho_pem4f.oem4f (.const:xdc_runtime_Memory_Module__id__C)
                  0000a184    00000002     uartecho_pem4f.oem4f (.const:xdc_runtime_SysMin_flushAtExit__C)
                  0000a186    00000002     uartecho_pem4f.oem4f (.const:xdc_runtime_Text_charCnt__C)
                  0000a188    00000002     uartecho_pem4f.oem4f (.const:xdc_runtime_Text_isLoaded__C)
                  0000a18a    00000002     uartecho_pem4f.oem4f (.const:xdc_runtime_Text_registryModsLastId__C)
                  0000a18c    00000002     uartecho_pem4f.oem4f (.const:xdc_runtime_Text_unnamedModsLastId__C)

.cinit     0    0000a190    00000288     
                  0000a190    00000251     (.cinit..data.load) [load image, compression = lzss]
                  0000a3e1    00000003     --HOLE-- [fill = 0]
                  0000a3e4    0000000c     (__TI_handler_table)
                  0000a3f0    00000008     (.cinit..bss.load) [load image, compression = zero_init]
                  0000a3f8    00000008     (.cinit..vecs.load) [load image, compression = zero_init]
                  0000a400    00000018     (__TI_cinit_table)

.init_array 
*          0    00000000    00000000     UNINITIALIZED

.resetVecs 
*          0    00000000    0000003c     
                  00000000    0000003c     uartecho_pem4f.oem4f (.resetVecs)

.vecs      0    20000000    00000360     UNINITIALIZED
                  20000000    00000360     uartecho_pem4f.oem4f (.vecs)

.bss       0    20000380    00001830     UNINITIALIZED
                  20000380    00000400     (.common:ti_sysbios_heaps_HeapMem_Instance_State_0_buf__A)
                  20000780    00000400     (.common:ti_uia_loggers_LoggerStopMode_Instance_State_2_packetArray__A)
                  20000b80    00000360     (.common:ti_sysbios_family_arm_m3_Hwi_dispatchTable)
                  20000ee0    00000300     (.common:task0Stack)
                  200011e0    00000200     uartecho_pem4f.oem4f (.bss:taskStackSection)
                  200013e0    00000020     (.common:uartTivaRingBuffer)
                  20001400    00000200     (.common:ti_uia_loggers_LoggerStopMode_Instance_State_1_packetArray__A)
                  20001600    00000120     rtsv7M4_T_le_v4SPD16_eabi.lib : trgmsg.obj (.bss:_CIOBUF_)
                  20001720    00000050     (.common:task0Struct)
                  20001770    00000008                                   : trgdrv.obj (.bss:parmbuf)
                  20001778    00000004     (.common:gpioInterruptVectors)
                  2000177c    00000004     --HOLE--
                  20001780    00000100     (.common:ti_uia_loggers_LoggerStopMode_Instance_State_0_packetArray__A)
                  20001880    000000cc     (.common:uartTivaObjects)
                  2000194c    00000090     drivers_tivaware.aem4f : GPIOTiva.oem4f (.bss:gpioCallbackInfo)
                  200019dc    00000080     (.common:xdc_runtime_SysMin_Module_State_0_outbuf__A)
                  20001a5c    00000024     --HOLE--
                  20001a80    00000030     (.common:ti_uia_loggers_LoggerStopMode_Instance_State_0_hdr__A)
                  20001ab0    00000050     --HOLE--
                  20001b00    00000030     (.common:ti_uia_loggers_LoggerStopMode_Instance_State_1_hdr__A)
                  20001b30    00000050     --HOLE--
                  20001b80    00000030     (.common:ti_uia_loggers_LoggerStopMode_Instance_State_2_hdr__A)

.data      0    20001bb0    000005da     UNINITIALIZED
                  20001bb0    0000009c     uartecho_pem4f.oem4f (.data:ti_uia_loggers_LoggerStopMode_Object__table__V)
                  20001c4c    00000098     uartecho_pem4f.oem4f (.data:ti_sysbios_utils_Load_Module__state__V)
                  20001ce4    00000080     uartecho_pem4f.oem4f (.data:ti_sysbios_family_arm_lm4_Timer_Object__table__V)
                  20001d64    00000080     uartecho_pem4f.oem4f (.data:ti_sysbios_knl_Swi_Module_State_0_readyQ__A)
                  20001de4    00000080     uartecho_pem4f.oem4f (.data:ti_sysbios_knl_Task_Module_State_0_readyQ__A)
                  20001e64    0000004c     uartecho_pem4f.oem4f (.data:ti_sysbios_knl_Task_Object__table__V)
                  20001eb0    00000044     uartecho_pem4f.oem4f (.data:ti_sysbios_knl_Task_Module__state__V)
                  20001ef4    00000038     uartecho_pem4f.oem4f (.data:ti_sysbios_gates_GateMutex_Object__table__V)
                  20001f2c    00000034     uartecho_pem4f.oem4f (.data:ti_sysbios_family_arm_m3_Hwi_Module__state__V)
                  20001f60    00000030     uartecho_pem4f.oem4f (.data:ti_sysbios_family_arm_lm4_Timer_Module_State_0_device__A)
                  20001f90    00000030     uartecho_pem4f.oem4f (.data:ti_sysbios_family_arm_m3_Hwi_Object__table__V)
                  20001fc0    00000030     uartecho_pem4f.oem4f (.data:ti_sysbios_knl_Swi_Object__table__V)
                  20001ff0    0000002c     uartecho_pem4f.oem4f (.data:ti_sysbios_knl_Clock_Module__state__V)
                  2000201c    00000024     uartecho_pem4f.oem4f (.data:ti_sysbios_BIOS_Module__state__V)
                  20002040    0000001c     uartecho_pem4f.oem4f (.data:ti_sysbios_knl_Swi_Module__state__V)
                  2000205c    00000018     uartecho_pem4f.oem4f (.data:ti_sysbios_family_arm_lm4_Timer_Module_State_0_handles__A)
                  20002074    00000018     uartecho_pem4f.oem4f (.data:ti_sysbios_heaps_HeapMem_Object__table__V)
                  2000208c    00000014     EK_TM4C123GXL.obj (.data:gpioPinConfigs)
                  200020a0    0000000c     rtsv7M4_T_le_v4SPD16_eabi.lib : exit.obj (.data:$O1$$)
                  200020ac    0000000c     uartecho_pem4f.oem4f (.data:ti_sysbios_family_arm_lm4_Timer_Module__state__V)
                  200020b8    0000000c     uartecho_pem4f.oem4f (.data:ti_sysbios_knl_Task_Module__root__V)
                  200020c4    0000000c     uartecho_pem4f.oem4f (.data:ti_uia_runtime_QueueDescriptor_Module__state__V)
                  200020d0    0000000c     uartecho_pem4f.oem4f (.data:xdc_runtime_SysMin_Module__state__V)
                  200020dc    00000008     rtsv7M4_T_le_v4SPD16_eabi.lib : _lock.obj (.data:$O1$$)
                  200020e4    00000008     EK_TM4C123GXL.obj (.data:gpioCallbackFunctions)
                  200020ec    00000008     ti.uia.runtime.aem4f : QueueDescriptor.oem4f (.data)
                  200020f4    00000008     uartecho_pem4f.oem4f (.data:ti_sysbios_family_arm_lm4_TimestampProvider_Module__state__V)
                  200020fc    00000008     uartecho_pem4f.oem4f (.data:ti_sysbios_family_arm_m3_Hwi_Module__root__V)
                  20002104    00000008     uartecho_pem4f.oem4f (.data:ti_sysbios_gates_GateHwi_Module__root__V)
                  2000210c    00000008     uartecho_pem4f.oem4f (.data:ti_sysbios_gates_GateMutex_Module__root__V)
                  20002114    00000008     uartecho_pem4f.oem4f (.data:ti_sysbios_heaps_HeapMem_Module__root__V)
                  2000211c    00000008     uartecho_pem4f.oem4f (.data:ti_sysbios_knl_Clock_Module__root__V)
                  20002124    00000008     uartecho_pem4f.oem4f (.data:ti_sysbios_knl_Queue_Module__root__V)
                  2000212c    00000008     uartecho_pem4f.oem4f (.data:ti_sysbios_knl_Semaphore_Module__root__V)
                  20002134    00000008     uartecho_pem4f.oem4f (.data:ti_uia_loggers_LoggerStopMode_Module__root__V)
                  2000213c    00000008     uartecho_pem4f.oem4f (.data:xdc_runtime_Registry_Module__state__V)
                  20002144    00000008     uartecho_pem4f.oem4f (.data:xdc_runtime_Startup_Module__state__V)
                  2000214c    00000008     uartecho_pem4f.oem4f (.data:xdc_runtime_System_Module_State_0_atexitHandlers__A)
                  20002154    00000008     uartecho_pem4f.oem4f (.data:xdc_runtime_System_Module__state__V)
                  2000215c    00000005     drivers_tivaware.aem4f : GPIOTiva.oem4f (.data)
                  20002161    00000001     --HOLE--
                  20002162    00000002     uartecho_pem4f.oem4f (.data:ti_sysbios_family_arm_m3_Hwi_Module_State_0_excActive__A)
                  20002164    00000004     drivers_tivaware.aem4f : UART.oem4f (.data)
                  20002168    00000004     rtsv7M4_T_le_v4SPD16_eabi.lib : stkdepth_vars.obj (.data)
                  2000216c    00000004     uartecho_pem4f.oem4f (.data:ti_sysbios_family_arm_m3_Hwi_Module_State_0_excContext__A)
                  20002170    00000004     uartecho_pem4f.oem4f (.data:ti_sysbios_family_arm_m3_Hwi_Module_State_0_excStack__A)
                  20002174    00000004     uartecho_pem4f.oem4f (.data:ti_sysbios_gates_GateHwi_Object__table__V)
                  20002178    00000004     uartecho_pem4f.oem4f (.data:ti_sysbios_knl_Task_Module_State_0_idleTask__A)
                  2000217c    00000004     uartecho_pem4f.oem4f (.data:ti_sysbios_utils_Load_Module_State_0_runningTask__A)
                  20002180    00000004     uartecho_pem4f.oem4f (.data:ti_sysbios_utils_Load_Module_State_0_taskStartTime__A)
                  20002184    00000004     uartecho_pem4f.oem4f (.data:xdc_runtime_Memory_Module__state__V)
                  20002188    00000002     uartecho_pem4f.oem4f (.data:xdc_runtime_Error_Module__state__V)

.stack     0    2000218c    00000300     UNINITIALIZED
                  2000218c    00000300     --HOLE--

.bootVecs 
*          0    00000000    00000008     DSECT
                  00000000    00000008     boot.aem4f : boot.oem4f (.bootVecs)

xdc.meta   0    00000000    000000f7     COPY SECTION
                  00000000    000000f7     uartecho_pem4f.oem4f (xdc.meta)

MODULE SUMMARY

       Module                     code    ro data   rw data
       ------                     ----    -------   -------
    .\
       uartecho.obj               458     23        848    
       EK_TM4C123GXL.obj          156     68        264    
    +--+--------------------------+-------+---------+---------+
       Total:                     614     91        1112   
                                                           
[...]
00009f10  ti_sysbios_family_arm_m3_Hwi_E_noIsr__C                           
00009f14  ti_sysbios_family_arm_m3_Hwi_E_reserved__C                        
00009f18  ti_sysbios_family_arm_m3_Hwi_E_svCall__C                          
00009f1c  ti_sysbios_family_arm_m3_Hwi_E_usageFault__C                      
00009f20  ti_sysbios_family_arm_m3_Hwi_LD_end__C                            
00009f24  ti_sysbios_family_arm_m3_Hwi_LM_begin__C                          
00009f28  ti_sysbios_family_arm_m3_Hwi_Module__diagsEnabled__C              
00009f2c  ti_sysbios_family_arm_m3_Hwi_Module__diagsIncluded__C             
00009f30  ti_sysbios_family_arm_m3_Hwi_Module__diagsMask__C                 
00009f34  ti_sysbios_family_arm_m3_Hwi_Module__loggerFxn1__C                
00009f38  ti_sysbios_family_arm_m3_Hwi_Module__loggerFxn8__C                
00009f3c  ti_sysbios_family_arm_m3_Hwi_Module__loggerObj__C                 
00009f40  ti_sysbios_family_arm_m3_Hwi_NUM_INTERRUPTS__C                    
00009f44  ti_sysbios_family_arm_m3_Hwi_Object__count__C                     
00009f48  ti_sysbios_family_arm_m3_Hwi_ccr__C                               
00009f4c  ti_sysbios_family_arm_m3_Hwi_excHandlerFunc__C                    
00009f50  ti_sysbios_family_arm_m3_Hwi_excHookFuncs__C                      
00009f54  ti_sysbios_family_arm_m3_Hwi_nullIsrFunc__C                       
00009f58  ti_sysbios_family_arm_m3_Hwi_priGroup__C                          
00009f5c  ti_sysbios_family_arm_m3_TaskSupport_stackAlignment__C            
00009f60  ti_sysbios_gates_GateMutex_A_badContext__C                        
00009f64  ti_sysbios_gates_GateMutex_Instance_State_sem__O                  
00009f68  ti_sysbios_gates_GateMutex_Module__diagsEnabled__C                
00009f6c  ti_sysbios_gates_GateMutex_Module__diagsIncluded__C               
00009f70  ti_sysbios_gates_GateMutex_Module__diagsMask__C                   
00009f74  ti_sysbios_hal_Hwi_E_stackOverflow__C                             
00009f78  ti_sysbios_heaps_HeapMem_A_align__C                               
00009f7c  ti_sysbios_heaps_HeapMem_A_heapSize__C                            
00009f80  ti_sysbios_heaps_HeapMem_A_invalidFree__C                         
00009f84  ti_sysbios_heaps_HeapMem_A_zeroBlock__C                           
00009f88  ti_sysbios_heaps_HeapMem_E_memory__C                              
00009f8c  ti_sysbios_heaps_HeapMem_Module__diagsEnabled__C                  
00009f90  ti_sysbios_heaps_HeapMem_Module__diagsIncluded__C                 
00009f94  ti_sysbios_heaps_HeapMem_Module__diagsMask__C                     
00009f98  ti_sysbios_heaps_HeapMem_Module__gateObj__C                       
00009f9c  ti_sysbios_heaps_HeapMem_Object__count__C                         
00009fa0  ti_sysbios_heaps_HeapMem_reqAlign__C                              
00009fa4  ti_sysbios_knl_Clock_A_badThreadType__C                           
00009fa8  ti_sysbios_knl_Clock_LM_begin__C                                  
00009fac  ti_sysbios_knl_Clock_LM_tick__C                                   
00009fb0  ti_sysbios_knl_Clock_LW_delayed__C                                
00009fb4  ti_sysbios_knl_Clock_Module_State_clockQ__O                       
00009fb8  ti_sysbios_knl_Clock_Module__diagsEnabled__C                      
00009fbc  ti_sysbios_knl_Clock_Module__diagsIncluded__C                     
00009fc0  ti_sysbios_knl_Clock_Module__diagsMask__C                         
00009fc4  ti_sysbios_knl_Clock_Module__loggerFxn1__C                        
00009fc8  ti_sysbios_knl_Clock_Module__loggerFxn2__C                        
00009fcc  ti_sysbios_knl_Clock_Module__loggerObj__C                         
00009fd0  ti_sysbios_knl_Semaphore_A_badContext__C                          
00009fd4  ti_sysbios_knl_Semaphore_A_noEvents__C                            
00009fd8  ti_sysbios_knl_Semaphore_A_overflow__C                            
00009fdc  ti_sysbios_knl_Semaphore_A_pendTaskDisabled__C                    
00009fe0  ti_sysbios_knl_Semaphore_Instance_State_pendQ__O                  
00009fe4  ti_sysbios_knl_Semaphore_LM_pend__C                               
00009fe8  ti_sysbios_knl_Semaphore_LM_post__C                               
00009fec  ti_sysbios_knl_Semaphore_Module__diagsEnabled__C                  
00009ff0  ti_sysbios_knl_Semaphore_Module__diagsIncluded__C                 
00009ff4  ti_sysbios_knl_Semaphore_Module__diagsMask__C                     
00009ff8  ti_sysbios_knl_Semaphore_Module__loggerFxn2__C                    
00009ffc  ti_sysbios_knl_Semaphore_Module__loggerFxn4__C                    
0000a000  ti_sysbios_knl_Semaphore_Module__loggerObj__C                     
0000a004  ti_sysbios_knl_Swi_LD_end__C                                      
0000a008  ti_sysbios_knl_Swi_LM_begin__C                                    
0000a00c  ti_sysbios_knl_Swi_LM_post__C                                     
0000a010  ti_sysbios_knl_Swi_Module__diagsEnabled__C                        
0000a014  ti_sysbios_knl_Swi_Module__diagsIncluded__C                       
0000a018  ti_sysbios_knl_Swi_Module__diagsMask__C                           
0000a01c  ti_sysbios_knl_Swi_Module__loggerFxn1__C                          
0000a020  ti_sysbios_knl_Swi_Module__loggerFxn4__C                          
0000a024  ti_sysbios_knl_Swi_Module__loggerObj__C                           
0000a028  ti_sysbios_knl_Swi_Object__count__C                               
0000a02c  ti_sysbios_knl_Task_A_badPriority__C                              
0000a030  ti_sysbios_knl_Task_A_badTaskState__C                             
0000a034  ti_sysbios_knl_Task_A_badThreadType__C                            
0000a038  ti_sysbios_knl_Task_A_noPendElem__C                               
0000a03c  ti_sysbios_knl_Task_E_spOutOfBounds__C                            
0000a040  ti_sysbios_knl_Task_E_stackOverflow__C                            
0000a044  ti_sysbios_knl_Task_LD_block__C                                   
0000a048  ti_sysbios_knl_Task_LD_exit__C                                    
0000a04c  ti_sysbios_knl_Task_LD_ready__C                                   
0000a050  ti_sysbios_knl_Task_LM_switch__C                                  
0000a054  ti_sysbios_knl_Task_Module_State_inactiveQ__O                     
0000a058  ti_sysbios_knl_Task_Module__diagsEnabled__C                       
0000a05c  ti_sysbios_knl_Task_Module__diagsIncluded__C                      
0000a060  ti_sysbios_knl_Task_Module__diagsMask__C                          
0000a064  ti_sysbios_knl_Task_Module__loggerFxn2__C                         
0000a068  ti_sysbios_knl_Task_Module__loggerFxn4__C                         
0000a06c  ti_sysbios_knl_Task_Module__loggerObj__C                          
0000a070  ti_sysbios_knl_Task_Object__count__C                              
0000a074  ti_sysbios_knl_Task_allBlockedFunc__C                             
0000a078  ti_sysbios_knl_Task_defaultStackHeap__C                           
0000a07c  ti_sysbios_knl_Task_defaultStackSize__C                           
0000a080  ti_sysbios_knl_Task_numConstructedTasks__C                        
0000a084  ti_sysbios_utils_Load_LS_cpuLoad__C                               
0000a088  ti_sysbios_utils_Load_Module__diagsEnabled__C                     
0000a08c  ti_sysbios_utils_Load_Module__diagsIncluded__C                    
0000a090  ti_sysbios_utils_Load_Module__diagsMask__C                        
0000a094  ti_sysbios_utils_Load_Module__loggerFxn1__C                       
0000a098  ti_sysbios_utils_Load_Module__loggerObj__C                        
0000a09c  ti_sysbios_utils_Load_postUpdate__C                               
0000a0a0  ti_sysbios_utils_Load_windowInMs__C                               
0000a0a4  ti_uia_loggers_LoggerStopMode_Module__diagsEnabled__C             
0000a0a8  ti_uia_loggers_LoggerStopMode_Module__diagsIncluded__C            
0000a0ac  ti_uia_loggers_LoggerStopMode_Module__diagsMask__C                
0000a0b0  ti_uia_loggers_LoggerStopMode_Object__count__C                    
0000a0b4  ti_uia_runtime_ILoggerSnapshot_Interface__BASE__C                 
0000a0b8  ti_uia_runtime_IUIATransfer_Interface__BASE__C                    
0000a0bc  xdc_runtime_Assert_E_assertFailed__C                              
0000a0c0  xdc_runtime_Core_A_initializedParams__C                           
0000a0c4  xdc_runtime_Core_Module__diagsEnabled__C                          
0000a0c8  xdc_runtime_Core_Module__diagsIncluded__C                         
0000a0cc  xdc_runtime_Core_Module__diagsMask__C                             
0000a0d0  xdc_runtime_Error_E_memory__C                                     
0000a0d4  xdc_runtime_Error_Module__diagsEnabled__C                         
0000a0d8  xdc_runtime_Error_Module__diagsIncluded__C                        
0000a0dc  xdc_runtime_Error_Module__diagsMask__C                            
0000a0e0  xdc_runtime_Error_Module__loggerFxn8__C                           
0000a0e4  xdc_runtime_Error_Module__loggerObj__C                            
0000a0e8  xdc_runtime_Error_policyFxn__C                                    
0000a0ec  xdc_runtime_Error_raiseHook__C                                    
0000a0f0  xdc_runtime_IFilterLogger_Interface__BASE__C                      
0000a0f4  xdc_runtime_IGateProvider_Interface__BASE__C                      
0000a0f8  xdc_runtime_IHeap_Interface__BASE__C                              
0000a0fc  xdc_runtime_ILogger_Interface__BASE__C                            
0000a100  xdc_runtime_IModule_Interface__BASE__C                            
0000a104  xdc_runtime_Log_L_error__C                                        
0000a108  xdc_runtime_Memory_defaultHeapInstance__C                         
0000a10c  xdc_runtime_Startup_execImpl__C                                   
0000a110  xdc_runtime_Startup_lastFxns__A                                   
0000a114  xdc_runtime_Startup_maxPasses__C                                  
0000a118  xdc_runtime_Startup_sfxnRts__C                                    
0000a11c  xdc_runtime_Startup_sfxnTab__C                                    
0000a120  xdc_runtime_SysMin_bufSize__C                                     
0000a124  xdc_runtime_SysMin_outputFunc__C                                  
0000a128  xdc_runtime_System_Module__gateObj__C                             
0000a12c  xdc_runtime_System_abortFxn__C                                    
0000a130  xdc_runtime_System_exitFxn__C                                     
0000a134  xdc_runtime_System_extendFxn__C                                   
0000a138  xdc_runtime_System_maxAtexitHandlers__C                           
0000a13c  xdc_runtime_Text_charTab__C                                       
0000a140  xdc_runtime_Text_nameEmpty__C                                     
0000a144  xdc_runtime_Text_nameStatic__C                                    
0000a148  xdc_runtime_Text_nameUnknown__C                                   
0000a14c  xdc_runtime_Text_nodeTab__C                                       
0000a150  xdc_runtime_Text_visitRopeFxn__C                                  
0000a154  ti_catalog_arm_cortexm4_tiva_ce_Boot_Module__id__C                
0000a156  ti_sysbios_family_arm_lm4_TimestampProvider_useClockTimer__C      
0000a158  ti_sysbios_family_arm_m3_Hwi_Module__id__C                        
0000a15a  ti_sysbios_family_arm_m3_Hwi_Module__loggerDefined__C             
0000a15c  ti_sysbios_gates_GateMutex_Module__id__C                          
0000a15e  ti_sysbios_hal_Hwi_Module__id__C                                  
0000a160  ti_sysbios_heaps_HeapMem_Module__id__C                            
0000a162  ti_sysbios_knl_Clock_Module__id__C                                
0000a164  ti_sysbios_knl_Clock_Module__loggerDefined__C                     
0000a166  ti_sysbios_knl_Semaphore_Module__id__C                            
0000a168  ti_sysbios_knl_Semaphore_Module__loggerDefined__C                 
0000a16a  ti_sysbios_knl_Swi_Module__id__C                                  
0000a16c  ti_sysbios_knl_Swi_Module__loggerDefined__C                       
0000a16e  ti_sysbios_knl_Task_Module__id__C                                 
0000a170  ti_sysbios_knl_Task_Module__loggerDefined__C                      
0000a172  ti_sysbios_utils_Load_Module__id__C                               
0000a174  ti_sysbios_utils_Load_Module__loggerDefined__C                    
0000a176  ti_sysbios_utils_Load_updateInIdle__C                             
0000a178  ti_uia_loggers_LoggerStopMode_Module__id__C                       
0000a17a  ti_uia_loggers_LoggerStopMode_isTimestampEnabled__C               
0000a17c  xdc_runtime_Core_Module__id__C                                    
0000a17e  xdc_runtime_Error_Module__loggerDefined__C                        
0000a180  xdc_runtime_Error_maxDepth__C                                     
0000a182  xdc_runtime_Memory_Module__id__C                                  
0000a184  xdc_runtime_SysMin_flushAtExit__C                                 
0000a186  xdc_runtime_Text_charCnt__C                                       
0000a188  xdc_runtime_Text_isLoaded__C                                      
0000a18a  xdc_runtime_Text_registryModsLastId__C                            
0000a18c  xdc_runtime_Text_unnamedModsLastId__C                             
0000a190  __TI_static_base__                                                
0000a3e4  __TI_Handler_Table_Base                                           
0000a3f0  __TI_Handler_Table_Limit                                          
0000a400  __TI_CINIT_Base                                                   
0000a418  __TI_CINIT_Limit                                                  
20000000  ti_sysbios_family_arm_m3_Hwi_ramVectors                           
20000380  ti_sysbios_heaps_HeapMem_Instance_State_0_buf__A                  
20000780  ti_uia_loggers_LoggerStopMode_Instance_State_2_packetArray__A     
20000b80  ti_sysbios_family_arm_m3_Hwi_dispatchTable                        
20000ee0  task0Stack                                                        
200011e0  ti_sysbios_knl_Task_Instance_State_0_stack__A                     
200013e0  uartTivaRingBuffer                                                
20001400  ti_uia_loggers_LoggerStopMode_Instance_State_1_packetArray__A     
20001600  __CIOBUF_                                                         
20001720  task0Struct                                                       
20001780  ti_uia_loggers_LoggerStopMode_Instance_State_0_packetArray__A     
20001880  uartTivaObjects                                                   
200019dc  xdc_runtime_SysMin_Module_State_0_outbuf__A                       
20001a80  ti_uia_loggers_LoggerStopMode_Instance_State_0_hdr__A             
20001b00  ti_uia_loggers_LoggerStopMode_Instance_State_1_hdr__A             
20001b80  ti_uia_loggers_LoggerStopMode_Instance_State_2_hdr__A             
20001bb0  ti_uia_loggers_LoggerStopMode_Object__table__V                    
20001c4c  ti_sysbios_utils_Load_Module__state__V                            
20001ce4  ti_sysbios_family_arm_lm4_Timer_Object__table__V                  
20001d64  ti_sysbios_knl_Swi_Module_State_0_readyQ__A                       
20001de4  ti_sysbios_knl_Task_Module_State_0_readyQ__A                      
20001e64  ti_sysbios_knl_Task_Object__table__V                              
20001eb0  ti_sysbios_knl_Task_Module__state__V                              
20001ef4  ti_sysbios_gates_GateMutex_Object__table__V                       
20001f2c  ti_sysbios_family_arm_m3_Hwi_Module__state__V                     
20001f60  ti_sysbios_family_arm_lm4_Timer_Module_State_0_device__A          
20001f90  ti_sysbios_family_arm_m3_Hwi_Object__table__V                     
20001fc0  ti_sysbios_knl_Swi_Object__table__V                               
20001ff0  ti_sysbios_knl_Clock_Module__state__V                             
2000201c  ti_sysbios_BIOS_Module__state__V                                  
20002040  ti_sysbios_knl_Swi_Module__state__V                               
2000205c  ti_sysbios_family_arm_lm4_Timer_Module_State_0_handles__A         
20002074  ti_sysbios_heaps_HeapMem_Object__table__V                         
2000208c  gpioPinConfigs                                                    
200020a0  __TI_cleanup_ptr                                                  
200020a4  __TI_dtors_ptr                                                    
200020a8  __TI_enable_exit_profile_output                                   
200020ac  ti_sysbios_family_arm_lm4_Timer_Module__state__V                  
200020b8  ti_sysbios_knl_Task_Module__root__V                               
200020c4  ti_uia_runtime_QueueDescriptor_Module__state__V                   
200020d0  xdc_runtime_SysMin_Module__state__V                               
200020dc  _lock                                                             
200020e0  _unlock                                                           
200020e4  gpioCallbackFunctions                                             
200020ec  ti_uia_runtime_QueueDescriptor_gPtrToFirstDescriptor              
200020f0  ti_uia_runtime_QueueDescriptor_gUpdateCount                       
200020f4  ti_sysbios_family_arm_lm4_TimestampProvider_Module__state__V      
200020fc  ti_sysbios_family_arm_m3_Hwi_Module__root__V                      
20002104  ti_sysbios_gates_GateHwi_Module__root__V                          
2000210c  ti_sysbios_gates_GateMutex_Module__root__V                        
20002114  ti_sysbios_heaps_HeapMem_Module__root__V                          
2000211c  ti_sysbios_knl_Clock_Module__root__V                              
20002124  ti_sysbios_knl_Queue_Module__root__V                              
2000212c  ti_sysbios_knl_Semaphore_Module__root__V                          
20002134  ti_uia_loggers_LoggerStopMode_Module__root__V                     
2000213c  xdc_runtime_Registry_Module__state__V                             
20002144  xdc_runtime_Startup_Module__state__V                              
2000214c  xdc_runtime_System_Module_State_0_atexitHandlers__A               
20002154  xdc_runtime_System_Module__state__V                               
20002162  ti_sysbios_family_arm_m3_Hwi_Module_State_0_excActive__A          
20002168  main_func_sp                                                      
2000216c  ti_sysbios_family_arm_m3_Hwi_Module_State_0_excContext__A         
20002170  ti_sysbios_family_arm_m3_Hwi_Module_State_0_excStack__A           
20002174  ti_sysbios_gates_GateHwi_Object__table__V                         
20002178  ti_sysbios_knl_Task_Module_State_0_idleTask__A                    
2000217c  ti_sysbios_utils_Load_Module_State_0_runningTask__A               
20002180  ti_sysbios_utils_Load_Module_State_0_taskStartTime__A             
20002184  xdc_runtime_Memory_Module__state__V                               
20002188  xdc_runtime_Error_Module__state__V                                
2000218c  __stack                                                           
2000248c  __STACK_END                                                       
e000e000  ti_sysbios_family_arm_m3_Hwi_nvic                                 
ffffffff  __TI_pprof_out_hndl                                               
ffffffff  __TI_prof_data_size                                               
ffffffff  __TI_prof_data_start                                              
ffffffff  __binit__                                                         
ffffffff  __c_args__                                                        
ffffffff  binit                                                             
UNDEFED   SHT$$INIT_ARRAY$$Base                                             
UNDEFED   SHT$$INIT_ARRAY$$Limit                                            

[732 symbols]
