******************************************************************************
                  TI ARM Linker PC v16.9.3                     
******************************************************************************
>> Linked Wed Jun 28 11:10:11 2017

OUTPUT FILE NAME:   <empty_EK_TM4C123GXL_TI.out>
ENTRY POINT SYMBOL: "_c_int00"  address: 000049d9


MEMORY CONFIGURATION

         name            origin    length      used     unused   attr    fill
----------------------  --------  ---------  --------  --------  ----  --------
  FLASH                 00000000   00040000  00008a16  000375ea  R  X
  SRAM                  20000000   00008000  000023f6  00005c0a  RW X


SEGMENT ALLOCATION MAP

run origin  load origin   length   init length attrs members
----------  ----------- ---------- ----------- ----- -------
00000000    00000000    00008a20   00008a20    r-x
  00000000    00000000    0000003c   0000003c    r-- .resetVecs
  00000040    00000040    00006782   00006782    r-x .text
  000067c4    000067c4    00002050   00002050    r-- .const
  00008818    00008818    00000208   00000208    r-- .cinit
20000000    20000000    000023f8   00000000    rw-
  20000000    20000000    00000360   00000000    rw- .vecs
  20000360    20000360    00001978   00000000    rw- .bss
  20001cd8    20001cd8    0000041e   00000000    rw- .data
  200020f8    200020f8    00000300   00000000    rw- .stack


SECTION ALLOCATION MAP

 output                                  attributes/
section   page    origin      length       input sections
--------  ----  ----------  ----------   ----------------
.text      0    00000040    00006782     
                  00000040    00000430     sysbios.aem4f : BIOS.obj (.text:ti_sysbios_family_arm_m3_Hwi_excDumpRegs__I)
                  00000470    0000034c     ti.targets.arm.rtsarm.aem4f : System.oem4f (.text:xdc_runtime_System_doPrint__I)
                  000007bc    00000324     rtsv7M4_T_le_v4SPD16_eabi.lib : trgdrv.obj (.text)
                  00000ae0    000002c8     sysbios.aem4f : BIOS.obj (.text:ti_sysbios_knl_Semaphore_pend__E)
                  00000da8    00000258                   : BIOS.obj (.text:ti_sysbios_heaps_HeapMem_free__E)
                  00001000    00000248                   : BIOS.obj (.text:ti_sysbios_heaps_HeapMem_alloc__E)
                  00001248    00000224                   : BIOS.obj (.text:ti_sysbios_knl_Task_Instance_finalize__E)
                  0000146c    0000020c     drivers_tivaware.aem4f : UARTTiva.oem4f (.text:UARTTiva_open)
                  00001678    000001fc     sysbios.aem4f : BIOS.obj (.text:ti_sysbios_family_arm_m3_Hwi_excHandlerMax__I)
                  00001874    00000004     driverlib.lib : uart.obj (.text:UARTIntClear)
                  00001878    000001ec     sysbios.aem4f : BIOS.obj (.text:ti_sysbios_knl_Task_sleep__E)
                  00001a64    00000004     empty_pem4f.oem4f (.text:ti_sysbios_BIOS_RtsGateProxy_enter__E)
                  00001a68    000001c8     sysbios.aem4f : BIOS.obj (.text:ti_sysbios_knl_Task_Instance_init__E)
                  00001c30    00000174     empty.obj (.text:main)
                  00001da4    00000004     empty_pem4f.oem4f (.text:ti_sysbios_BIOS_RtsGateProxy_leave__E)
                  00001da8    00000174     sysbios.aem4f : BIOS.obj (.text:ti_sysbios_family_arm_m3_Hwi_excBusFault__I)
                  00001f1c    00000004                   : BIOS.obj (.text:ti_sysbios_family_arm_lm4_Timer_masterEnable__I)
                  00001f20    00000164                   : BIOS.obj (.text:ti_sysbios_family_arm_m3_Hwi_excUsageFault__I)
                  00002084    00000150     drivers_tivaware.aem4f : GPIOTiva.oem4f (.text:GPIO_setConfig)
                  000021d4    00000004     empty_pem4f.oem4f (.text:ti_sysbios_family_arm_m3_Hwi_destruct)
                  000021d8    00000148     sysbios.aem4f : BIOS.obj (.text:ti_sysbios_family_arm_m3_Hwi_excMemFault__I)
                  00002320    0000013c                   : BIOS.obj (.text:ti_sysbios_heaps_HeapMem_Instance_init__E)
                  0000245c    00000004     empty_pem4f.oem4f (.text:ti_sysbios_family_arm_m3_TaskSupport_Module__startupDone__S)
                  00002460    00000134     sysbios.aem4f : BIOS.obj (.text:ti_sysbios_family_arm_lm4_Timer_start__E)
                  00002594    00000130     driverlib.lib : gpio.obj (.text:GPIOPadConfigSet)
                  000026c4    00000004     empty_pem4f.oem4f (.text:ti_sysbios_heaps_HeapMem_Module_GateProxy_enter__E)
                  000026c8    0000011c     sysbios.aem4f : BIOS.obj (.text:ti_sysbios_knl_Clock_Instance_init__E)
                  000027e4    00000118     ti.targets.arm.rtsarm.aem4f : Error.oem4f (.text:xdc_runtime_Error_policyDefault__E)
                  000028fc    00000100     Boot.aem4f : Boot_sysctl.oem4f (.text:ti_catalog_arm_cortexm4_tiva_ce_Boot_sysCtlClockSetI__I)
                  000029fc    00000100     ti.targets.arm.rtsarm.aem4f : Core-mem.oem4f (.text:xdc_runtime_Core_createObject__I)
                  00002afc    000000f8                                 : Startup.oem4f (.text:xdc_runtime_Startup_startMods__I)
                  00002bf4    000000f8     empty_pem4f.oem4f (.text:xdc_runtime_System_printfExtend__I)
                  00002cec    000000f4     sysbios.aem4f : m3_Hwi_asm.obj (.text:ti_sysbios_family_arm_m3_Hwi_dispatch__I)
                  00002de0    000000ec                   : BIOS.obj (.text:ti_sysbios_knl_Semaphore_post__E)
                  00002ecc    000000cc     ti.targets.arm.rtsarm.aem4f : Core-smem.oem4f (.text:xdc_runtime_Core_constructObject__I)
                  00002f98    000000bc     sysbios.aem4f : BIOS.obj (.text:ti_sysbios_family_arm_m3_Hwi_excDebugMon__I)
                  00003054    00000004     empty_pem4f.oem4f (.text:ti_sysbios_heaps_HeapMem_Module_GateProxy_leave__E)
                  00003058    000000bc     sysbios.aem4f : BIOS.obj (.text:ti_sysbios_family_arm_m3_Hwi_excHardFault__I)
                  00003114    00000004     empty_pem4f.oem4f (.text:ti_sysbios_knl_Clock_TimerProxy_getMaxTicks__E)
                  00003118    000000b4     sysbios.aem4f : BIOS.obj (.text:ti_sysbios_gates_GateMutex_enter__E)
                  000031cc    00000004     empty_pem4f.oem4f (.text:ti_sysbios_knl_Clock_destruct)
                  000031d0    000000b4     sysbios.aem4f : BIOS.obj (.text:ti_sysbios_knl_Task_checkStacks__E)
                  00003284    000000ac     drivers_tivaware.aem4f : UARTTiva.oem4f (.text:readTaskBlocking)
                  00003330    000000ac     sysbios.aem4f : BIOS.obj (.text:ti_sysbios_family_arm_lm4_Timer_enableTiva__I)
                  000033dc    00000004     empty_pem4f.oem4f (.text:ti_sysbios_knl_Queue_destruct)
                  000033e0    000000a8     sysbios.aem4f : BIOS.obj (.text:ti_sysbios_family_arm_lm4_Timer_enableTimers__I)
                  00003488    000000a8                   : BIOS.obj (.text:ti_sysbios_knl_Task_postInit__I)
                  00003530    000000a4                   : BIOS.obj (.text:ti_sysbios_knl_Clock_Instance_finalize__E)
                  000035d4    000000a0     auto_init.aem4f : auto_init.oem4f (.text)
                  00003674    000000a0     ti.targets.arm.rtsarm.aem4f : Text.oem4f (.text:xdc_runtime_Text_putMod__E)
                  00003714    0000009c     rtsv7M4_T_le_v4SPD16_eabi.lib : memcpy_t2.obj (.text)
                  000037b0    0000009c     sysbios.aem4f : BIOS.obj (.text:ti_sysbios_knl_Semaphore_Instance_init__E)
                  0000384c    0000009a     ti.targets.arm.rtsarm.aem4f : Text.oem4f (.text:xdc_runtime_Text_putSite__E)
                  000038e6    00000098     drivers_tivaware.aem4f : UARTTiva.oem4f (.text:UARTTiva_readPolling)
                  0000397e    00000002     rtsv7M4_T_le_v4SPD16_eabi.lib : i_div0.obj (.text)
                  00003980    00000098     Boot.aem4f : Boot.oem4f (.text:ti_catalog_arm_cortexm4_tiva_ce_Boot_sysCtlClockSet__E)
                  00003a18    00000094     drivers_tivaware.aem4f : UARTTiva.oem4f (.text:UARTTiva_write)
                  00003aac    00000004     empty_pem4f.oem4f (.text:ti_sysbios_knl_Semaphore_destruct)
                  00003ab0    00000094     sysbios.aem4f : BIOS.obj (.text:ti_sysbios_family_arm_m3_Hwi_Instance_init__E)
                  00003b44    00000004     ti.targets.arm.rtsarm.aem4f : Error.oem4f (.text:xdc_runtime_Error_getSite__E)
                  00003b48    00000094     sysbios.aem4f : BIOS.obj (.text:ti_sysbios_family_arm_m3_Hwi_initNVIC__E)
                  00003bdc    0000008c     drivers_tivaware.aem4f : GPIOTiva.oem4f (.text:GPIO_init)
                  00003c68    0000008c                            : UARTTiva.oem4f (.text:UARTTiva_control)
                  00003cf4    0000008c     sysbios.aem4f : m3_TaskSupport_asm.obj (.text:ti_sysbios_family_arm_m3_TaskSupport_buildTaskStack)
                  00003d80    0000008a     drivers_tivaware.aem4f : UARTTiva.oem4f (.text:readIsrTextBlocking)
                  00003e0a    00000002     empty_pem4f.oem4f (.text:ti_sysbios_BIOS_nullFunc__I)
                  00003e0c    00000088     empty.obj (.text:echoFxn)
                  00003e94    00000004     empty_pem4f.oem4f (.text:xdc_runtime_System_Module_GateProxy_enter__E)
                  00003e98    00000084     sysbios.aem4f : BIOS.obj (.text:ti_sysbios_family_arm_m3_Hwi_postInit__I)
                  00003f1c    00000082     drivers_tivaware.aem4f : UARTTiva.oem4f (.text:readIsrTextCallback)
                  00003f9e    0000007a                            : UARTTiva.oem4f (.text:readTaskCallback)
                  00004018    0000007a     rtsv7M4_T_le_v4SPD16_eabi.lib : memset_t2.obj (.text)
                  00004092    00000006     driverlib.lib : gpio.obj (.text:GPIOIntClear)
                  00004098    00000074     sysbios.aem4f : BIOS.obj (.text:ti_sysbios_knl_Clock_start__E)
                  0000410c    00000004     empty_pem4f.oem4f (.text:xdc_runtime_System_Module_GateProxy_leave__E)
                  00004110    00000070     sysbios.aem4f : BIOS.obj (.text:ti_sysbios_knl_Task_exit__E)
                  00004180    0000006d     ti.targets.arm.rtsarm.aem4f : System.oem4f (.text:xdc_runtime_System_formatNum__I)
                  000041ed    00000001     --HOLE-- [fill = 0]
                  000041ee    00000002     empty_pem4f.oem4f (.text:xdc_runtime_Startup_reset__I)
                  000041f0    0000006c     sysbios.aem4f : BIOS.obj (.text:ti_sysbios_knl_Clock_workFunc__E)
                  0000425c    00000004     ti.targets.arm.rtsarm.aem4f : System.oem4f (.text:xdc_runtime_System_aprintf_va__F)
                  00004260    0000006c     sysbios.aem4f : BIOS.obj (.text:ti_sysbios_knl_Swi_restoreHwi__E)
                  000042cc    0000006c     drivers_tivaware.aem4f : UARTTiva.oem4f (.text:writeData)
                  00004338    0000006c     ti.targets.arm.rtsarm.aem4f : Error.oem4f (.text:xdc_runtime_Error_print__E)
                  000043a4    0000006c                                 : Memory.oem4f (.text:xdc_runtime_Memory_alloc__E)
                  00004410    00000068     rtsv7M4_T_le_v4SPD16_eabi.lib : copy_decompress_lzss.obj (.text:decompress:lzss)
                  00004478    00000068                                   : trgmsg.obj (.text)
                  000044e0    00000066     ti.targets.arm.rtsarm.aem4f : Core-mem.oem4f (.text:xdc_runtime_Core_deleteObject__I)
                  00004546    00000002     --HOLE-- [fill = 0]
                  00004548    00000064     drivers_tivaware.aem4f : GPIOTiva.oem4f (.text:GPIO_hwiIntFxn)
                  000045ac    00000004     ti.targets.arm.rtsarm.aem4f : System.oem4f (.text:xdc_runtime_System_printf_va__F)
                  000045b0    00000064     sysbios.aem4f : BIOS.obj (.text:ti_sysbios_family_arm_lm4_Timer_Module_startup__E)
                  00004614    00000064     empty_pem4f.oem4f (.text:ti_sysbios_family_arm_m3_Hwi_create)
                  00004678    00000064     sysbios.aem4f : BIOS.obj (.text:ti_sysbios_family_arm_m3_Hwi_dispatchC__I)
                  000046dc    00000004     --HOLE-- [fill = 0]
                  000046e0    00000060                   : BIOS.obj (.text:ti_sysbios_family_arm_lm4_Timer_isrStub__E)
                  00004740    00000060                   : BIOS.obj (.text:ti_sysbios_knl_Task_schedule__I)
                  000047a0    0000005e     drivers_tivaware.aem4f : UARTTiva.oem4f (.text:readIsrBinaryBlocking)
                  000047fe    00000002     --HOLE-- [fill = 0]
                  00004800    0000005c     sysbios.aem4f : BIOS.obj (.text:ti_sysbios_knl_Swi_run__I)
                  0000485c    00000004     --HOLE-- [fill = 0]
                  00004860    0000005c                   : BIOS.obj (.text:ti_sysbios_knl_Swi_schedule__I)
                  000048bc    00000004     --HOLE-- [fill = 0]
                  000048c0    0000005c                   : BIOS.obj (.text:ti_sysbios_knl_Task_Module_startup__E)
                  0000491c    00000004     --HOLE-- [fill = 0]
                  00004920    0000005c                   : BIOS.obj (.text:ti_sysbios_knl_Task_startCore__E)
                  0000497c    0000005b     ti.targets.arm.rtsarm.aem4f : Text.oem4f (.text:xdc_runtime_Text_putLab__E)
                  000049d7    00000001     --HOLE-- [fill = 0]
                  000049d8    00000058     boot.aem4f : boot.oem4f (.text)
                  00004a30    00000058     empty_pem4f.oem4f (.text:ti_sysbios_family_arm_m3_Hwi_construct)
                  00004a88    00000058     sysbios.aem4f : m3_Hwi_asm_switch.obj (.text:ti_sysbios_family_arm_m3_Hwi_initStacks__E)
                  00004ae0    00000056     driverlib.lib : gpio.obj (.text:GPIOIntTypeSet)
                  00004b36    00000054     drivers_tivaware.aem4f : UARTTiva.oem4f (.text:readIsrBinaryCallback)
                  00004b8a    00000002     --HOLE-- [fill = 0]
                  00004b8c    00000054     rtsv7M4_T_le_v4SPD16_eabi.lib : exit.obj (.text)
                  00004be0    00000054     empty_pem4f.oem4f (.text:ti_sysbios_knl_Task_construct)
                  00004c34    00000054     ti.targets.arm.rtsarm.aem4f : Assert.oem4f (.text:xdc_runtime_Assert_raise__I)
                  00004c88    00000050     drivers_tivaware.aem4f : GPIOTiva.oem4f (.text:GPIO_setCallback)
                  00004cd8    00000050                            : GPIOTiva.oem4f (.text:GPIO_toggle)
                  00004d28    00000050                            : GPIOTiva.oem4f (.text:GPIO_write)
                  00004d78    00000050                            : UARTTiva.oem4f (.text:UARTTiva_writeCancel)
                  00004dc8    00000050     sysbios.aem4f : BIOS.obj (.text:ti_sysbios_family_arm_m3_Hwi_Module_startup__E)
                  00004e18    00000050     ti.targets.arm.rtsarm.aem4f : Startup.oem4f (.text:xdc_runtime_Startup_exec__E)
                  00004e68    00000050                                 : Text.oem4f (.text:xdc_runtime_Text_visitRope2__I)
                  00004eb8    0000004c     drivers_tivaware.aem4f : UARTTiva.oem4f (.text:UARTTiva_close)
                  00004f04    0000004c     rtsv7M4_T_le_v4SPD16_eabi.lib : cpy_tbl.obj (.text)
                  00004f50    0000004c     sysbios.aem4f : BIOS.obj (.text:ti_sysbios_heaps_HeapMem_getStats__E)
                  00004f9c    00000004     --HOLE-- [fill = 0]
                  00004fa0    0000004c                   : BIOS.obj (.text:ti_sysbios_knl_Swi_runLoop__I)
                  00004fec    00000004     --HOLE-- [fill = 0]
                  00004ff0    0000004c                   : BIOS.obj (.text:ti_sysbios_knl_Task_allBlockedFunction__I)
                  0000503c    00000048     driverlib.lib : gpio.obj (.text:GPIOPinConfigure)
                  00005084    00000004     --HOLE-- [fill = 0]
                  00005088    00000048     sysbios.aem4f : BIOS.obj (.text:ti_sysbios_family_arm_m3_Hwi_disableInterrupt__E)
                  000050d0    00000048                   : BIOS.obj (.text:ti_sysbios_family_arm_m3_Hwi_enableInterrupt__E)
                  00005118    00000048                   : BIOS.obj (.text:ti_sysbios_family_arm_m3_Hwi_excReserved__I)
                  00005160    00000046     drivers_tivaware.aem4f : RingBuf.oem4f (.text:RingBuf_put)
                  000051a6    00000046     ti.targets.arm.rtsarm.aem4f : Core-params.oem4f (.text:xdc_runtime_Core_assignParams__I)
                  000051ec    00000004     --HOLE-- [fill = 0]
                  000051f0    00000044     sysbios.aem4f : BIOS.obj (.text:ti_sysbios_family_arm_m3_Hwi_getStackInfo__E)
                  00005234    00000004     --HOLE-- [fill = 0]
                  00005238    00000044                   : BIOS.obj (.text:ti_sysbios_knl_Swi_post__E)
                  0000527c    00000044     ti.targets.arm.rtsarm.aem4f : Error.oem4f (.text:xdc_runtime_Error_setX__E)
                  000052c0    00000044                                 : SysMin.oem4f (.text:xdc_runtime_SysMin_flush__E)
                  00005304    00000044                                 : Text.oem4f (.text:xdc_runtime_Text_xprintf__I)
                  00005348    00000042     driverlib.lib : uart.obj (.text:UARTConfigSetExpClk)
                  0000538a    00000042     drivers_tivaware.aem4f : UARTTiva.oem4f (.text:UARTTiva_hwiIntFxn)
                  000053cc    00000042                            : UARTTiva.oem4f (.text:UARTTiva_writePolling)
                  0000540e    00000002     --HOLE-- [fill = 0]
                  00005410    00000040     EK_TM4C123GXL.obj (.text:EK_TM4C123GXL_initGeneral)
                  00005450    00000040     drivers_tivaware.aem4f : RingBuf.oem4f (.text:RingBuf_get)
                  00005490    00000040                            : UARTTiva.oem4f (.text:UARTTiva_read)
                  000054d0    00000040     rtsv7M4_T_le_v4SPD16_eabi.lib : u_divt2.obj (.text)
                  00005510    00000040     sysbios.aem4f : BIOS.obj (.text:ti_sysbios_family_arm_lm4_Timer_startup__E)
                  00005550    0000003c                   : BIOS.obj (.text:ti_sysbios_family_arm_m3_Hwi_excSvCall__I)
                  0000558c    00000004     --HOLE-- [fill = 0]
                  00005590    0000003c                   : BIOS.obj (.text:ti_sysbios_heaps_HeapMem_init__I)
                  000055cc    00000004     --HOLE-- [fill = 0]
                  000055d0    0000003c                   : BIOS.obj (.text:ti_sysbios_knl_Swi_restore__E)
                  0000560c    00000038     drivers_tivaware.aem4f : UART.oem4f (.text:UART_init)
                  00005644    00000004     --HOLE-- [fill = 0]
                  00005648    00000038     sysbios.aem4f : BIOS.obj (.text:ti_sysbios_family_arm_m3_Hwi_excNoIsr__I)
                  00005680    00000038                   : BIOS.obj (.text:ti_sysbios_knl_Task_processVitalTaskFlag__I)
                  000056b8    00000038     ti.targets.arm.rtsarm.aem4f : SysMin.oem4f (.text:xdc_runtime_SysMin_putch__E)
                  000056f0    00000038                                 : System.oem4f (.text:xdc_runtime_System_atexit__E)
                  00005728    00000036     drivers_tivaware.aem4f : UARTTiva.oem4f (.text:UARTTiva_readCancel)
                  0000575e    00000002     --HOLE-- [fill = 0]
                  00005760    00000034     driverlib.lib : sysctl.obj (.text:SysCtlPeripheralEnable)
                  00005794    00000004     --HOLE-- [fill = 0]
                  00005798    00000034     sysbios.aem4f : BIOS.obj (.text:ti_sysbios_family_arm_m3_Hwi_Instance_finalize__E)
                  000057cc    00000004     --HOLE-- [fill = 0]
                  000057d0    00000034                   : BIOS.obj (.text:ti_sysbios_family_arm_m3_Hwi_excNmi__I)
                  00005804    00000004     --HOLE-- [fill = 0]
                  00005808    00000034                   : BIOS.obj (.text:ti_sysbios_hal_Hwi_checkStack)
                  0000583c    00000034     empty_pem4f.oem4f (.text:ti_sysbios_knl_Clock_construct)
                  00005870    00000034     ti.targets.arm.rtsarm.aem4f : Core-label.oem4f (.text:xdc_runtime_Core_assignLabel__I)
                  000058a4    00000033                                 : Text.oem4f (.text:xdc_runtime_Text_printVisFxn__I)
                  000058d7    00000001     --HOLE-- [fill = 0]
                  000058d8    00000032     sysbios.aem4f : BIOS.obj (.text:ti_sysbios_hal_Hwi_initStack)
                  0000590a    00000002     --HOLE-- [fill = 0]
                  0000590c    00000030     EK_TM4C123GXL.obj (.text:EK_TM4C123GXL_initGPIO)
                  0000593c    00000030     drivers_tivaware.aem4f : UART.oem4f (.text:UART_open)
                  0000596c    00000030     empty_pem4f.oem4f (.text:ti_sysbios_BIOS_atExitFunc__I)
                  0000599c    00000004     --HOLE-- [fill = 0]
                  000059a0    00000030     sysbios.aem4f : BIOS.obj (.text:ti_sysbios_family_arm_lm4_Timer_stop__E)
                  000059d0    00000030                   : BIOS.obj (.text:ti_sysbios_family_arm_m3_TaskSupport_start__E)
                  00005a00    00000030     empty_pem4f.oem4f (.text:ti_sysbios_gates_GateHwi_Object__create__S)
                  00005a30    00000030     empty_pem4f.oem4f (.text:ti_sysbios_gates_GateMutex_Object__create__S)
                  00005a60    00000030     empty_pem4f.oem4f (.text:ti_sysbios_heaps_HeapMem_Object__create__S)
                  00005a90    00000030     empty_pem4f.oem4f (.text:ti_sysbios_knl_Semaphore_construct)
                  00005ac0    00000030     sysbios.aem4f : BIOS.obj (.text:ti_sysbios_knl_Semaphore_pendTimeout__I)
                  00005af0    00000030                   : BIOS.obj (.text:ti_sysbios_knl_Task_unblockI__E)
                  00005b20    00000030     ti.targets.arm.rtsarm.aem4f : SysMin.oem4f (.text:xdc_runtime_SysMin_abort__E)
                  00005b50    00000030                                 : System.oem4f (.text:xdc_runtime_System_processAtExit__E)
                  00005b80    0000002c     EK_TM4C123GXL.obj (.text:EK_TM4C123GXL_initUART)
                  00005bac    0000002c     empty_pem4f.oem4f (.text:ti_sysbios_knl_Clock_doTick__I)
                  00005bd8    0000002c     empty_pem4f.oem4f (.text:ti_sysbios_knl_Queue_construct)
                  00005c04    00000004     --HOLE-- [fill = 0]
                  00005c08    0000002c     sysbios.aem4f : BIOS.obj (.text:ti_sysbios_knl_Task_restore__E)
                  00005c34    0000002c     ti.targets.arm.rtsarm.aem4f : Text.oem4f (.text:xdc_runtime_Text_cordText__E)
                  00005c60    0000002a     driverlib.lib : gpio.obj (.text:GPIODirModeSet)
                  00005c8a    0000002a     empty.obj (.text:senderFxn)
                  00005cb4    0000002a     ti.targets.arm.rtsarm.aem4f : System.oem4f (.text:xdc_runtime_System_putchar__I)
                  00005cde    00000002     --HOLE-- [fill = 0]
                  00005ce0    00000028     sysbios.aem4f : BIOS.obj (.text:ti_sysbios_knl_Swi_Module_startup__E)
                  00005d08    00000026                   : m3_Hwi_asm.obj (.text:ti_sysbios_family_arm_m3_Hwi_pendSV__I)
                  00005d2e    00000026     ti.targets.arm.rtsarm.aem4f : System.oem4f (.text:xdc_runtime_System_avprintf__E)
                  00005d54    00000024     empty_pem4f.oem4f (.text:ti_sysbios_BIOS_errorRaiseHook__I)
                  00005d78    00000024     empty_pem4f.oem4f (.text:ti_sysbios_BIOS_registerRTSLock__I)
                  00005d9c    00000024     empty_pem4f.oem4f (.text:ti_sysbios_BIOS_removeRTSLock__I)
                  00005dc0    00000024     empty_pem4f.oem4f (.text:ti_sysbios_BIOS_startFunc__I)
                  00005de4    00000024     empty_pem4f.oem4f (.text:ti_sysbios_gates_GateMutex_Object__delete__S)
                  00005e08    00000024     sysbios.aem4f : BIOS.obj (.text:ti_sysbios_knl_Clock_Module_startup__E)
                  00005e2c    00000004     --HOLE-- [fill = 0]
                  00005e30    00000024                   : BIOS.obj (.text:ti_sysbios_knl_Task_restoreHwi__E)
                  00005e54    00000024     ti.targets.arm.rtsarm.aem4f : System.oem4f (.text:xdc_runtime_System_vprintf__E)
                  00005e78    00000022     sysbios.aem4f : BIOS.obj (.text:ti_sysbios_family_arm_lm4_Timer_write__I)
                  00005e9a    00000022     empty_pem4f.oem4f (.text:xdc_runtime_SysMin_output__I)
                  00005ebc    00000020     empty_pem4f.oem4f (.text:ti_sysbios_BIOS_rtsLock__I)
                  00005edc    00000020     sysbios.aem4f : m3_Hwi_asm.obj (.text:ti_sysbios_family_arm_m3_Hwi_excHandlerAsm__I)
                  00005efc    00000004     --HOLE-- [fill = 0]
                  00005f00    00000020                   : BIOS.obj (.text:ti_sysbios_family_arm_m3_Hwi_excHandler__I)
                  00005f20    00000020     empty_pem4f.oem4f (.text:ti_sysbios_gates_GateHwi_Object__delete__S)
                  00005f40    00000020     empty_pem4f.oem4f (.text:ti_sysbios_heaps_HeapMem_Object__delete__S)
                  00005f60    00000020     empty_pem4f.oem4f (.text:ti_sysbios_knl_Clock_Object__destruct__S)
                  00005f80    00000020     sysbios.aem4f : BIOS.obj (.text:ti_sysbios_knl_Idle_run__E)
                  00005fa0    00000020     empty_pem4f.oem4f (.text:ti_sysbios_knl_Semaphore_Object__destruct__S)
                  00005fc0    00000020     ti.targets.arm.rtsarm.aem4f : Registry.oem4f (.text:xdc_runtime_Registry_findById__E)
                  00005fe0    00000020                                 : SysMin.oem4f (.text:xdc_runtime_SysMin_Module_startup__E)
                  00006000    0000001e     sysbios.aem4f : m3_Hwi_asm_switch.obj (.text:ti_sysbios_family_xxx_Hwi_switchAndRunFunc)
                  0000601e    00000002     --HOLE-- [fill = 0]
                  00006020    0000001c     driverlib.lib : uart.obj (.text:UARTDisable)
                  0000603c    0000001c     drivers_tivaware.aem4f : GPIOTiva.oem4f (.text:getGpioIntIndex)
                  00006058    0000001c     empty_pem4f.oem4f (.text:ti_sysbios_family_arm_m3_Hwi_Object__destruct__S)
                  00006074    00000004     --HOLE-- [fill = 0]
                  00006078    0000001c     sysbios.aem4f : BIOS.obj (.text:ti_sysbios_gates_GateMutex_Instance_init__E)
                  00006094    0000001c     empty_pem4f.oem4f (.text:ti_sysbios_knl_Queue_Object__destruct__S)
                  000060b0    0000001c     sysbios.aem4f : BIOS.obj (.text:ti_sysbios_knl_Task_enter__I)
                  000060cc    0000001c     ti.targets.arm.rtsarm.aem4f : Error.oem4f (.text:xdc_runtime_Error_raiseX__E)
                  000060e8    0000001c                                 : Memory.oem4f (.text:xdc_runtime_Memory_valloc__E)
                  00006104    0000001c                                 : SysMin.oem4f (.text:xdc_runtime_SysMin_exit__E)
                  00006120    0000001c                                 : System.oem4f (.text:xdc_runtime_System_abort__E)
                  0000613c    0000001a     empty_pem4f.oem4f (.text:ti_sysbios_family_arm_m3_Hwi_Handle__label__S)
                  00006156    0000001a     empty_pem4f.oem4f (.text:ti_sysbios_gates_GateHwi_Handle__label__S)
                  00006170    0000001a     empty_pem4f.oem4f (.text:ti_sysbios_gates_GateMutex_Handle__label__S)
                  0000618a    0000001a     empty_pem4f.oem4f (.text:ti_sysbios_heaps_HeapMem_Handle__label__S)
                  000061a4    0000001a     empty_pem4f.oem4f (.text:ti_sysbios_knl_Swi_Handle__label__S)
                  000061be    0000001a     empty_pem4f.oem4f (.text:ti_sysbios_knl_Task_Handle__label__S)
                  000061d8    0000001a     empty_pem4f.oem4f (.text:xdc_runtime_System_aprintf__E)
                  000061f2    0000001a     empty_pem4f.oem4f (.text:xdc_runtime_System_printf__E)
                  0000620c    00000018     drivers_tivaware.aem4f : UART.oem4f (.text:UART_Params_init)
                  00006224    00000018     rtsv7M4_T_le_v4SPD16_eabi.lib : args_main.obj (.text)
                  0000623c    00000018     empty_pem4f.oem4f (.text:ti_sysbios_BIOS_rtsUnlock__I)
                  00006254    00000018     empty_pem4f.oem4f (.text:ti_sysbios_family_arm_lm4_Timer_Module__startupDone__F)
                  0000626c    00000018     empty_pem4f.oem4f (.text:ti_sysbios_family_arm_m3_Hwi_Module__startupDone__F)
                  00006284    00000018     sysbios.aem4f : m3_TaskSupport_asm.obj (.text:ti_sysbios_family_arm_m3_TaskSupport_swap__E)
                  0000629c    00000004     --HOLE-- [fill = 0]
                  000062a0    00000018                   : BIOS.obj (.text:ti_sysbios_gates_GateMutex_leave__E)
                  000062b8    00000018                   : BIOS.obj (.text:ti_sysbios_knl_Task_sleepTimeout__I)
                  000062d0    00000018     ti.targets.arm.rtsarm.aem4f : Error.oem4f (.text:xdc_runtime_Error_check__E)
                  000062e8    00000018                                 : System.oem4f (.text:xdc_runtime_System_exit__E)
                  00006300    00000018                                 : Text.oem4f (.text:xdc_runtime_Text_ropeText__E)
                  00006318    00000016     empty_pem4f.oem4f (.text:ti_sysbios_BIOS_exitFunc__I)
                  0000632e    00000016     empty.obj (.text:ti_sysbios_knl_Mailbox_Params_init)
                  00006344    00000016     empty.obj (.text:ti_sysbios_knl_Task_Params_init)
                  0000635a    00000014     driverlib.lib : uart.obj (.text:UARTEnable)
                  0000636e    00000014     empty.obj (.text:heartBeatFxn)
                  00006382    00000002     --HOLE-- [fill = 0]
                  00006384    00000014     rtsv7M4_T_le_v4SPD16_eabi.lib : _lock.obj (.text)
                  00006398    00000014                                   : strcpy.obj (.text)
                  000063ac    00000014                                   : strlen.obj (.text)
                  000063c0    00000014     empty_pem4f.oem4f (.text:ti_sysbios_family_arm_m3_Hwi_Object__get__S)
                  000063d4    00000004     --HOLE-- [fill = 0]
                  000063d8    00000014     sysbios.aem4f : BIOS.obj (.text:ti_sysbios_family_arm_m3_Hwi_switchFromBootStack__E)
                  000063ec    00000014     empty_pem4f.oem4f (.text:ti_sysbios_heaps_HeapMem_Object__get__S)
                  00006400    00000014     empty_pem4f.oem4f (.text:ti_sysbios_knl_Swi_Object__get__S)
                  00006414    00000012     driverlib.lib : gpio.obj (.text:GPIOPinTypeGPIOInput)
                  00006426    00000012                   : gpio.obj (.text:GPIOPinTypeUART)
                  00006438    00000012     drivers_tivaware.aem4f : RingBuf.oem4f (.text:RingBuf_construct)
                  0000644a    00000006     driverlib.lib : gpio.obj (.text:GPIOPinRead)
                  00006450    00000012     sysbios.aem4f : BIOS.obj (.text:ti_sysbios_hal_Hwi_Module_startup__E)
                  00006462    00000012     empty_pem4f.oem4f (.text:xdc_runtime_Startup_exec__I)
                  00006474    00000010     drivers_tivaware.aem4f : UARTTiva.oem4f (.text:readBlockingTimeout)
                  00006484    00000004     --HOLE-- [fill = 0]
                  00006488    00000010     sysbios.aem4f : BIOS.obj (.text:ti_sysbios_BIOS_getCpuFreq__E)
                  00006498    00000010                   : BIOS.obj (.text:ti_sysbios_BIOS_setThreadType__E)
                  000064a8    00000010                   : BIOS.obj (.text:ti_sysbios_BIOS_start__E)
                  000064b8    00000010                   : m3_TaskSupport_asm.obj (.text:ti_sysbios_family_arm_m3_TaskSupport_glue)
                  000064c8    00000010                   : BIOS.obj (.text:ti_sysbios_gates_GateMutex_Instance_finalize__E)
                  000064d8    00000010                   : BIOS.obj (.text:ti_sysbios_knl_Semaphore_Instance_finalize__E)
                  000064e8    00000010                   : BIOS.obj (.text:ti_sysbios_knl_Swi_disable__E)
                  000064f8    00000010     empty_pem4f.oem4f (.text:ti_sysbios_knl_Task_Object__get__S)
                  00006508    00000010     sysbios.aem4f : BIOS.obj (.text:ti_sysbios_knl_Task_disable__E)
                  00006518    00000010     ti.targets.arm.rtsarm.aem4f : Gate.oem4f (.text:xdc_runtime_Gate_leaveSystem__E)
                  00006528    00000010                                 : Memory.oem4f (.text:xdc_runtime_Memory_free__E)
                  00006538    00000010                                 : SysMin.oem4f (.text:xdc_runtime_SysMin_ready__E)
                  00006548    00000010                                 : System.oem4f (.text:xdc_runtime_System_vsnprintf__E)
                  00006558    00000010     empty_pem4f.oem4f (.text:xdc_runtime_Text_visitRope__I)
                  00006568    0000000e     driverlib.lib : gpio.obj (.text:GPIOIntStatus)
                  00006576    0000000e                   : uart.obj (.text:UARTCharGetNonBlocking)
                  00006584    0000000e                   : uart.obj (.text:UARTCharPutNonBlocking)
                  00006592    0000000e     rtsv7M4_T_le_v4SPD16_eabi.lib : copy_decompress_none.obj (.text:decompress:none)
                  000065a0    0000000e     sysbios.aem4f : BIOS.obj (.text:ti_sysbios_knl_Idle_loop__E)
                  000065ae    00000002     --HOLE-- [fill = 0]
                  000065b0    0000000e                   : BIOS.obj (.text:ti_sysbios_knl_Queue_empty__E)
                  000065be    00000002     --HOLE-- [fill = 0]
                  000065c0    0000000c     empty_pem4f.oem4f (.text:.bootCodeSection:ti_catalog_arm_cortexm4_tiva_ce_Boot_init__I)
                  000065cc    0000000c     drivers_tivaware.aem4f : RingBuf.oem4f (.text:RingBuf_peek)
                  000065d8    0000000c     driverlib.lib : uart.obj (.text:UARTFlowControlSet)
                  000065e4    0000000c     drivers_tivaware.aem4f : UARTTiva.oem4f (.text:UARTTiva_init)
                  000065f0    0000000c     rtsv7M4_T_le_v4SPD16_eabi.lib : copy_zero_init.obj (.text:decompress:ZI)
                  000065fc    00000004     --HOLE-- [fill = 0]
                  00006600    0000000c     sysbios.aem4f : BIOS.obj (.text:ti_sysbios_family_arm_lm4_Timer_getMaxTicks__E)
                  0000660c    0000000c     empty_pem4f.oem4f (.text:ti_sysbios_family_arm_m3_Hwi_Params__init__S)
                  00006618    0000000c     sysbios.aem4f : BIOS.obj (.text:ti_sysbios_family_arm_m3_Hwi_disableFxn__E)
                  00006624    00000004     --HOLE-- [fill = 0]
                  00006628    0000000c                   : BIOS.obj (.text:ti_sysbios_family_arm_m3_TaskSupport_checkStack__E)
                  00006634    00000004     --HOLE-- [fill = 0]
                  00006638    0000000c                   : BIOS.obj (.text:ti_sysbios_family_arm_m3_TaskSupport_getStackAlignment__E)
                  00006644    00000004     --HOLE-- [fill = 0]
                  00006648    0000000c                   : BIOS.obj (.text:ti_sysbios_gates_GateHwi_enter__E)
                  00006654    0000000c     empty_pem4f.oem4f (.text:ti_sysbios_knl_Clock_Params__init__S)
                  00006660    0000000c     empty.obj (.text:ti_sysbios_knl_Mailbox_handle)
                  0000666c    0000000c     empty_pem4f.oem4f (.text:ti_sysbios_knl_Queue_Object__get__S)
                  00006678    0000000c     empty_pem4f.oem4f (.text:ti_sysbios_knl_Semaphore_Params__init__S)
                  00006684    0000000c     empty_pem4f.oem4f (.text:ti_sysbios_knl_Task_Params__init__S)
                  00006690    0000000c     ti.targets.arm.rtsarm.aem4f : Error.oem4f (.text:xdc_runtime_Error_init__E)
                  0000669c    0000000c                                 : Gate.oem4f (.text:xdc_runtime_Gate_enterSystem__E)
                  000066a8    0000000c                                 : Memory.oem4f (.text:xdc_runtime_Memory_calloc__E)
                  000066b4    0000000c                                 : Memory.oem4f (.text:xdc_runtime_Memory_getMaxDefaultTypeAlign__E)
                  000066c0    0000000a     driverlib.lib : uart.obj (.text:UARTCharGet)
                  000066ca    0000000a                   : uart.obj (.text:UARTCharPut)
                  000066d4    0000000a                   : uart.obj (.text:UARTIntDisable)
                  000066de    0000000a                   : uart.obj (.text:UARTIntStatus)
                  000066e8    0000000a     drivers_tivaware.aem4f : UART.oem4f (.text:UART_read)
                  000066f2    0000000a                            : UART.oem4f (.text:UART_write)
                  000066fc    0000000a     empty_pem4f.oem4f (.text:xdc_runtime_IHeap_alloc)
                  00006706    0000000a     empty_pem4f.oem4f (.text:xdc_runtime_IHeap_free)
                  00006710    00000008     driverlib.lib : uart.obj (.text:UARTIntEnable)
                  00006718    00000008                   : uart.obj (.text:UARTRxErrorGet)
                  00006720    00000008     drivers_tivaware.aem4f : UARTTiva.oem4f (.text:readSemCallback)
                  00006728    00000008     sysbios.aem4f : BIOS.obj (.text:ti_sysbios_family_arm_lm4_Timer_masterDisable__I)
                  00006730    00000008                   : BIOS.obj (.text:ti_sysbios_family_arm_m3_Hwi_doSwiRestore__I)
                  00006738    00000008                   : BIOS.obj (.text:ti_sysbios_family_arm_m3_Hwi_startup__E)
                  00006740    00000008     drivers_tivaware.aem4f : UARTTiva.oem4f (.text:writeSemCallback)
                  00006748    00000006     driverlib.lib : gpio.obj (.text:GPIOPinWrite)
                  0000674e    00000006                   : uart.obj (.text:UARTFIFOLevelSet)
                  00006754    00000006                   : uart.obj (.text:UARTRxErrorClear)
                  0000675a    00000006     Boot.aem4f : Boot_sysctl.oem4f (.text:ti_catalog_arm_cortexm4_tiva_ce_Boot_sysCtlDelayI__I)
                  00006760    00000006     sysbios.aem4f : BIOS.obj (.text:ti_sysbios_family_arm_m3_Hwi_doTaskRestore__I)
                  00006766    00000002     --HOLE-- [fill = 0]
                  00006768    00000006                   : BIOS.obj (.text:ti_sysbios_family_arm_m3_Hwi_restoreFxn__E)
                  0000676e    00000002     --HOLE-- [fill = 0]
                  00006770    00000006                   : BIOS.obj (.text:ti_sysbios_gates_GateHwi_leave__E)
                  00006776    00000002     --HOLE-- [fill = 0]
                  00006778    00000006                   : BIOS.obj (.text:ti_sysbios_heaps_HeapMem_isBlocking__E)
                  0000677e    00000002     --HOLE-- [fill = 0]
                  00006780    00000006                   : BIOS.obj (.text:ti_sysbios_knl_Clock_stop__E)
                  00006786    00000002     --HOLE-- [fill = 0]
                  00006788    00000006                   : BIOS.obj (.text:ti_sysbios_knl_Queue_Instance_init__E)
                  0000678e    00000002     --HOLE-- [fill = 0]
                  00006790    00000006                   : BIOS.obj (.text:ti_sysbios_knl_Swi_startup__E)
                  00006796    00000006     ti.targets.arm.rtsarm.aem4f : System.oem4f (.text:xdc_runtime_System_Module_startup__E)
                  0000679c    00000004     --HOLE-- [fill = 0]
                  000067a0    00000004     sysbios.aem4f : BIOS.obj (.text:ti_sysbios_gates_GateHwi_query__E)
                  000067a4    00000004     --HOLE-- [fill = 0]
                  000067a8    00000004                   : BIOS.obj (.text:ti_sysbios_gates_GateMutex_query__E)
                  000067ac    00000004     --HOLE-- [fill = 0]
                  000067b0    00000004                   : BIOS.obj (.text:ti_sysbios_knl_Task_startup__E)
                  000067b4    00000004     --HOLE-- [fill = 0]
                  000067b8    00000002                   : BIOS.obj (.text:ti_sysbios_gates_GateHwi_Instance_init__E)
                  000067ba    00000006     --HOLE-- [fill = 0]
                  000067c0    00000002                   : BIOS.obj (.text:ti_sysbios_knl_Clock_logTick__E)

.const     0    000067c4    00002050     
                  000067c4    00001861     empty_pem4f.oem4f (.const:xdc_runtime_Text_charTab__A)
                  00008025    00000001     empty_pem4f.oem4f (.const:xdc_runtime_Error_policy__C)
                  00008026    000000bc     empty_pem4f.oem4f (.const:xdc_runtime_Text_nodeTab__A)
                  000080e2    00000002     empty_pem4f.oem4f (.const:ti_catalog_arm_cortexm4_tiva_ce_Boot_Module__id__C)
                  000080e4    00000090     driverlib.lib : gpio.obj (.const:g_pui32GPIOBaseAddrs)
                  00008174    00000054     drivers_tivaware.aem4f : GPIOTiva.oem4f (.const:.string)
                  000081c8    0000004c                            : UARTTiva.oem4f (.const)
                  00008214    00000048     empty_pem4f.oem4f (.const:.string)
                  0000825c    00000048     drivers_tivaware.aem4f : GPIOTiva.oem4f (.const:gpioBaseAddresses)
                  000082a4    0000003c     empty_pem4f.oem4f (.const:ti_sysbios_knl_Task_Object__PARAMS__C)
                  000082e0    00000030     empty_pem4f.oem4f (.const:ti_sysbios_family_arm_m3_Hwi_Object__PARAMS__C)
                  00008310    00000028     drivers_tivaware.aem4f : UARTTiva.oem4f (.const:UARTTiva_fxnTable)
                  00008338    00000028     empty_pem4f.oem4f (.const:ti_sysbios_heaps_HeapMem_Module__FXNS__C)
                  00008360    00000024     drivers_tivaware.aem4f : UART.oem4f (.const:UART_defaultParams)
                  00008384    00000024     empty_pem4f.oem4f (.const:ti_sysbios_gates_GateHwi_Module__FXNS__C)
                  000083a8    00000024     empty_pem4f.oem4f (.const:ti_sysbios_gates_GateMutex_Module__FXNS__C)
                  000083cc    00000024     empty_pem4f.oem4f (.const:ti_sysbios_heaps_HeapMem_Object__PARAMS__C)
                  000083f0    00000024     empty_pem4f.oem4f (.const:ti_sysbios_knl_Clock_Object__PARAMS__C)
                  00008414    00000024     empty_pem4f.oem4f (.const:ti_sysbios_knl_Semaphore_Object__PARAMS__C)
                  00008438    00000020     empty_pem4f.oem4f (.const:ti_sysbios_family_arm_m3_Hwi_Object__DESC__C)
                  00008458    00000020     empty_pem4f.oem4f (.const:ti_sysbios_gates_GateHwi_Object__DESC__C)
                  00008478    00000020     empty_pem4f.oem4f (.const:ti_sysbios_gates_GateMutex_Object__DESC__C)
                  00008498    00000020     empty_pem4f.oem4f (.const:ti_sysbios_heaps_HeapMem_Object__DESC__C)
                  000084b8    00000020     empty_pem4f.oem4f (.const:ti_sysbios_knl_Clock_Object__DESC__C)
                  000084d8    00000020     empty_pem4f.oem4f (.const:ti_sysbios_knl_Queue_Object__DESC__C)
                  000084f8    00000020     empty_pem4f.oem4f (.const:ti_sysbios_knl_Semaphore_Object__DESC__C)
                  00008518    00000020     empty_pem4f.oem4f (.const:ti_sysbios_knl_Task_Object__DESC__C)
                  00008538    00000020     empty_pem4f.oem4f (.const:xdc_runtime_Startup_sfxnTab__A)
                  00008558    00000018     EK_TM4C123GXL.obj (.const:UART_config)
                  00008570    00000018     empty_pem4f.oem4f (.const:ti_sysbios_gates_GateHwi_Object__PARAMS__C)
                  00008588    00000018     empty_pem4f.oem4f (.const:ti_sysbios_gates_GateMutex_Object__PARAMS__C)
                  000085a0    00000018     empty_pem4f.oem4f (.const:ti_sysbios_knl_Queue_Object__PARAMS__C)
                  000085b8    00000018     EK_TM4C123GXL.obj (.const:uartTivaHWAttrs)
                  000085d0    00000017     empty.obj (.const:.string:$P$T0$1)
                  000085e7    00000001     --HOLE-- [fill = 0]
                  000085e8    00000014     EK_TM4C123GXL.obj (.const:GPIOTiva_config)
                  000085fc    00000014     empty_pem4f.oem4f (.const:xdc_runtime_Startup_firstFxns__A)
                  00008610    00000010     empty_pem4f.oem4f (.const:xdc_runtime_Startup_sfxnRts__A)
                  00008620    00000008     empty_pem4f.oem4f (.const:ti_sysbios_family_arm_m3_Hwi_excHookFuncs__A)
                  00008628    00000008     empty_pem4f.oem4f (.const:ti_sysbios_knl_Idle_funcList__C)
                  00008630    00000008     empty_pem4f.oem4f (.const:xdc_runtime_Startup_firstFxns__C)
                  00008638    00000008     empty_pem4f.oem4f (.const:xdc_runtime_Startup_lastFxns__C)
                  00008640    00000004     empty_pem4f.oem4f (.const:ti_catalog_arm_cortexm4_tiva_ce_Boot_A_mustUseEnhancedClockMode__C)
                  00008644    00000004     empty_pem4f.oem4f (.const:ti_catalog_arm_cortexm4_tiva_ce_Boot_Module__diagsEnabled__C)
                  00008648    00000004     empty_pem4f.oem4f (.const:ti_catalog_arm_cortexm4_tiva_ce_Boot_Module__diagsIncluded__C)
                  0000864c    00000004     empty_pem4f.oem4f (.const:ti_catalog_arm_cortexm4_tiva_ce_Boot_Module__diagsMask__C)
                  00008650    00000004     empty_pem4f.oem4f (.const:ti_sysbios_family_arm_lm4_Timer_enableFunc__C)
                  00008654    00000004     empty_pem4f.oem4f (.const:ti_sysbios_family_arm_lm4_Timer_numTimerDevices__C)
                  00008658    00000004     empty_pem4f.oem4f (.const:ti_sysbios_family_arm_lm4_Timer_startupNeeded__C)
                  0000865c    00000004     empty_pem4f.oem4f (.const:ti_sysbios_family_arm_m3_Hwi_E_NMI__C)
                  00008660    00000004     empty_pem4f.oem4f (.const:ti_sysbios_family_arm_m3_Hwi_E_alreadyDefined__C)
                  00008664    00000004     empty_pem4f.oem4f (.const:ti_sysbios_family_arm_m3_Hwi_E_busFault__C)
                  00008668    00000004     empty_pem4f.oem4f (.const:ti_sysbios_family_arm_m3_Hwi_E_debugMon__C)
                  0000866c    00000004     empty_pem4f.oem4f (.const:ti_sysbios_family_arm_m3_Hwi_E_hardFault__C)
                  00008670    00000004     empty_pem4f.oem4f (.const:ti_sysbios_family_arm_m3_Hwi_E_memFault__C)
                  00008674    00000004     empty_pem4f.oem4f (.const:ti_sysbios_family_arm_m3_Hwi_E_noIsr__C)
                  00008678    00000004     empty_pem4f.oem4f (.const:ti_sysbios_family_arm_m3_Hwi_E_reserved__C)
                  0000867c    00000004     empty_pem4f.oem4f (.const:ti_sysbios_family_arm_m3_Hwi_E_svCall__C)
                  00008680    00000004     empty_pem4f.oem4f (.const:ti_sysbios_family_arm_m3_Hwi_E_usageFault__C)
                  00008684    00000004     empty_pem4f.oem4f (.const:ti_sysbios_family_arm_m3_Hwi_NUM_INTERRUPTS__C)
                  00008688    00000004     empty_pem4f.oem4f (.const:ti_sysbios_family_arm_m3_Hwi_Object__count__C)
                  0000868c    00000004     empty_pem4f.oem4f (.const:ti_sysbios_family_arm_m3_Hwi_ccr__C)
                  00008690    00000004     empty_pem4f.oem4f (.const:ti_sysbios_family_arm_m3_Hwi_excHandlerFunc__C)
                  00008694    00000004     empty_pem4f.oem4f (.const:ti_sysbios_family_arm_m3_Hwi_excHookFuncs__C)
                  00008698    00000004     empty_pem4f.oem4f (.const:ti_sysbios_family_arm_m3_Hwi_nullIsrFunc__C)
                  0000869c    00000004     empty_pem4f.oem4f (.const:ti_sysbios_family_arm_m3_Hwi_priGroup__C)
                  000086a0    00000004     empty_pem4f.oem4f (.const:ti_sysbios_family_arm_m3_TaskSupport_stackAlignment__C)
                  000086a4    00000004     empty_pem4f.oem4f (.const:ti_sysbios_gates_GateMutex_A_badContext__C)
                  000086a8    00000004     empty_pem4f.oem4f (.const:ti_sysbios_gates_GateMutex_Instance_State_sem__O)
                  000086ac    00000004     empty_pem4f.oem4f (.const:ti_sysbios_gates_GateMutex_Module__diagsEnabled__C)
                  000086b0    00000004     empty_pem4f.oem4f (.const:ti_sysbios_gates_GateMutex_Module__diagsIncluded__C)
                  000086b4    00000004     empty_pem4f.oem4f (.const:ti_sysbios_gates_GateMutex_Module__diagsMask__C)
                  000086b8    00000004     empty_pem4f.oem4f (.const:ti_sysbios_hal_Hwi_E_stackOverflow__C)
                  000086bc    00000004     empty_pem4f.oem4f (.const:ti_sysbios_heaps_HeapMem_A_align__C)
                  000086c0    00000004     empty_pem4f.oem4f (.const:ti_sysbios_heaps_HeapMem_A_heapSize__C)
                  000086c4    00000004     empty_pem4f.oem4f (.const:ti_sysbios_heaps_HeapMem_A_invalidFree__C)
                  000086c8    00000004     empty_pem4f.oem4f (.const:ti_sysbios_heaps_HeapMem_A_zeroBlock__C)
                  000086cc    00000004     empty_pem4f.oem4f (.const:ti_sysbios_heaps_HeapMem_E_memory__C)
                  000086d0    00000004     empty_pem4f.oem4f (.const:ti_sysbios_heaps_HeapMem_Module__diagsEnabled__C)
                  000086d4    00000004     empty_pem4f.oem4f (.const:ti_sysbios_heaps_HeapMem_Module__diagsIncluded__C)
                  000086d8    00000004     empty_pem4f.oem4f (.const:ti_sysbios_heaps_HeapMem_Module__diagsMask__C)
                  000086dc    00000004     empty_pem4f.oem4f (.const:ti_sysbios_heaps_HeapMem_Module__gateObj__C)
                  000086e0    00000004     empty_pem4f.oem4f (.const:ti_sysbios_heaps_HeapMem_Object__count__C)
                  000086e4    00000004     empty_pem4f.oem4f (.const:ti_sysbios_heaps_HeapMem_reqAlign__C)
                  000086e8    00000004     empty_pem4f.oem4f (.const:ti_sysbios_knl_Clock_A_badThreadType__C)
                  000086ec    00000004     empty_pem4f.oem4f (.const:ti_sysbios_knl_Clock_Module_State_clockQ__O)
                  000086f0    00000004     empty_pem4f.oem4f (.const:ti_sysbios_knl_Clock_Module__diagsEnabled__C)
                  000086f4    00000004     empty_pem4f.oem4f (.const:ti_sysbios_knl_Clock_Module__diagsIncluded__C)
                  000086f8    00000004     empty_pem4f.oem4f (.const:ti_sysbios_knl_Clock_Module__diagsMask__C)
                  000086fc    00000004     empty_pem4f.oem4f (.const:ti_sysbios_knl_Idle_funcList__A)
                  00008700    00000004     empty_pem4f.oem4f (.const:ti_sysbios_knl_Semaphore_A_badContext__C)
                  00008704    00000004     empty_pem4f.oem4f (.const:ti_sysbios_knl_Semaphore_A_noEvents__C)
                  00008708    00000004     empty_pem4f.oem4f (.const:ti_sysbios_knl_Semaphore_A_overflow__C)
                  0000870c    00000004     empty_pem4f.oem4f (.const:ti_sysbios_knl_Semaphore_A_pendTaskDisabled__C)
                  00008710    00000004     empty_pem4f.oem4f (.const:ti_sysbios_knl_Semaphore_Instance_State_pendQ__O)
                  00008714    00000004     empty_pem4f.oem4f (.const:ti_sysbios_knl_Semaphore_Module__diagsEnabled__C)
                  00008718    00000004     empty_pem4f.oem4f (.const:ti_sysbios_knl_Semaphore_Module__diagsIncluded__C)
                  0000871c    00000004     empty_pem4f.oem4f (.const:ti_sysbios_knl_Semaphore_Module__diagsMask__C)
                  00008720    00000004     empty_pem4f.oem4f (.const:ti_sysbios_knl_Swi_Object__count__C)
                  00008724    00000004     empty_pem4f.oem4f (.const:ti_sysbios_knl_Task_A_badPriority__C)
                  00008728    00000004     empty_pem4f.oem4f (.const:ti_sysbios_knl_Task_A_badTaskState__C)
                  0000872c    00000004     empty_pem4f.oem4f (.const:ti_sysbios_knl_Task_A_badThreadType__C)
                  00008730    00000004     empty_pem4f.oem4f (.const:ti_sysbios_knl_Task_A_badTimeout__C)
                  00008734    00000004     empty_pem4f.oem4f (.const:ti_sysbios_knl_Task_A_noPendElem__C)
                  00008738    00000004     empty_pem4f.oem4f (.const:ti_sysbios_knl_Task_A_sleepTaskDisabled__C)
                  0000873c    00000004     empty_pem4f.oem4f (.const:ti_sysbios_knl_Task_E_spOutOfBounds__C)
                  00008740    00000004     empty_pem4f.oem4f (.const:ti_sysbios_knl_Task_E_stackOverflow__C)
                  00008744    00000004     empty_pem4f.oem4f (.const:ti_sysbios_knl_Task_Module_State_inactiveQ__O)
                  00008748    00000004     empty_pem4f.oem4f (.const:ti_sysbios_knl_Task_Module__diagsEnabled__C)
                  0000874c    00000004     empty_pem4f.oem4f (.const:ti_sysbios_knl_Task_Module__diagsIncluded__C)
                  00008750    00000004     empty_pem4f.oem4f (.const:ti_sysbios_knl_Task_Module__diagsMask__C)
                  00008754    00000004     empty_pem4f.oem4f (.const:ti_sysbios_knl_Task_Object__count__C)
                  00008758    00000004     empty_pem4f.oem4f (.const:ti_sysbios_knl_Task_allBlockedFunc__C)
                  0000875c    00000004     empty_pem4f.oem4f (.const:ti_sysbios_knl_Task_defaultStackHeap__C)
                  00008760    00000004     empty_pem4f.oem4f (.const:ti_sysbios_knl_Task_defaultStackSize__C)
                  00008764    00000004     empty_pem4f.oem4f (.const:ti_sysbios_knl_Task_numConstructedTasks__C)
                  00008768    00000004     empty_pem4f.oem4f (.const:xdc_runtime_Assert_E_assertFailed__C)
                  0000876c    00000004     empty_pem4f.oem4f (.const:xdc_runtime_Core_A_initializedParams__C)
                  00008770    00000004     empty_pem4f.oem4f (.const:xdc_runtime_Core_Module__diagsEnabled__C)
                  00008774    00000004     empty_pem4f.oem4f (.const:xdc_runtime_Core_Module__diagsIncluded__C)
                  00008778    00000004     empty_pem4f.oem4f (.const:xdc_runtime_Core_Module__diagsMask__C)
                  0000877c    00000004     empty_pem4f.oem4f (.const:xdc_runtime_Error_E_memory__C)
                  00008780    00000004     empty_pem4f.oem4f (.const:xdc_runtime_Error_Module__diagsEnabled__C)
                  00008784    00000004     empty_pem4f.oem4f (.const:xdc_runtime_Error_Module__diagsIncluded__C)
                  00008788    00000004     empty_pem4f.oem4f (.const:xdc_runtime_Error_Module__diagsMask__C)
                  0000878c    00000004     empty_pem4f.oem4f (.const:xdc_runtime_Error_Module__loggerFxn8__C)
                  00008790    00000004     empty_pem4f.oem4f (.const:xdc_runtime_Error_Module__loggerObj__C)
                  00008794    00000004     empty_pem4f.oem4f (.const:xdc_runtime_Error_policyFxn__C)
                  00008798    00000004     empty_pem4f.oem4f (.const:xdc_runtime_Error_raiseHook__C)
                  0000879c    00000004     empty_pem4f.oem4f (.const:xdc_runtime_IGateProvider_Interface__BASE__C)
                  000087a0    00000004     empty_pem4f.oem4f (.const:xdc_runtime_IHeap_Interface__BASE__C)
                  000087a4    00000004     empty_pem4f.oem4f (.const:xdc_runtime_IModule_Interface__BASE__C)
                  000087a8    00000004     empty_pem4f.oem4f (.const:xdc_runtime_Log_L_error__C)
                  000087ac    00000004     empty_pem4f.oem4f (.const:xdc_runtime_Memory_defaultHeapInstance__C)
                  000087b0    00000004     empty_pem4f.oem4f (.const:xdc_runtime_Startup_execImpl__C)
                  000087b4    00000004     empty_pem4f.oem4f (.const:xdc_runtime_Startup_maxPasses__C)
                  000087b8    00000004     empty_pem4f.oem4f (.const:xdc_runtime_Startup_sfxnRts__C)
                  000087bc    00000004     empty_pem4f.oem4f (.const:xdc_runtime_Startup_sfxnTab__C)
                  000087c0    00000004     empty_pem4f.oem4f (.const:xdc_runtime_SysMin_bufSize__C)
                  000087c4    00000004     empty_pem4f.oem4f (.const:xdc_runtime_SysMin_outputFunc__C)
                  000087c8    00000004     empty_pem4f.oem4f (.const:xdc_runtime_System_Module__gateObj__C)
                  000087cc    00000004     empty_pem4f.oem4f (.const:xdc_runtime_System_abortFxn__C)
                  000087d0    00000004     empty_pem4f.oem4f (.const:xdc_runtime_System_exitFxn__C)
                  000087d4    00000004     empty_pem4f.oem4f (.const:xdc_runtime_System_extendFxn__C)
                  000087d8    00000004     empty_pem4f.oem4f (.const:xdc_runtime_System_maxAtexitHandlers__C)
                  000087dc    00000004     empty_pem4f.oem4f (.const:xdc_runtime_Text_charTab__C)
                  000087e0    00000004     empty_pem4f.oem4f (.const:xdc_runtime_Text_nameEmpty__C)
                  000087e4    00000004     empty_pem4f.oem4f (.const:xdc_runtime_Text_nameStatic__C)
                  000087e8    00000004     empty_pem4f.oem4f (.const:xdc_runtime_Text_nameUnknown__C)
                  000087ec    00000004     empty_pem4f.oem4f (.const:xdc_runtime_Text_nodeTab__C)
                  000087f0    00000004     empty_pem4f.oem4f (.const:xdc_runtime_Text_visitRopeFxn__C)
                  000087f4    00000002     empty_pem4f.oem4f (.const:ti_sysbios_family_arm_m3_Hwi_Module__id__C)
                  000087f6    00000002     empty_pem4f.oem4f (.const:ti_sysbios_gates_GateMutex_Module__id__C)
                  000087f8    00000002     empty_pem4f.oem4f (.const:ti_sysbios_hal_Hwi_Module__id__C)
                  000087fa    00000002     empty_pem4f.oem4f (.const:ti_sysbios_heaps_HeapMem_Module__id__C)
                  000087fc    00000002     empty_pem4f.oem4f (.const:ti_sysbios_knl_Clock_Module__id__C)
                  000087fe    00000002     empty_pem4f.oem4f (.const:ti_sysbios_knl_Semaphore_Module__id__C)
                  00008800    00000002     empty_pem4f.oem4f (.const:ti_sysbios_knl_Task_Module__id__C)
                  00008802    00000002     empty_pem4f.oem4f (.const:xdc_runtime_Core_Module__id__C)
                  00008804    00000002     empty_pem4f.oem4f (.const:xdc_runtime_Error_Module__loggerDefined__C)
                  00008806    00000002     empty_pem4f.oem4f (.const:xdc_runtime_Error_maxDepth__C)
                  00008808    00000002     empty_pem4f.oem4f (.const:xdc_runtime_Memory_Module__id__C)
                  0000880a    00000002     empty_pem4f.oem4f (.const:xdc_runtime_SysMin_flushAtExit__C)
                  0000880c    00000002     empty_pem4f.oem4f (.const:xdc_runtime_Text_charCnt__C)
                  0000880e    00000002     empty_pem4f.oem4f (.const:xdc_runtime_Text_isLoaded__C)
                  00008810    00000002     empty_pem4f.oem4f (.const:xdc_runtime_Text_registryModsLastId__C)
                  00008812    00000002     empty_pem4f.oem4f (.const:xdc_runtime_Text_unnamedModsLastId__C)

.cinit     0    00008818    00000208     
                  00008818    000001d4     (.cinit..data.load) [load image, compression = lzss]
                  000089ec    0000000c     (__TI_handler_table)
                  000089f8    00000008     (.cinit..bss.load) [load image, compression = zero_init]
                  00008a00    00000008     (.cinit..vecs.load) [load image, compression = zero_init]
                  00008a08    00000018     (__TI_cinit_table)

.init_array 
*          0    00000000    00000000     UNINITIALIZED

.resetVecs 
*          0    00000000    0000003c     
                  00000000    0000003c     empty_pem4f.oem4f (.resetVecs)

.vecs      0    20000000    00000360     UNINITIALIZED
                  20000000    00000360     empty_pem4f.oem4f (.vecs)

.bss       0    20000360    00001978     UNINITIALIZED
                  20000360    00000400     (.common:ti_sysbios_heaps_HeapMem_Instance_State_0_buf__A)
                  20000760    00000360     (.common:ti_sysbios_family_arm_m3_Hwi_dispatchTable)
                  20000ac0    00000300     (.common:task0Stack)
                  20000dc0    00000300     (.common:task1Stack)
                  200010c0    00000300     (.common:task2Stack)
                  200013c0    00000300     (.common:task3Stack)
                  200016c0    00000200     empty_pem4f.oem4f (.bss:taskStackSection)
                  200018c0    00000120     rtsv7M4_T_le_v4SPD16_eabi.lib : trgmsg.obj (.bss:_CIOBUF_)
                  200019e0    000000cc     (.common:uartTivaObjects)
                  20001aac    00000090     drivers_tivaware.aem4f : GPIOTiva.oem4f (.bss:gpioCallbackInfo)
                  20001b3c    00000080     (.common:xdc_runtime_SysMin_Module_State_0_outbuf__A)
                  20001bbc    00000050     (.common:task0Struct)
                  20001c0c    00000050     (.common:task1Struct)
                  20001c5c    00000050     (.common:task2Struct)
                  20001cac    00000020     (.common:uartTivaRingBuffer)
                  20001ccc    00000008     rtsv7M4_T_le_v4SPD16_eabi.lib : trgdrv.obj (.bss:parmbuf)
                  20001cd4    00000004     (.common:gpioInterruptVectors)

.data      0    20001cd8    0000041e     UNINITIALIZED
                  20001cd8    00000080     empty_pem4f.oem4f (.data:ti_sysbios_knl_Swi_Module_State_0_readyQ__A)
                  20001d58    00000080     empty_pem4f.oem4f (.data:ti_sysbios_knl_Task_Module_State_0_readyQ__A)
                  20001dd8    0000004c     empty_pem4f.oem4f (.data:ti_sysbios_knl_Task_Object__table__V)
                  20001e24    00000044     empty_pem4f.oem4f (.data:ti_sysbios_knl_Task_Module__state__V)
                  20001e68    00000040     empty_pem4f.oem4f (.data:ti_sysbios_family_arm_lm4_Timer_Object__table__V)
                  20001ea8    00000038     empty_pem4f.oem4f (.data:ti_sysbios_gates_GateMutex_Object__table__V)
                  20001ee0    00000034     empty_pem4f.oem4f (.data:ti_sysbios_family_arm_m3_Hwi_Module__state__V)
                  20001f14    00000030     empty_pem4f.oem4f (.data:ti_sysbios_family_arm_lm4_Timer_Module_State_0_device__A)
                  20001f44    00000030     empty_pem4f.oem4f (.data:ti_sysbios_knl_Swi_Object__table__V)
                  20001f74    0000002c     empty_pem4f.oem4f (.data:ti_sysbios_knl_Clock_Module__state__V)
                  20001fa0    00000024     empty_pem4f.oem4f (.data:ti_sysbios_BIOS_Module__state__V)
                  20001fc4    0000001c     empty_pem4f.oem4f (.data:ti_sysbios_knl_Swi_Module__state__V)
                  20001fe0    00000018     empty_pem4f.oem4f (.data:ti_sysbios_family_arm_lm4_Timer_Module_State_0_handles__A)
                  20001ff8    00000018     empty_pem4f.oem4f (.data:ti_sysbios_family_arm_m3_Hwi_Object__table__V)
                  20002010    00000018     empty_pem4f.oem4f (.data:ti_sysbios_heaps_HeapMem_Object__table__V)
                  20002028    00000014     EK_TM4C123GXL.obj (.data:gpioPinConfigs)
                  2000203c    0000000c     rtsv7M4_T_le_v4SPD16_eabi.lib : exit.obj (.data:$O1$$)
                  20002048    0000000c     empty_pem4f.oem4f (.data:ti_sysbios_family_arm_lm4_Timer_Module__state__V)
                  20002054    0000000c     empty_pem4f.oem4f (.data:xdc_runtime_SysMin_Module__state__V)
                  20002060    00000008     rtsv7M4_T_le_v4SPD16_eabi.lib : _lock.obj (.data:$O1$$)
                  20002068    00000008     EK_TM4C123GXL.obj (.data:gpioCallbackFunctions)
                  20002070    00000008     empty_pem4f.oem4f (.data:ti_sysbios_family_arm_m3_Hwi_Module__root__V)
                  20002078    00000008     empty_pem4f.oem4f (.data:ti_sysbios_gates_GateHwi_Module__root__V)
                  20002080    00000008     empty_pem4f.oem4f (.data:ti_sysbios_gates_GateMutex_Module__root__V)
                  20002088    00000008     empty_pem4f.oem4f (.data:ti_sysbios_heaps_HeapMem_Module__root__V)
                  20002090    00000008     empty_pem4f.oem4f (.data:ti_sysbios_knl_Clock_Module__root__V)
                  20002098    00000008     empty_pem4f.oem4f (.data:ti_sysbios_knl_Queue_Module__root__V)
                  200020a0    00000008     empty_pem4f.oem4f (.data:ti_sysbios_knl_Semaphore_Module__root__V)
                  200020a8    00000008     empty_pem4f.oem4f (.data:ti_sysbios_knl_Task_Module__root__V)
                  200020b0    00000008     empty_pem4f.oem4f (.data:xdc_runtime_Registry_Module__state__V)
                  200020b8    00000008     empty_pem4f.oem4f (.data:xdc_runtime_Startup_Module__state__V)
                  200020c0    00000008     empty_pem4f.oem4f (.data:xdc_runtime_System_Module_State_0_atexitHandlers__A)
                  200020c8    00000008     empty_pem4f.oem4f (.data:xdc_runtime_System_Module__state__V)
                  200020d0    00000005     drivers_tivaware.aem4f : GPIOTiva.oem4f (.data)
                  200020d5    00000001     --HOLE--
                  200020d6    00000002     empty_pem4f.oem4f (.data:ti_sysbios_family_arm_m3_Hwi_Module_State_0_excActive__A)
                  200020d8    00000004     drivers_tivaware.aem4f : UART.oem4f (.data)
                  200020dc    00000004     rtsv7M4_T_le_v4SPD16_eabi.lib : stkdepth_vars.obj (.data)
                  200020e0    00000004     empty_pem4f.oem4f (.data:ti_sysbios_family_arm_m3_Hwi_Module_State_0_excContext__A)
                  200020e4    00000004     empty_pem4f.oem4f (.data:ti_sysbios_family_arm_m3_Hwi_Module_State_0_excStack__A)
                  200020e8    00000004     empty_pem4f.oem4f (.data:ti_sysbios_gates_GateHwi_Object__table__V)
                  200020ec    00000004     empty_pem4f.oem4f (.data:ti_sysbios_knl_Task_Module_State_0_idleTask__A)
                  200020f0    00000004     empty_pem4f.oem4f (.data:xdc_runtime_Memory_Module__state__V)
                  200020f4    00000002     empty_pem4f.oem4f (.data:xdc_runtime_Error_Module__state__V)

.stack     0    200020f8    00000300     UNINITIALIZED
                  200020f8    00000300     --HOLE--

.bootVecs 
*          0    00000000    00000008     DSECT
                  00000000    00000008     boot.aem4f : boot.oem4f (.bootVecs)

xdc.meta   0    00000000    000000f1     COPY SECTION
                  00000000    000000f1     empty_pem4f.oem4f (xdc.meta)

MODULE SUMMARY

       Module                     code    ro data   rw data
       ------                     ----    -------   -------
    .\
       empty.obj                  626     23        3312   
       EK_TM4C123GXL.obj          156     68        264    
    +--+--------------------------+-------+---------+---------+
       Total:                     782     91        3576   
                                                           
    C:\Users\haffizi\Desktop\ecen3360\empty_EK_TM4C123GXL_TI\Debug\configPkg\package\cfg\
       empty_pem4f.oem4f          1886    7788      4384   
    +--+--------------------------+-------+---------+---------+
       Total:                     1886    7788      4384   
                                                           
    C:/ti/tirtos_tivac_2_16_00_08/products/TivaWare_C_Series-2.1.1.71b/driverlib/ccs/Debug/driverlib.lib
       gpio.obj                   572     144       0      
       uart.obj                   226     0         0      
       sysctl.obj                 52      0         0      
    +--+--------------------------+-------+---------+---------+
       Total:                     850     144       0      
                                                           
    C:/ti/tirtos_tivac_2_16_00_08/products/tidrivers_tivac_2_16_00_08/packages/ti/drivers/lib/drivers_tivaware.aem4f
       UARTTiva.oem4f             2262    116       0      
       GPIOTiva.oem4f             844     156       153    
       UART.oem4f                 148     36        4      
       RingBuf.oem4f              164     0         0      
    +--+--------------------------+-------+---------+---------+
       Total:                     3418    308       157    
                                                           
    C:\Users\haffizi\Desktop\ecen3360\empty_EK_TM4C123GXL_TI\src\sysbios\sysbios.aem4f
       BIOS.obj                   12464   0         0      
       m3_Hwi_asm.obj             314     0         0      
       m3_TaskSupport_asm.obj     180     0         0      
       m3_Hwi_asm_switch.obj      118     0         0      
    +--+--------------------------+-------+---------+---------+
       Total:                     13076   0         0      
                                                           
    C:\ti\ccsv7\tools\compiler\ti-cgt-arm_16.9.3.LTS\lib\rtsv7M4_T_le_v4SPD16_eabi.lib
       trgdrv.obj                 804     0         8      
       trgmsg.obj                 104     0         288    
       memcpy_t2.obj              156     0         0      
       memset_t2.obj              122     0         0      
       copy_decompress_lzss.obj   104     0         0      
       exit.obj                   84      0         12     
       cpy_tbl.obj                76      0         0      
       u_divt2.obj                64      0         0      
       _lock.obj                  20      0         8      
       args_main.obj              24      0         0      
       strcpy.obj                 20      0         0      
       strlen.obj                 20      0         0      
       copy_decompress_none.obj   14      0         0      
       copy_zero_init.obj         12      0         0      
       stkdepth_vars.obj          0       0         4      
       i_div0.obj                 2       0         0      
    +--+--------------------------+-------+---------+---------+
       Total:                     1626    0         320    
                                                           
    C:\ti\tirtos_tivac_2_16_00_08\products\bios_6_45_01_29\packages\ti\catalog\arm\cortexm4\tiva\ce\lib\Boot.aem4f
       Boot_sysctl.oem4f          262     0         0      
       Boot.oem4f                 152     0         0      
    +--+--------------------------+-------+---------+---------+
       Total:                     414     0         0      
                                                           
    C:\ti\tirtos_tivac_2_16_00_08\products\bios_6_45_01_29\packages\ti\targets\arm\rtsarm\lib\auto_init.aem4f
       auto_init.oem4f            160     0         0      
    +--+--------------------------+-------+---------+---------+
       Total:                     160     0         0      
                                                           
    C:\ti\tirtos_tivac_2_16_00_08\products\bios_6_45_01_29\packages\ti\targets\arm\rtsarm\lib\boot.aem4f
       boot.oem4f                 88      0         0      
    +--+--------------------------+-------+---------+---------+
       Total:                     88      0         0      
                                                           
    C:\ti\tirtos_tivac_2_16_00_08\products\bios_6_45_01_29\packages\ti\targets\arm\rtsarm\lib\ti.targets.arm.rtsarm.aem4f
       System.oem4f               1255    0         0      
       Text.oem4f                 672     0         0      
       Error.oem4f                524     0         0      
       Core-mem.oem4f             358     0         0      
       Startup.oem4f              328     0         0      
       SysMin.oem4f               248     0         0      
       Core-smem.oem4f            204     0         0      
       Memory.oem4f               176     0         0      
       Assert.oem4f               84      0         0      
       Core-params.oem4f          70      0         0      
       Core-label.oem4f           52      0         0      
       Registry.oem4f             32      0         0      
       Gate.oem4f                 28      0         0      
    +--+--------------------------+-------+---------+---------+
       Total:                     4031    0         0      
                                                           
       Stack:                     0       0         768    
       Linker Generated:          0       520       0      
    +--+--------------------------+-------+---------+---------+
       Grand Total:               26331   8851      9205   


LINKER GENERATED COPY TABLES

__TI_cinit_table @ 00008a08 records: 3, size/record: 8, table size: 24
	.data: load addr=00008818, load size=000001d4 bytes, run addr=20001cd8, run size=0000041e bytes, compression=lzss
	.bss: load addr=000089f8, load size=00000008 bytes, run addr=20000360, run size=00001978 bytes, compression=zero_init
	.vecs: load addr=00008a00, load size=00000008 bytes, run addr=20000000, run size=00000360 bytes, compression=zero_init


LINKER GENERATED HANDLER TABLE

__TI_handler_table @ 000089ec records: 3, size/record: 4, table size: 12
	index: 0, handler: __TI_decompress_lzss
	index: 1, handler: __TI_decompress_none
	index: 2, handler: __TI_zero_init


GLOBAL SYMBOLS: SORTED ALPHABETICALLY BY Name 

address   name                                                              
-------   ----                                                              
00004b8d  C$$EXIT                                                           
000044a7  C$$IO$$                                                           
0000590d  EK_TM4C123GXL_initGPIO                                            
00005411  EK_TM4C123GXL_initGeneral                                         
00005b81  EK_TM4C123GXL_initUART                                            
00005c61  GPIODirModeSet                                                    
00004093  GPIOIntClear                                                      
00006569  GPIOIntStatus                                                     
00004ae1  GPIOIntTypeSet                                                    
00002595  GPIOPadConfigSet                                                  
0000503d  GPIOPinConfigure                                                  
0000644b  GPIOPinRead                                                       
00006415  GPIOPinTypeGPIOInput                                              
00006427  GPIOPinTypeUART                                                   
00006749  GPIOPinWrite                                                      
000085e8  GPIOTiva_config                                                   
00004549  GPIO_hwiIntFxn                                                    
00003bdd  GPIO_init                                                         
00004c89  GPIO_setCallback                                                  
00002085  GPIO_setConfig                                                    
00004cd9  GPIO_toggle                                                       
00004d29  GPIO_write                                                        
00000a97  HOSTclock                                                         
00000a5f  HOSTclose                                                         
00000a21  HOSTgetenv                                                        
000009c5  HOSTlseek                                                         
00000973  HOSTopen                                                          
00000927  HOSTread                                                          
000008c9  HOSTrename                                                        
0000088f  HOSTtime                                                          
00000841  HOSTtime64                                                        
00000809  HOSTunlink                                                        
000007bd  HOSTwrite                                                         
00006439  RingBuf_construct                                                 
00005451  RingBuf_get                                                       
000065cd  RingBuf_peek                                                      
00005161  RingBuf_put                                                       
UNDEFED   SHT$$INIT_ARRAY$$Base                                             
UNDEFED   SHT$$INIT_ARRAY$$Limit                                            
00005761  SysCtlPeripheralEnable                                            
000066c1  UARTCharGet                                                       
00006577  UARTCharGetNonBlocking                                            
000066cb  UARTCharPut                                                       
00006585  UARTCharPutNonBlocking                                            
00005349  UARTConfigSetExpClk                                               
00006021  UARTDisable                                                       
0000635b  UARTEnable                                                        
0000674f  UARTFIFOLevelSet                                                  
000065d9  UARTFlowControlSet                                                
00001875  UARTIntClear                                                      
000066d5  UARTIntDisable                                                    
00006711  UARTIntEnable                                                     
000066df  UARTIntStatus                                                     
00006755  UARTRxErrorClear                                                  
00006719  UARTRxErrorGet                                                    
00004eb9  UARTTiva_close                                                    
00003c69  UARTTiva_control                                                  
00008310  UARTTiva_fxnTable                                                 
000065e5  UARTTiva_init                                                     
0000146d  UARTTiva_open                                                     
00005491  UARTTiva_read                                                     
00005729  UARTTiva_readCancel                                               
000038e7  UARTTiva_readPolling                                              
00003a19  UARTTiva_write                                                    
00004d79  UARTTiva_writeCancel                                              
000053cd  UARTTiva_writePolling                                             
0000620d  UART_Params_init                                                  
00008558  UART_config                                                       
00008360  UART_defaultParams                                                
0000560d  UART_init                                                         
0000593d  UART_open                                                         
000066e9  UART_read                                                         
000066f3  UART_write                                                        
00000000  __ASM__                                                           
200018c0  __CIOBUF_                                                         
0000006f  __ISA__                                                           
00000082  __PLAT__                                                          
200023f8  __STACK_END                                                       
00000300  __STACK_SIZE                                                      
000000a3  __TARG__                                                          
00008a08  __TI_CINIT_Base                                                   
00008a20  __TI_CINIT_Limit                                                  
000089ec  __TI_Handler_Table_Base                                           
000089f8  __TI_Handler_Table_Limit                                          
000035d5  __TI_auto_init                                                    
2000203c  __TI_cleanup_ptr                                                  
00004411  __TI_decompress_lzss                                              
00006593  __TI_decompress_none                                              
20002040  __TI_dtors_ptr                                                    
20002044  __TI_enable_exit_profile_output                                   
ffffffff  __TI_pprof_out_hndl                                               
ffffffff  __TI_prof_data_size                                               
ffffffff  __TI_prof_data_start                                              
[...]
0000674f  UARTFIFOLevelSet                                                  
00006755  UARTRxErrorClear                                                  
0000675b  ti_catalog_arm_cortexm4_tiva_ce_Boot_sysCtlDelayI__I              
00006761  ti_sysbios_family_arm_m3_Hwi_doTaskRestore__I                     
00006769  ti_sysbios_family_arm_m3_Hwi_restoreFxn__E                        
00006769  ti_sysbios_hal_Hwi_HwiProxy_restore__E                            
00006771  ti_sysbios_gates_GateHwi_leave__E                                 
00006779  ti_sysbios_heaps_HeapMem_isBlocking__E                            
00006781  ti_sysbios_knl_Clock_stop__E                                      
00006789  ti_sysbios_knl_Queue_Instance_init__E                             
00006791  ti_sysbios_knl_Swi_startup__E                                     
00006797  xdc_runtime_System_Module_startup__E                              
000067a1  ti_sysbios_gates_GateHwi_query__E                                 
000067a1  xdc_runtime_Main_Module_GateProxy_query__E                        
000067a1  xdc_runtime_System_Module_GateProxy_query__E                      
000067a9  ti_sysbios_BIOS_RtsGateProxy_query__E                             
000067a9  ti_sysbios_gates_GateMutex_query__E                               
000067a9  ti_sysbios_heaps_HeapMem_Module_GateProxy_query__E                
000067b1  ti_sysbios_knl_Task_startup__E                                    
000067b9  ti_sysbios_gates_GateHwi_Instance_init__E                         
000067c1  ti_sysbios_knl_Clock_logTick__E                                   
000067c4  xdc_runtime_Text_charTab__A                                       
00008025  xdc_runtime_Error_policy__C                                       
00008026  xdc_runtime_Text_nodeTab__A                                       
000080e2  ti_catalog_arm_cortexm4_tiva_ce_Boot_Module__id__C                
000082a4  ti_sysbios_knl_Task_Object__PARAMS__C                             
000082e0  ti_sysbios_family_arm_m3_Hwi_Object__PARAMS__C                    
00008310  UARTTiva_fxnTable                                                 
00008338  ti_sysbios_heaps_HeapMem_Module__FXNS__C                          
00008360  UART_defaultParams                                                
00008384  ti_sysbios_gates_GateHwi_Module__FXNS__C                          
000083a8  ti_sysbios_gates_GateMutex_Module__FXNS__C                        
000083cc  ti_sysbios_heaps_HeapMem_Object__PARAMS__C                        
000083f0  ti_sysbios_knl_Clock_Object__PARAMS__C                            
00008414  ti_sysbios_knl_Semaphore_Object__PARAMS__C                        
00008438  ti_sysbios_family_arm_m3_Hwi_Object__DESC__C                      
00008458  ti_sysbios_gates_GateHwi_Object__DESC__C                          
00008478  ti_sysbios_gates_GateMutex_Object__DESC__C                        
00008498  ti_sysbios_heaps_HeapMem_Object__DESC__C                          
000084b8  ti_sysbios_knl_Clock_Object__DESC__C                              
000084d8  ti_sysbios_knl_Queue_Object__DESC__C                              
000084f8  ti_sysbios_knl_Semaphore_Object__DESC__C                          
00008518  ti_sysbios_knl_Task_Object__DESC__C                               
00008538  xdc_runtime_Startup_sfxnTab__A                                    
00008558  UART_config                                                       
00008570  ti_sysbios_gates_GateHwi_Object__PARAMS__C                        
00008588  ti_sysbios_gates_GateMutex_Object__PARAMS__C                      
000085a0  ti_sysbios_knl_Queue_Object__PARAMS__C                            
000085b8  uartTivaHWAttrs                                                   
000085e8  GPIOTiva_config                                                   
000085fc  xdc_runtime_Startup_firstFxns__A                                  
00008610  xdc_runtime_Startup_sfxnRts__A                                    
00008620  ti_sysbios_family_arm_m3_Hwi_excHookFuncs__A                      
00008628  ti_sysbios_knl_Idle_funcList__C                                   
00008630  xdc_runtime_Startup_firstFxns__C                                  
00008638  xdc_runtime_Startup_lastFxns__C                                   
00008640  ti_catalog_arm_cortexm4_tiva_ce_Boot_A_mustUseEnhancedClockMode__C
00008644  ti_catalog_arm_cortexm4_tiva_ce_Boot_Module__diagsEnabled__C      
00008648  ti_catalog_arm_cortexm4_tiva_ce_Boot_Module__diagsIncluded__C     
0000864c  ti_catalog_arm_cortexm4_tiva_ce_Boot_Module__diagsMask__C         
00008650  ti_sysbios_family_arm_lm4_Timer_enableFunc__C                     
00008654  ti_sysbios_family_arm_lm4_Timer_numTimerDevices__C                
00008658  ti_sysbios_family_arm_lm4_Timer_startupNeeded__C                  
0000865c  ti_sysbios_family_arm_m3_Hwi_E_NMI__C                             
00008660  ti_sysbios_family_arm_m3_Hwi_E_alreadyDefined__C                  
00008664  ti_sysbios_family_arm_m3_Hwi_E_busFault__C                        
00008668  ti_sysbios_family_arm_m3_Hwi_E_debugMon__C                        
0000866c  ti_sysbios_family_arm_m3_Hwi_E_hardFault__C                       
00008670  ti_sysbios_family_arm_m3_Hwi_E_memFault__C                        
00008674  ti_sysbios_family_arm_m3_Hwi_E_noIsr__C                           
00008678  ti_sysbios_family_arm_m3_Hwi_E_reserved__C                        
0000867c  ti_sysbios_family_arm_m3_Hwi_E_svCall__C                          
00008680  ti_sysbios_family_arm_m3_Hwi_E_usageFault__C                      
00008684  ti_sysbios_family_arm_m3_Hwi_NUM_INTERRUPTS__C                    
00008688  ti_sysbios_family_arm_m3_Hwi_Object__count__C                     
0000868c  ti_sysbios_family_arm_m3_Hwi_ccr__C                               
00008690  ti_sysbios_family_arm_m3_Hwi_excHandlerFunc__C                    
00008694  ti_sysbios_family_arm_m3_Hwi_excHookFuncs__C                      
00008698  ti_sysbios_family_arm_m3_Hwi_nullIsrFunc__C                       
0000869c  ti_sysbios_family_arm_m3_Hwi_priGroup__C                          
000086a0  ti_sysbios_family_arm_m3_TaskSupport_stackAlignment__C            
000086a4  ti_sysbios_gates_GateMutex_A_badContext__C                        
000086a8  ti_sysbios_gates_GateMutex_Instance_State_sem__O                  
000086ac  ti_sysbios_gates_GateMutex_Module__diagsEnabled__C                
000086b0  ti_sysbios_gates_GateMutex_Module__diagsIncluded__C               
000086b4  ti_sysbios_gates_GateMutex_Module__diagsMask__C                   
000086b8  ti_sysbios_hal_Hwi_E_stackOverflow__C                             
000086bc  ti_sysbios_heaps_HeapMem_A_align__C                               
000086c0  ti_sysbios_heaps_HeapMem_A_heapSize__C                            
000086c4  ti_sysbios_heaps_HeapMem_A_invalidFree__C                         
000086c8  ti_sysbios_heaps_HeapMem_A_zeroBlock__C                           
000086cc  ti_sysbios_heaps_HeapMem_E_memory__C                              
000086d0  ti_sysbios_heaps_HeapMem_Module__diagsEnabled__C                  
000086d4  ti_sysbios_heaps_HeapMem_Module__diagsIncluded__C                 
000086d8  ti_sysbios_heaps_HeapMem_Module__diagsMask__C                     
000086dc  ti_sysbios_heaps_HeapMem_Module__gateObj__C                       
000086e0  ti_sysbios_heaps_HeapMem_Object__count__C                         
000086e4  ti_sysbios_heaps_HeapMem_reqAlign__C                              
000086e8  ti_sysbios_knl_Clock_A_badThreadType__C                           
000086ec  ti_sysbios_knl_Clock_Module_State_clockQ__O                       
000086f0  ti_sysbios_knl_Clock_Module__diagsEnabled__C                      
000086f4  ti_sysbios_knl_Clock_Module__diagsIncluded__C                     
000086f8  ti_sysbios_knl_Clock_Module__diagsMask__C                         
000086fc  ti_sysbios_knl_Idle_funcList__A                                   
00008700  ti_sysbios_knl_Semaphore_A_badContext__C                          
00008704  ti_sysbios_knl_Semaphore_A_noEvents__C                            
00008708  ti_sysbios_knl_Semaphore_A_overflow__C                            
0000870c  ti_sysbios_knl_Semaphore_A_pendTaskDisabled__C                    
00008710  ti_sysbios_knl_Semaphore_Instance_State_pendQ__O                  
00008714  ti_sysbios_knl_Semaphore_Module__diagsEnabled__C                  
00008718  ti_sysbios_knl_Semaphore_Module__diagsIncluded__C                 
0000871c  ti_sysbios_knl_Semaphore_Module__diagsMask__C                     
00008720  ti_sysbios_knl_Swi_Object__count__C                               
00008724  ti_sysbios_knl_Task_A_badPriority__C                              
00008728  ti_sysbios_knl_Task_A_badTaskState__C                             
0000872c  ti_sysbios_knl_Task_A_badThreadType__C                            
00008730  ti_sysbios_knl_Task_A_badTimeout__C                               
00008734  ti_sysbios_knl_Task_A_noPendElem__C                               
00008738  ti_sysbios_knl_Task_A_sleepTaskDisabled__C                        
0000873c  ti_sysbios_knl_Task_E_spOutOfBounds__C                            
00008740  ti_sysbios_knl_Task_E_stackOverflow__C                            
00008744  ti_sysbios_knl_Task_Module_State_inactiveQ__O                     
00008748  ti_sysbios_knl_Task_Module__diagsEnabled__C                       
0000874c  ti_sysbios_knl_Task_Module__diagsIncluded__C                      
00008750  ti_sysbios_knl_Task_Module__diagsMask__C                          
00008754  ti_sysbios_knl_Task_Object__count__C                              
00008758  ti_sysbios_knl_Task_allBlockedFunc__C                             
0000875c  ti_sysbios_knl_Task_defaultStackHeap__C                           
00008760  ti_sysbios_knl_Task_defaultStackSize__C                           
00008764  ti_sysbios_knl_Task_numConstructedTasks__C                        
00008768  xdc_runtime_Assert_E_assertFailed__C                              
0000876c  xdc_runtime_Core_A_initializedParams__C                           
00008770  xdc_runtime_Core_Module__diagsEnabled__C                          
00008774  xdc_runtime_Core_Module__diagsIncluded__C                         
00008778  xdc_runtime_Core_Module__diagsMask__C                             
0000877c  xdc_runtime_Error_E_memory__C                                     
00008780  xdc_runtime_Error_Module__diagsEnabled__C                         
00008784  xdc_runtime_Error_Module__diagsIncluded__C                        
00008788  xdc_runtime_Error_Module__diagsMask__C                            
0000878c  xdc_runtime_Error_Module__loggerFxn8__C                           
00008790  xdc_runtime_Error_Module__loggerObj__C                            
00008794  xdc_runtime_Error_policyFxn__C                                    
00008798  xdc_runtime_Error_raiseHook__C                                    
0000879c  xdc_runtime_IGateProvider_Interface__BASE__C                      
000087a0  xdc_runtime_IHeap_Interface__BASE__C                              
000087a4  xdc_runtime_IModule_Interface__BASE__C                            
000087a8  xdc_runtime_Log_L_error__C                                        
000087ac  xdc_runtime_Memory_defaultHeapInstance__C                         
000087b0  xdc_runtime_Startup_execImpl__C                                   
000087b4  xdc_runtime_Startup_maxPasses__C                                  
000087b8  xdc_runtime_Startup_sfxnRts__C                                    
000087bc  xdc_runtime_Startup_sfxnTab__C                                    
000087c0  xdc_runtime_SysMin_bufSize__C                                     
000087c4  xdc_runtime_SysMin_outputFunc__C                                  
000087c8  xdc_runtime_System_Module__gateObj__C                             
000087cc  xdc_runtime_System_abortFxn__C                                    
000087d0  xdc_runtime_System_exitFxn__C                                     
000087d4  xdc_runtime_System_extendFxn__C                                   
000087d8  xdc_runtime_System_maxAtexitHandlers__C                           
000087dc  xdc_runtime_Text_charTab__C                                       
000087e0  xdc_runtime_Text_nameEmpty__C                                     
000087e4  xdc_runtime_Text_nameStatic__C                                    
000087e8  xdc_runtime_Text_nameUnknown__C                                   
000087ec  xdc_runtime_Text_nodeTab__C                                       
000087f0  xdc_runtime_Text_visitRopeFxn__C                                  
000087f4  ti_sysbios_family_arm_m3_Hwi_Module__id__C                        
000087f6  ti_sysbios_gates_GateMutex_Module__id__C                          
000087f8  ti_sysbios_hal_Hwi_Module__id__C                                  
000087fa  ti_sysbios_heaps_HeapMem_Module__id__C                            
000087fc  ti_sysbios_knl_Clock_Module__id__C                                
000087fe  ti_sysbios_knl_Semaphore_Module__id__C                            
00008800  ti_sysbios_knl_Task_Module__id__C                                 
00008802  xdc_runtime_Core_Module__id__C                                    
00008804  xdc_runtime_Error_Module__loggerDefined__C                        
00008806  xdc_runtime_Error_maxDepth__C                                     
00008808  xdc_runtime_Memory_Module__id__C                                  
0000880a  xdc_runtime_SysMin_flushAtExit__C                                 
0000880c  xdc_runtime_Text_charCnt__C                                       
0000880e  xdc_runtime_Text_isLoaded__C                                      
00008810  xdc_runtime_Text_registryModsLastId__C                            
00008812  xdc_runtime_Text_unnamedModsLastId__C                             
00008818  __TI_static_base__                                                
000089ec  __TI_Handler_Table_Base                                           
000089f8  __TI_Handler_Table_Limit                                          
00008a08  __TI_CINIT_Base                                                   
00008a20  __TI_CINIT_Limit                                                  
20000000  ti_sysbios_family_arm_m3_Hwi_ramVectors                           
20000360  ti_sysbios_heaps_HeapMem_Instance_State_0_buf__A                  
20000760  ti_sysbios_family_arm_m3_Hwi_dispatchTable                        
20000ac0  task0Stack                                                        
20000dc0  task1Stack                                                        
200010c0  task2Stack                                                        
200013c0  task3Stack                                                        
200016c0  ti_sysbios_knl_Task_Instance_State_0_stack__A                     
200018c0  __CIOBUF_                                                         
200019e0  uartTivaObjects                                                   
20001b3c  xdc_runtime_SysMin_Module_State_0_outbuf__A                       
20001bbc  task0Struct                                                       
20001c0c  task1Struct                                                       
20001c5c  task2Struct                                                       
20001cac  uartTivaRingBuffer                                                
20001cd8  ti_sysbios_knl_Swi_Module_State_0_readyQ__A                       
20001d58  ti_sysbios_knl_Task_Module_State_0_readyQ__A                      
20001dd8  ti_sysbios_knl_Task_Object__table__V                              
20001e24  ti_sysbios_knl_Task_Module__state__V                              
20001e68  ti_sysbios_family_arm_lm4_Timer_Object__table__V                  
20001ea8  ti_sysbios_gates_GateMutex_Object__table__V                       
20001ee0  ti_sysbios_family_arm_m3_Hwi_Module__state__V                     
20001f14  ti_sysbios_family_arm_lm4_Timer_Module_State_0_device__A          
20001f44  ti_sysbios_knl_Swi_Object__table__V                               
20001f74  ti_sysbios_knl_Clock_Module__state__V                             
20001fa0  ti_sysbios_BIOS_Module__state__V                                  
20001fc4  ti_sysbios_knl_Swi_Module__state__V                               
20001fe0  ti_sysbios_family_arm_lm4_Timer_Module_State_0_handles__A         
20001ff8  ti_sysbios_family_arm_m3_Hwi_Object__table__V                     
20002010  ti_sysbios_heaps_HeapMem_Object__table__V                         
20002028  gpioPinConfigs                                                    
2000203c  __TI_cleanup_ptr                                                  
20002040  __TI_dtors_ptr                                                    
20002044  __TI_enable_exit_profile_output                                   
20002048  ti_sysbios_family_arm_lm4_Timer_Module__state__V                  
20002054  xdc_runtime_SysMin_Module__state__V                               
20002060  _lock                                                             
20002064  _unlock                                                           
20002068  gpioCallbackFunctions                                             
20002070  ti_sysbios_family_arm_m3_Hwi_Module__root__V                      
20002078  ti_sysbios_gates_GateHwi_Module__root__V                          
20002080  ti_sysbios_gates_GateMutex_Module__root__V                        
20002088  ti_sysbios_heaps_HeapMem_Module__root__V                          
20002090  ti_sysbios_knl_Clock_Module__root__V                              
20002098  ti_sysbios_knl_Queue_Module__root__V                              
200020a0  ti_sysbios_knl_Semaphore_Module__root__V                          
200020a8  ti_sysbios_knl_Task_Module__root__V                               
200020b0  xdc_runtime_Registry_Module__state__V                             
200020b8  xdc_runtime_Startup_Module__state__V                              
200020c0  xdc_runtime_System_Module_State_0_atexitHandlers__A               
200020c8  xdc_runtime_System_Module__state__V                               
200020d6  ti_sysbios_family_arm_m3_Hwi_Module_State_0_excActive__A          
200020dc  main_func_sp                                                      
200020e0  ti_sysbios_family_arm_m3_Hwi_Module_State_0_excContext__A         
200020e4  ti_sysbios_family_arm_m3_Hwi_Module_State_0_excStack__A           
200020e8  ti_sysbios_gates_GateHwi_Object__table__V                         
200020ec  ti_sysbios_knl_Task_Module_State_0_idleTask__A                    
200020f0  xdc_runtime_Memory_Module__state__V                               
200020f4  xdc_runtime_Error_Module__state__V                                
200020f8  __stack                                                           
200023f8  __STACK_END                                                       
e000e000  ti_sysbios_family_arm_m3_Hwi_nvic                                 
ffffffff  __TI_pprof_out_hndl                                               
ffffffff  __TI_prof_data_size                                               
ffffffff  __TI_prof_data_start                                              
ffffffff  __binit__                                                         
ffffffff  __c_args__                                                        
ffffffff  binit                                                             
UNDEFED   SHT$$INIT_ARRAY$$Base                                             
UNDEFED   SHT$$INIT_ARRAY$$Limit                                            
UNDEFED   ti_sysbios_knl_Mailbox_Params__init__S                            
UNDEFED   ti_sysbios_knl_Mailbox_construct                                  
UNDEFED   ti_sysbios_knl_Mailbox_post__E                                    

[623 symbols]
