******************************************************************************
                  TI ARM Linker PC v16.9.1                     
******************************************************************************
>> Linked Thu Jun 15 11:43:00 2017

OUTPUT FILE NAME:   <project0.out>
ENTRY POINT SYMBOL: "_c_int00"  address: 00000661


MEMORY CONFIGURATION

         name            origin    length      used     unused   attr    fill
----------------------  --------  ---------  --------  --------  ----  --------
  FLASH                 00000000   00040000  0000087e  0003f782  R  X
  SRAM                  20000000   00008000  00000118  00007ee8  RW X


SEGMENT ALLOCATION MAP

run origin  load origin   length   init length attrs members
----------  ----------- ---------- ----------- ----- -------
00000000    00000000    00000884   00000884    r-x
  00000000    00000000    0000026c   0000026c    r-- .intvecs
  0000026c    0000026c    000005ee   000005ee    r-x .text
  00000860    00000860    00000024   00000024    r-- .cinit
20000000    20000000    00000118   00000000    rw-
  20000000    20000000    00000100   00000000    rw- .stack
  20000100    20000100    00000018   00000000    rw- .data


SECTION ALLOCATION MAP

 output                                  attributes/
section   page    origin      length       input sections
--------  ----  ----------  ----------   ----------------
.intvecs   0    00000000    0000026c     
                  00000000    0000026c     startup_ccs.obj (.intvecs)

.text      0    0000026c    000005ee     
                  0000026c    00000132     driverlib.lib : gpio.obj (.text:GPIOPadConfigSet)
                  0000039e    00000002     startup_ccs.obj (.text:FaultISR)
                  000003a0    000000f4     driverlib.lib : sysctl.obj (.text:SysCtlClockSet)
                  00000494    0000009c     rtsv7M4_T_le_v4SPD16_eabi.lib : memcpy_t2.obj (.text)
                  00000530    00000070                                   : autoinit.obj (.text)
                  000005a0    00000068                                   : copy_decompress_lzss.obj (.text:decompress:lzss)
                  00000608    00000058     project0.obj (.text:main)
                  00000660    00000054     rtsv7M4_T_le_v4SPD16_eabi.lib : boot.obj (.text)
                  000006b4    00000054                                   : exit.obj (.text)
                  00000708    0000004c                                   : cpy_tbl.obj (.text)
                  00000754    00000038     driverlib.lib : sysctl.obj (.text:SysCtlPeripheralReady)
                  0000078c    00000034                   : sysctl.obj (.text:SysCtlPeripheralEnable)
                  000007c0    0000002a                   : gpio.obj (.text:GPIODirModeSet)
                  000007ea    00000018                   : gpio.obj (.text:GPIOPinTypeGPIOOutput)
                  00000802    00000002     startup_ccs.obj (.text:IntDefaultHandler)
                  00000804    00000018     rtsv7M4_T_le_v4SPD16_eabi.lib : args_main.obj (.text)
                  0000081c    00000014                                   : _lock.obj (.text)
                  00000830    0000000e                                   : copy_decompress_none.obj (.text:decompress:none)
                  0000083e    00000006     driverlib.lib : gpio.obj (.text:GPIOPinWrite)
                  00000844    00000006     startup_ccs.obj (.text:ResetISR)
                  0000084a    00000006     driverlib.lib : sysctl.obj (.text:SysCtlDelay)
                  00000850    00000004     rtsv7M4_T_le_v4SPD16_eabi.lib : pre_init.obj (.text)
                  00000854    00000002     startup_ccs.obj (.text:NmiSR)
                  00000856    00000002     rtsv7M4_T_le_v4SPD16_eabi.lib : mpu_init.obj (.text)
                  00000858    00000002                                   : startup.obj (.text)

.cinit     0    00000860    00000024     
                  00000860    00000011     (.cinit..data.load) [load image, compression = lzss]
                  00000871    00000003     --HOLE-- [fill = 0]
                  00000874    00000008     (__TI_handler_table)
                  0000087c    00000008     (__TI_cinit_table)

.init_array 
*          0    00000000    00000000     UNINITIALIZED

.stack     0    20000000    00000100     UNINITIALIZED
                  20000000    00000100     --HOLE--

.data      0    20000100    00000018     UNINITIALIZED
                  20000100    0000000c     rtsv7M4_T_le_v4SPD16_eabi.lib : exit.obj (.data:$O1$$)
                  2000010c    00000008                                   : _lock.obj (.data:$O1$$)
                  20000114    00000004                                   : stkdepth_vars.obj (.data)

MODULE SUMMARY

       Module                     code   ro data   rw data
       ------                     ----   -------   -------
    .\
       startup_ccs.obj            12     620       0      
       project0.obj               88     0         0      
    +--+--------------------------+------+---------+---------+
       Total:                     100    620       0      
                                                          
    C:/Users/haffizi/Desktop/TivaWare_C_Series-2.1.3.156/TivaWare_C_Series-2.1.3.156/driverlib/ccs/Debug/driverlib.lib
       gpio.obj                   378    0         0      
       sysctl.obj                 358    0         0      
    +--+--------------------------+------+---------+---------+
       Total:                     736    0         0      
                                                          
    C:\ti\ccsv7\tools\compiler\ti-cgt-arm_16.9.1.LTS\lib\rtsv7M4_T_le_v4SPD16_eabi.lib
       memcpy_t2.obj              156    0         0      
       autoinit.obj               112    0         0      
       copy_decompress_lzss.obj   104    0         0      
       exit.obj                   84     0         12     
       boot.obj                   84     0         0      
       cpy_tbl.obj                76     0         0      
       _lock.obj                  20     0         8      
       args_main.obj              24     0         0      
       copy_decompress_none.obj   14     0         0      
       pre_init.obj               4      0         0      
       stkdepth_vars.obj          0      0         4      
       mpu_init.obj               2      0         0      
       startup.obj                2      0         0      
    +--+--------------------------+------+---------+---------+
       Total:                     682    0         24     
                                                          
       Stack:                     0      0         256    
       Linker Generated:          0      33        0      
    +--+--------------------------+------+---------+---------+
       Grand Total:               1518   653       280    


LINKER GENERATED COPY TABLES

__TI_cinit_table @ 0000087c records: 1, size/record: 8, table size: 8
	.data: load addr=00000860, load size=00000011 bytes, run addr=20000100, run size=00000018 bytes, compression=lzss


LINKER GENERATED HANDLER TABLE

__TI_handler_table @ 00000874 records: 2, size/record: 4, table size: 8
	index: 0, handler: __TI_decompress_lzss
	index: 1, handler: __TI_decompress_none


GLOBAL SYMBOLS: SORTED ALPHABETICALLY BY Name 

address   name                           
-------   ----                           
000006b5  C$$EXIT                        
000007c1  GPIODirModeSet                 
0000026d  GPIOPadConfigSet               
000007eb  GPIOPinTypeGPIOOutput          
0000083f  GPIOPinWrite                   
00000845  ResetISR                       
UNDEFED   SHT$$INIT_ARRAY$$Base          
UNDEFED   SHT$$INIT_ARRAY$$Limit         
000003a1  SysCtlClockSet                 
0000084b  SysCtlDelay                    
0000078d  SysCtlPeripheralEnable         
00000755  SysCtlPeripheralReady          
20000100  __STACK_END                    
00000100  __STACK_SIZE                   
20000100  __STACK_TOP                    
0000087c  __TI_CINIT_Base                
00000884  __TI_CINIT_Limit               
00000874  __TI_Handler_Table_Base        
0000087c  __TI_Handler_Table_Limit       
00000531  __TI_auto_init                 
20000100  __TI_cleanup_ptr               
000005a1  __TI_decompress_lzss           
00000831  __TI_decompress_none           
20000104  __TI_dtors_ptr                 
20000108  __TI_enable_exit_profile_output
ffffffff  __TI_pprof_out_hndl            
ffffffff  __TI_prof_data_size            
ffffffff  __TI_prof_data_start           
00000000  __TI_static_base__             
00000495  __aeabi_memcpy                 
00000495  __aeabi_memcpy4                
00000495  __aeabi_memcpy8                
ffffffff  __binit__                      
ffffffff  __c_args__                     
00000857  __mpu_init                     
20000000  __stack                        
00000805  _args_main                     
00000661  _c_int00                       
2000010c  _lock                          
0000082b  _nop                           
00000823  _register_lock                 
0000081d  _register_unlock               
00000859  _system_post_cinit             
00000851  _system_pre_init               
20000110  _unlock                        
000006b9  abort                          
ffffffff  binit                          
00000709  copy_in                        
000006c1  exit                           
00000000  g_pfnVectors                   
00000609  main                           
20000114  main_func_sp                   
00000495  memcpy                         


GLOBAL SYMBOLS: SORTED BY Symbol Address 

address   name                           
-------   ----                           
00000000  __TI_static_base__             
00000000  g_pfnVectors                   
00000100  __STACK_SIZE                   
0000026d  GPIOPadConfigSet               
000003a1  SysCtlClockSet                 
00000495  __aeabi_memcpy                 
00000495  __aeabi_memcpy4                
00000495  __aeabi_memcpy8                
00000495  memcpy                         
00000531  __TI_auto_init                 
000005a1  __TI_decompress_lzss           
00000609  main                           
00000661  _c_int00                       
000006b5  C$$EXIT                        
000006b9  abort                          
000006c1  exit                           
00000709  copy_in                        
00000755  SysCtlPeripheralReady          
0000078d  SysCtlPeripheralEnable         
000007c1  GPIODirModeSet                 
000007eb  GPIOPinTypeGPIOOutput          
00000805  _args_main                     
0000081d  _register_unlock               
00000823  _register_lock                 
0000082b  _nop                           
00000831  __TI_decompress_none           
0000083f  GPIOPinWrite                   
00000845  ResetISR                       
0000084b  SysCtlDelay                    
00000851  _system_pre_init               
00000857  __mpu_init                     
00000859  _system_post_cinit             
00000874  __TI_Handler_Table_Base        
0000087c  __TI_CINIT_Base                
0000087c  __TI_Handler_Table_Limit       
00000884  __TI_CINIT_Limit               
20000000  __stack                        
20000100  __STACK_END                    
20000100  __STACK_TOP                    
20000100  __TI_cleanup_ptr               
20000104  __TI_dtors_ptr                 
20000108  __TI_enable_exit_profile_output
2000010c  _lock                          
20000110  _unlock                        
20000114  main_func_sp                   
ffffffff  __TI_pprof_out_hndl            
ffffffff  __TI_prof_data_size            
ffffffff  __TI_prof_data_start           
ffffffff  __binit__                      
ffffffff  __c_args__                     
ffffffff  binit                          
UNDEFED   SHT$$INIT_ARRAY$$Base          
UNDEFED   SHT$$INIT_ARRAY$$Limit         

[53 symbols]
